Mar 25 14:04:57 aueiei-VirtualBox kernel: imklog 5.8.6, log source = /proc/kmsg started.
Mar 25 14:04:57 aueiei-VirtualBox kernel: [    0.000000] Initializing cgroup subsys cpuset
Mar 25 14:04:57 aueiei-VirtualBox kernel: [    0.000000] Initializing cgroup subsys cpu
Mar 25 14:04:57 aueiei-VirtualBox kernel: [    0.000000] Initializing cgroup subsys cpuacct
Mar 25 14:04:57 aueiei-VirtualBox kernel: [    0.000000] Linux version 3.13.0-32-generic (buildd@phianna) (gcc version 4.6.3 (Ubuntu/Linaro 4.6.3-1ubuntu5) ) #57~precise1-Ubuntu SMP Tue Jul 15 03:51:20 UTC 2014 (Ubuntu 3.13.0-32.57~precise1-generic 3.13.11.4)
Mar 25 14:04:57 aueiei-VirtualBox kernel: [    0.000000] Command line: BOOT_IMAGE=/boot/vmlinuz-3.13.0-32-generic root=UUID=5aec5fa7-8b35-43dc-8693-693a86ea3a60 ro quiet splash vt.handoff=7
Mar 25 14:04:57 aueiei-VirtualBox kernel: [    0.000000] KERNEL supported cpus:
Mar 25 14:04:57 aueiei-VirtualBox kernel: [    0.000000]   Intel GenuineIntel
Mar 25 14:04:57 aueiei-VirtualBox kernel: [    0.000000]   AMD AuthenticAMD
Mar 25 14:04:57 aueiei-VirtualBox kernel: [    0.000000]   Centaur CentaurHauls
Mar 25 14:04:57 aueiei-VirtualBox kernel: [    0.000000] e820: BIOS-provided physical RAM map:
Mar 25 14:04:57 aueiei-VirtualBox kernel: [    0.000000] BIOS-e820: [mem 0x0000000000000000-0x000000000009fbff] usable
Mar 25 14:04:57 aueiei-VirtualBox kernel: [    0.000000] BIOS-e820: [mem 0x000000000009fc00-0x000000000009ffff] reserved
Mar 25 14:04:57 aueiei-VirtualBox kernel: [    0.000000] BIOS-e820: [mem 0x00000000000f0000-0x00000000000fffff] reserved
Mar 25 14:04:57 aueiei-VirtualBox kernel: [    0.000000] BIOS-e820: [mem 0x0000000000100000-0x000000003ffeffff] usable
Mar 25 14:04:57 aueiei-VirtualBox kernel: [    0.000000] BIOS-e820: [mem 0x000000003fff0000-0x000000003fffffff] ACPI data
Mar 25 14:04:57 aueiei-VirtualBox kernel: [    0.000000] BIOS-e820: [mem 0x00000000fffc0000-0x00000000ffffffff] reserved
Mar 25 14:04:57 aueiei-VirtualBox kernel: [    0.000000] NX (Execute Disable) protection: active
Mar 25 14:04:57 aueiei-VirtualBox kernel: [    0.000000] SMBIOS 2.5 present.
Mar 25 14:04:57 aueiei-VirtualBox kernel: [    0.000000] DMI: innotek GmbH VirtualBox/VirtualBox, BIOS VirtualBox 12/01/2006
Mar 25 14:04:57 aueiei-VirtualBox kernel: [    0.000000] Hypervisor detected: KVM
Mar 25 14:04:57 aueiei-VirtualBox kernel: [    0.000000] e820: update [mem 0x00000000-0x00000fff] usable ==> reserved
Mar 25 14:04:57 aueiei-VirtualBox kernel: [    0.000000] e820: remove [mem 0x000a0000-0x000fffff] usable
Mar 25 14:04:57 aueiei-VirtualBox kernel: [    0.000000] No AGP bridge found
Mar 25 14:04:57 aueiei-VirtualBox kernel: [    0.000000] e820: last_pfn = 0x3fff0 max_arch_pfn = 0x400000000
Mar 25 14:04:57 aueiei-VirtualBox kernel: [    0.000000] MTRR default type: uncachable
Mar 25 14:04:57 aueiei-VirtualBox kernel: [    0.000000] MTRR variable ranges disabled:
Mar 25 14:04:57 aueiei-VirtualBox kernel: [    0.000000] x86 PAT enabled: cpu 0, old 0x7040600070406, new 0x7010600070106
Mar 25 14:04:57 aueiei-VirtualBox kernel: [    0.000000] CPU MTRRs all blank - virtualized system.
Mar 25 14:04:57 aueiei-VirtualBox kernel: [    0.000000] found SMP MP-table at [mem 0x0009fff0-0x0009ffff] mapped at [ffff88000009fff0]
Mar 25 14:04:57 aueiei-VirtualBox kernel: [    0.000000] Scanning 1 areas for low memory corruption
Mar 25 14:04:57 aueiei-VirtualBox kernel: [    0.000000] Base memory trampoline at [ffff880000099000] 99000 size 24576
Mar 25 14:04:57 aueiei-VirtualBox kernel: [    0.000000] init_memory_mapping: [mem 0x00000000-0x000fffff]
Mar 25 14:04:57 aueiei-VirtualBox kernel: [    0.000000]  [mem 0x00000000-0x000fffff] page 4k
Mar 25 14:04:57 aueiei-VirtualBox kernel: [    0.000000] BRK [0x01fe3000, 0x01fe3fff] PGTABLE
Mar 25 14:04:57 aueiei-VirtualBox kernel: [    0.000000] BRK [0x01fe4000, 0x01fe4fff] PGTABLE
Mar 25 14:04:57 aueiei-VirtualBox kernel: [    0.000000] BRK [0x01fe5000, 0x01fe5fff] PGTABLE
Mar 25 14:04:57 aueiei-VirtualBox kernel: [    0.000000] init_memory_mapping: [mem 0x3fc00000-0x3fdfffff]
Mar 25 14:04:57 aueiei-VirtualBox kernel: [    0.000000]  [mem 0x3fc00000-0x3fdfffff] page 2M
Mar 25 14:04:57 aueiei-VirtualBox kernel: [    0.000000] init_memory_mapping: [mem 0x3c000000-0x3fbfffff]
Mar 25 14:04:57 aueiei-VirtualBox kernel: [    0.000000]  [mem 0x3c000000-0x3fbfffff] page 2M
Mar 25 14:04:57 aueiei-VirtualBox kernel: [    0.000000] init_memory_mapping: [mem 0x00100000-0x3bffffff]
Mar 25 14:04:57 aueiei-VirtualBox kernel: [    0.000000]  [mem 0x00100000-0x001fffff] page 4k
Mar 25 14:04:57 aueiei-VirtualBox kernel: [    0.000000]  [mem 0x00200000-0x3bffffff] page 2M
Mar 25 14:04:57 aueiei-VirtualBox kernel: [    0.000000] init_memory_mapping: [mem 0x3fe00000-0x3ffeffff]
Mar 25 14:04:57 aueiei-VirtualBox kernel: [    0.000000]  [mem 0x3fe00000-0x3ffeffff] page 4k
Mar 25 14:04:57 aueiei-VirtualBox kernel: [    0.000000] BRK [0x01fe6000, 0x01fe6fff] PGTABLE
Mar 25 14:04:57 aueiei-VirtualBox kernel: [    0.000000] RAMDISK: [mem 0x35be8000-0x36debfff]
Mar 25 14:04:57 aueiei-VirtualBox kernel: [    0.000000] ACPI: RSDP 00000000000e0000 000024 (v02 VBOX  )
Mar 25 14:04:57 aueiei-VirtualBox kernel: [    0.000000] ACPI: XSDT 000000003fff0030 00003C (v01 VBOX   VBOXXSDT 00000001 ASL  00000061)
Mar 25 14:04:57 aueiei-VirtualBox kernel: [    0.000000] ACPI: FACP 000000003fff00f0 0000F4 (v04 VBOX   VBOXFACP 00000001 ASL  00000061)
Mar 25 14:04:57 aueiei-VirtualBox kernel: [    0.000000] ACPI: DSDT 000000003fff0470 001E0B (v01 VBOX   VBOXBIOS 00000002 INTL 20100528)
Mar 25 14:04:57 aueiei-VirtualBox kernel: [    0.000000] ACPI: FACS 000000003fff0200 000040
Mar 25 14:04:57 aueiei-VirtualBox kernel: [    0.000000] ACPI: APIC 000000003fff0240 000054 (v02 VBOX   VBOXAPIC 00000001 ASL  00000061)
Mar 25 14:04:57 aueiei-VirtualBox kernel: [    0.000000] ACPI: SSDT 000000003fff02a0 0001CC (v01 VBOX   VBOXCPUT 00000002 INTL 20100528)
Mar 25 14:04:57 aueiei-VirtualBox kernel: [    0.000000] ACPI: Local APIC address 0xfee00000
Mar 25 14:04:57 aueiei-VirtualBox kernel: [    0.000000] No NUMA configuration found
Mar 25 14:04:57 aueiei-VirtualBox kernel: [    0.000000] Faking a node at [mem 0x0000000000000000-0x000000003ffeffff]
Mar 25 14:04:57 aueiei-VirtualBox kernel: [    0.000000] Initmem setup node 0 [mem 0x00000000-0x3ffeffff]
Mar 25 14:04:57 aueiei-VirtualBox kernel: [    0.000000]   NODE_DATA [mem 0x3ffeb000-0x3ffeffff]
Mar 25 14:04:57 aueiei-VirtualBox kernel: [    0.000000] kvm-clock: Using msrs 4b564d01 and 4b564d00
Mar 25 14:04:57 aueiei-VirtualBox kernel: [    0.000000] kvm-clock: cpu 0, msr 0:3ffe7001, boot clock
Mar 25 14:04:57 aueiei-VirtualBox kernel: [    4.771417]  [ffffea0000000000-ffffea0000ffffff] PMD -> [ffff88003e600000-ffff88003f5fffff] on node 0
Mar 25 14:04:57 aueiei-VirtualBox kernel: [    4.771423] Zone ranges:
Mar 25 14:04:57 aueiei-VirtualBox kernel: [    4.771425]   DMA      [mem 0x00001000-0x00ffffff]
Mar 25 14:04:57 aueiei-VirtualBox kernel: [    4.771427]   DMA32    [mem 0x01000000-0xffffffff]
Mar 25 14:04:57 aueiei-VirtualBox kernel: [    4.771428]   Normal   empty
Mar 25 14:04:57 aueiei-VirtualBox kernel: [    4.771429] Movable zone start for each node
Mar 25 14:04:57 aueiei-VirtualBox kernel: [    4.771430] Early memory node ranges
Mar 25 14:04:57 aueiei-VirtualBox kernel: [    4.771431]   node   0: [mem 0x00001000-0x0009efff]
Mar 25 14:04:57 aueiei-VirtualBox kernel: [    4.771433]   node   0: [mem 0x00100000-0x3ffeffff]
Mar 25 14:04:57 aueiei-VirtualBox kernel: [    4.771436] On node 0 totalpages: 262030
Mar 25 14:04:57 aueiei-VirtualBox kernel: [    4.771437]   DMA zone: 64 pages used for memmap
Mar 25 14:04:57 aueiei-VirtualBox kernel: [    4.771438]   DMA zone: 21 pages reserved
Mar 25 14:04:57 aueiei-VirtualBox kernel: [    4.771439]   DMA zone: 3998 pages, LIFO batch:0
Mar 25 14:04:57 aueiei-VirtualBox kernel: [    4.771589]   DMA32 zone: 4032 pages used for memmap
Mar 25 14:04:57 aueiei-VirtualBox kernel: [    4.771590]   DMA32 zone: 258032 pages, LIFO batch:31
Mar 25 14:04:57 aueiei-VirtualBox kernel: [    4.777856] ACPI: PM-Timer IO Port: 0x4008
Mar 25 14:04:57 aueiei-VirtualBox kernel: [    4.777861] ACPI: Local APIC address 0xfee00000
Mar 25 14:04:57 aueiei-VirtualBox kernel: [    4.777870] ACPI: LAPIC (acpi_id[0x00] lapic_id[0x00] enabled)
Mar 25 14:04:57 aueiei-VirtualBox kernel: [    4.777877] ACPI: IOAPIC (id[0x01] address[0xfec00000] gsi_base[0])
Mar 25 14:04:57 aueiei-VirtualBox kernel: [    4.777943] IOAPIC[0]: apic_id 1, version 17, address 0xfec00000, GSI 0-23
Mar 25 14:04:57 aueiei-VirtualBox kernel: [    4.777946] ACPI: INT_SRC_OVR (bus 0 bus_irq 0 global_irq 2 dfl dfl)
Mar 25 14:04:57 aueiei-VirtualBox kernel: [    4.777948] ACPI: INT_SRC_OVR (bus 0 bus_irq 9 global_irq 9 high level)
Mar 25 14:04:57 aueiei-VirtualBox kernel: [    4.777951] ACPI: IRQ0 used by override.
Mar 25 14:04:57 aueiei-VirtualBox kernel: [    4.777952] ACPI: IRQ2 used by override.
Mar 25 14:04:57 aueiei-VirtualBox kernel: [    4.777953] ACPI: IRQ9 used by override.
Mar 25 14:04:57 aueiei-VirtualBox kernel: [    4.777956] Using ACPI (MADT) for SMP configuration information
Mar 25 14:04:57 aueiei-VirtualBox kernel: [    4.777959] smpboot: Allowing 1 CPUs, 0 hotplug CPUs
Mar 25 14:04:57 aueiei-VirtualBox kernel: [    4.777972] nr_irqs_gsi: 40
Mar 25 14:04:57 aueiei-VirtualBox kernel: [    4.777991] PM: Registered nosave memory: [mem 0x0009f000-0x0009ffff]
Mar 25 14:04:57 aueiei-VirtualBox kernel: [    4.778004] PM: Registered nosave memory: [mem 0x000a0000-0x000effff]
Mar 25 14:04:57 aueiei-VirtualBox kernel: [    4.778005] PM: Registered nosave memory: [mem 0x000f0000-0x000fffff]
Mar 25 14:04:57 aueiei-VirtualBox kernel: [    4.778008] e820: [mem 0x40000000-0xfffbffff] available for PCI devices
Mar 25 14:04:57 aueiei-VirtualBox kernel: [    4.778009] Booting paravirtualized kernel on KVM
Mar 25 14:04:57 aueiei-VirtualBox kernel: [    4.778016] setup_percpu: NR_CPUS:256 nr_cpumask_bits:256 nr_cpu_ids:1 nr_node_ids:1
Mar 25 14:04:57 aueiei-VirtualBox kernel: [    4.779027] PERCPU: Embedded 29 pages/cpu @ffff88003fc00000 s86336 r8192 d24256 u2097152
Mar 25 14:04:57 aueiei-VirtualBox kernel: [    4.779035] pcpu-alloc: s86336 r8192 d24256 u2097152 alloc=1*2097152
Mar 25 14:04:57 aueiei-VirtualBox kernel: [    4.779037] pcpu-alloc: [0] 0 
Mar 25 14:04:57 aueiei-VirtualBox kernel: [    4.779105] kvm-clock: cpu 0, msr 0:3ffe7001, primary cpu clock
Mar 25 14:04:57 aueiei-VirtualBox kernel: [    4.779116] Built 1 zonelists in Node order, mobility grouping on.  Total pages: 257913
Mar 25 14:04:57 aueiei-VirtualBox kernel: [    4.779117] Policy zone: DMA32
Mar 25 14:04:57 aueiei-VirtualBox kernel: [    4.779119] Kernel command line: BOOT_IMAGE=/boot/vmlinuz-3.13.0-32-generic root=UUID=5aec5fa7-8b35-43dc-8693-693a86ea3a60 ro quiet splash vt.handoff=7
Mar 25 14:04:57 aueiei-VirtualBox kernel: [    4.781968] PID hash table entries: 4096 (order: 3, 32768 bytes)
Mar 25 14:04:57 aueiei-VirtualBox kernel: [    4.782009] xsave: enabled xstate_bv 0x7, cntxt size 0x340
Mar 25 14:04:57 aueiei-VirtualBox kernel: [    4.782014] Checking aperture...
Mar 25 14:04:57 aueiei-VirtualBox kernel: [    4.806003] No AGP bridge found
Mar 25 14:04:57 aueiei-VirtualBox kernel: [    4.806206] Calgary: detecting Calgary via BIOS EBDA area
Mar 25 14:04:57 aueiei-VirtualBox kernel: [    4.806207] Calgary: Unable to locate Rio Grande table in EBDA - bailing!
Mar 25 14:04:57 aueiei-VirtualBox kernel: [    4.810607] Memory: 996508K/1048120K available (7602K kernel code, 1137K rwdata, 3484K rodata, 1356K init, 1440K bss, 51612K reserved)
Mar 25 14:04:57 aueiei-VirtualBox kernel: [    4.812025] SLUB: HWalign=64, Order=0-3, MinObjects=0, CPUs=1, Nodes=1
Mar 25 14:04:57 aueiei-VirtualBox kernel: [    4.812040] Hierarchical RCU implementation.
Mar 25 14:04:57 aueiei-VirtualBox kernel: [    4.812042] 	RCU dyntick-idle grace-period acceleration is enabled.
Mar 25 14:04:57 aueiei-VirtualBox kernel: [    4.812043] 	RCU restricting CPUs from NR_CPUS=256 to nr_cpu_ids=1.
Mar 25 14:04:57 aueiei-VirtualBox kernel: [    4.812043] 	Offload RCU callbacks from all CPUs
Mar 25 14:04:57 aueiei-VirtualBox kernel: [    4.812045] 	Offload RCU callbacks from CPUs: 0.
Mar 25 14:04:57 aueiei-VirtualBox kernel: [    4.813067] NR_IRQS:16640 nr_irqs:256 16
Mar 25 14:04:57 aueiei-VirtualBox kernel: [    4.814339] Console: colour dummy device 80x25
Mar 25 14:04:57 aueiei-VirtualBox kernel: [    4.814380] console [tty0] enabled
Mar 25 14:04:57 aueiei-VirtualBox kernel: [    4.817421] allocated 4194304 bytes of page_cgroup
Mar 25 14:04:57 aueiei-VirtualBox kernel: [    4.817423] please try 'cgroup_disable=memory' option if you don't want memory cgroups
Mar 25 14:04:57 aueiei-VirtualBox kernel: [    4.817520] tsc: Detected 2292.552 MHz processor
Mar 25 14:04:57 aueiei-VirtualBox kernel: [    4.817524] Calibrating delay loop (skipped) preset value.. 4585.10 BogoMIPS (lpj=9170208)
Mar 25 14:04:57 aueiei-VirtualBox kernel: [    4.817527] pid_max: default: 32768 minimum: 301
Mar 25 14:04:57 aueiei-VirtualBox kernel: [    4.817545] Security Framework initialized
Mar 25 14:04:57 aueiei-VirtualBox kernel: [    4.817559] AppArmor: AppArmor initialized
Mar 25 14:04:57 aueiei-VirtualBox kernel: [    4.817560] Yama: becoming mindful.
Mar 25 14:04:57 aueiei-VirtualBox kernel: [    4.817662] Dentry cache hash table entries: 131072 (order: 8, 1048576 bytes)
Mar 25 14:04:57 aueiei-VirtualBox kernel: [    4.817839] Inode-cache hash table entries: 65536 (order: 7, 524288 bytes)
Mar 25 14:04:57 aueiei-VirtualBox kernel: [    4.817928] Mount-cache hash table entries: 2048 (order: 2, 16384 bytes)
Mar 25 14:04:57 aueiei-VirtualBox kernel: [    4.817930] Mountpoint-cache hash table entries: 2048 (order: 2, 16384 bytes)
Mar 25 14:04:57 aueiei-VirtualBox kernel: [    4.818120] Initializing cgroup subsys memory
Mar 25 14:04:57 aueiei-VirtualBox kernel: [    4.818125] Initializing cgroup subsys devices
Mar 25 14:04:57 aueiei-VirtualBox kernel: [    4.818127] Initializing cgroup subsys freezer
Mar 25 14:04:57 aueiei-VirtualBox kernel: [    4.818128] Initializing cgroup subsys blkio
Mar 25 14:04:57 aueiei-VirtualBox kernel: [    4.818129] Initializing cgroup subsys perf_event
Mar 25 14:04:57 aueiei-VirtualBox kernel: [    4.818131] Initializing cgroup subsys hugetlb
Mar 25 14:04:57 aueiei-VirtualBox kernel: [    4.818210] CPU: Physical Processor ID: 0
Mar 25 14:04:57 aueiei-VirtualBox kernel: [    4.818228] mce: CPU supports 0 MCE banks
Mar 25 14:04:57 aueiei-VirtualBox kernel: [    4.818259] Last level iTLB entries: 4KB 512, 2MB 0, 4MB 0
Mar 25 14:04:57 aueiei-VirtualBox kernel: [    4.818259] Last level dTLB entries: 4KB 512, 2MB 32, 4MB 32
Mar 25 14:04:57 aueiei-VirtualBox kernel: [    4.818259] tlb_flushall_shift: 5
Mar 25 14:04:57 aueiei-VirtualBox kernel: [    4.842280] Freeing SMP alternatives memory: 32K (ffffffff81e71000 - ffffffff81e79000)
Mar 25 14:04:57 aueiei-VirtualBox kernel: [    4.848012] ACPI: Core revision 20131115
Mar 25 14:04:57 aueiei-VirtualBox kernel: [    4.848702] ACPI: All ACPI Tables successfully acquired
Mar 25 14:04:57 aueiei-VirtualBox kernel: [    4.848748] ftrace: allocating 31443 entries in 123 pages
Mar 25 14:04:57 aueiei-VirtualBox kernel: [    4.905214] ..TIMER: vector=0x30 apic1=0 pin1=2 apic2=-1 pin2=-1
Mar 25 14:04:57 aueiei-VirtualBox kernel: [    4.905218] smpboot: CPU0: Intel(R) Core(TM) i5-2410M CPU @ 2.30GHz (fam: 06, model: 2a, stepping: 07)
Mar 25 14:04:57 aueiei-VirtualBox kernel: [    5.009551] Performance Events: unsupported p6 CPU model 42 no PMU driver, software events only.
Mar 25 14:04:57 aueiei-VirtualBox kernel: [    5.021627] KVM setup paravirtual spinlock
Mar 25 14:04:57 aueiei-VirtualBox kernel: [    5.023210] x86: Booted up 1 node, 1 CPUs
Mar 25 14:04:57 aueiei-VirtualBox kernel: [    5.023214] smpboot: Total of 1 processors activated (4585.10 BogoMIPS)
Mar 25 14:04:57 aueiei-VirtualBox kernel: [    5.023666] NMI watchdog: disabled (cpu0): hardware events not enabled
Mar 25 14:04:57 aueiei-VirtualBox kernel: [    5.023755] devtmpfs: initialized
Mar 25 14:04:57 aueiei-VirtualBox kernel: [    5.027831] EVM: security.selinux
Mar 25 14:04:57 aueiei-VirtualBox kernel: [    5.027834] EVM: security.SMACK64
Mar 25 14:04:57 aueiei-VirtualBox kernel: [    5.027835] EVM: security.ima
Mar 25 14:04:57 aueiei-VirtualBox kernel: [    5.027835] EVM: security.capability
Mar 25 14:04:57 aueiei-VirtualBox kernel: [    5.028537] pinctrl core: initialized pinctrl subsystem
Mar 25 14:04:57 aueiei-VirtualBox kernel: [    5.028590] regulator-dummy: no parameters
Mar 25 14:04:57 aueiei-VirtualBox kernel: [    5.028627] RTC time:  7:04:51, date: 03/25/16
Mar 25 14:04:57 aueiei-VirtualBox kernel: [    5.028657] NET: Registered protocol family 16
Mar 25 14:04:57 aueiei-VirtualBox kernel: [    5.028747] cpuidle: using governor ladder
Mar 25 14:04:57 aueiei-VirtualBox kernel: [    5.028749] cpuidle: using governor menu
Mar 25 14:04:57 aueiei-VirtualBox kernel: [    5.028780] ACPI: bus type PCI registered
Mar 25 14:04:57 aueiei-VirtualBox kernel: [    5.028782] acpiphp: ACPI Hot Plug PCI Controller Driver version: 0.5
Mar 25 14:04:57 aueiei-VirtualBox kernel: [    5.028873] PCI: Using configuration type 1 for base access
Mar 25 14:04:57 aueiei-VirtualBox kernel: [    5.029554] bio: create slab <bio-0> at 0
Mar 25 14:04:57 aueiei-VirtualBox kernel: [    5.029706] ACPI: Added _OSI(Module Device)
Mar 25 14:04:57 aueiei-VirtualBox kernel: [    5.029708] ACPI: Added _OSI(Processor Device)
Mar 25 14:04:57 aueiei-VirtualBox kernel: [    5.029709] ACPI: Added _OSI(3.0 _SCP Extensions)
Mar 25 14:04:57 aueiei-VirtualBox kernel: [    5.029710] ACPI: Added _OSI(Processor Aggregator Device)
Mar 25 14:04:57 aueiei-VirtualBox kernel: [    5.030321] ACPI: Executed 1 blocks of module-level executable AML code
Mar 25 14:04:57 aueiei-VirtualBox kernel: [    5.032022] ACPI: Interpreter enabled
Mar 25 14:04:57 aueiei-VirtualBox kernel: [    5.032027] ACPI Exception: AE_NOT_FOUND, While evaluating Sleep State [\_S1_] (20131115/hwxface-580)
Mar 25 14:04:57 aueiei-VirtualBox kernel: [    5.032030] ACPI Exception: AE_NOT_FOUND, While evaluating Sleep State [\_S2_] (20131115/hwxface-580)
Mar 25 14:04:57 aueiei-VirtualBox kernel: [    5.032032] ACPI Exception: AE_NOT_FOUND, While evaluating Sleep State [\_S3_] (20131115/hwxface-580)
Mar 25 14:04:57 aueiei-VirtualBox kernel: [    5.032035] ACPI Exception: AE_NOT_FOUND, While evaluating Sleep State [\_S4_] (20131115/hwxface-580)
Mar 25 14:04:57 aueiei-VirtualBox kernel: [    5.032039] ACPI: (supports S0 S5)
Mar 25 14:04:57 aueiei-VirtualBox kernel: [    5.032040] ACPI: Using IOAPIC for interrupt routing
Mar 25 14:04:57 aueiei-VirtualBox kernel: [    5.032209] PCI: Ignoring host bridge windows from ACPI; if necessary, use "pci=use_crs" and report a bug
Mar 25 14:04:57 aueiei-VirtualBox kernel: [    5.032247] ACPI: No dock devices found.
Mar 25 14:04:57 aueiei-VirtualBox kernel: [    5.034691] ACPI: PCI Root Bridge [PCI0] (domain 0000 [bus 00-ff])
Mar 25 14:04:57 aueiei-VirtualBox kernel: [    5.034696] acpi PNP0A03:00: _OSC: OS supports [ASPM ClockPM Segments MSI]
Mar 25 14:04:57 aueiei-VirtualBox kernel: [    5.034700] acpi PNP0A03:00: _OSC failed (AE_NOT_FOUND); disabling ASPM
Mar 25 14:04:57 aueiei-VirtualBox kernel: [    5.034781] acpi PNP0A03:00: host bridge window [io  0x0000-0x0cf7] (ignored)
Mar 25 14:04:57 aueiei-VirtualBox kernel: [    5.034782] acpi PNP0A03:00: host bridge window [io  0x0d00-0xffff] (ignored)
Mar 25 14:04:57 aueiei-VirtualBox kernel: [    5.034784] acpi PNP0A03:00: host bridge window [mem 0x000a0000-0x000bffff] (ignored)
Mar 25 14:04:57 aueiei-VirtualBox kernel: [    5.034786] acpi PNP0A03:00: host bridge window [mem 0x40000000-0xffdfffff] (ignored)
Mar 25 14:04:57 aueiei-VirtualBox kernel: [    5.034787] PCI: root bus 00: using default resources
Mar 25 14:04:57 aueiei-VirtualBox kernel: [    5.034789] acpi PNP0A03:00: fail to add MMCONFIG information, can't access extended PCI configuration space under this bridge.
Mar 25 14:04:57 aueiei-VirtualBox kernel: [    5.035043] PCI host bridge to bus 0000:00
Mar 25 14:04:57 aueiei-VirtualBox kernel: [    5.035046] pci_bus 0000:00: root bus resource [bus 00-ff]
Mar 25 14:04:57 aueiei-VirtualBox kernel: [    5.035048] pci_bus 0000:00: root bus resource [io  0x0000-0xffff]
Mar 25 14:04:57 aueiei-VirtualBox kernel: [    5.035049] pci_bus 0000:00: root bus resource [mem 0x00000000-0xfffffffff]
Mar 25 14:04:57 aueiei-VirtualBox kernel: [    5.035097] pci 0000:00:00.0: [8086:1237] type 00 class 0x060000
Mar 25 14:04:57 aueiei-VirtualBox kernel: [    5.035707] pci 0000:00:01.0: [8086:7000] type 00 class 0x060100
Mar 25 14:04:57 aueiei-VirtualBox kernel: [    5.036483] pci 0000:00:01.1: [8086:7111] type 00 class 0x01018a
Mar 25 14:04:57 aueiei-VirtualBox kernel: [    5.036924] pci 0000:00:01.1: reg 0x20: [io  0xd000-0xd00f]
Mar 25 14:04:57 aueiei-VirtualBox kernel: [    5.037519] pci 0000:00:02.0: [80ee:beef] type 00 class 0x030000
Mar 25 14:04:57 aueiei-VirtualBox kernel: [    5.038981] pci 0000:00:02.0: reg 0x10: [mem 0xe0000000-0xe0ffffff pref]
Mar 25 14:04:57 aueiei-VirtualBox kernel: [    5.047381] pci 0000:00:03.0: [8086:100e] type 00 class 0x020000
Mar 25 14:04:57 aueiei-VirtualBox kernel: [    5.048522] pci 0000:00:03.0: reg 0x10: [mem 0xf0000000-0xf001ffff]
Mar 25 14:04:57 aueiei-VirtualBox kernel: [    5.050722] pci 0000:00:03.0: reg 0x18: [io  0xd010-0xd017]
Mar 25 14:04:57 aueiei-VirtualBox kernel: [    5.055443] pci 0000:00:04.0: [80ee:cafe] type 00 class 0x088000
Mar 25 14:04:57 aueiei-VirtualBox kernel: [    5.056654] pci 0000:00:04.0: reg 0x10: [io  0xd020-0xd03f]
Mar 25 14:04:57 aueiei-VirtualBox kernel: [    5.057801] pci 0000:00:04.0: reg 0x14: [mem 0xf0400000-0xf07fffff]
Mar 25 14:04:57 aueiei-VirtualBox kernel: [    5.058893] pci 0000:00:04.0: reg 0x18: [mem 0xf0800000-0xf0803fff pref]
Mar 25 14:04:57 aueiei-VirtualBox kernel: [    5.063284] pci 0000:00:05.0: [8086:2415] type 00 class 0x040100
Mar 25 14:04:57 aueiei-VirtualBox kernel: [    5.063424] pci 0000:00:05.0: reg 0x10: [io  0xd100-0xd1ff]
Mar 25 14:04:57 aueiei-VirtualBox kernel: [    5.063511] pci 0000:00:05.0: reg 0x14: [io  0xd200-0xd23f]
Mar 25 14:04:57 aueiei-VirtualBox kernel: [    5.064166] pci 0000:00:06.0: [106b:003f] type 00 class 0x0c0310
Mar 25 14:04:57 aueiei-VirtualBox kernel: [    5.065316] pci 0000:00:06.0: reg 0x10: [mem 0xf0804000-0xf0804fff]
Mar 25 14:04:57 aueiei-VirtualBox kernel: [    5.071860] pci 0000:00:07.0: [8086:7113] type 00 class 0x068000
Mar 25 14:04:57 aueiei-VirtualBox kernel: [    5.072819] pci 0000:00:0d.0: [8086:2829] type 00 class 0x010601
Mar 25 14:04:57 aueiei-VirtualBox kernel: [    5.073996] pci 0000:00:0d.0: reg 0x10: [io  0xd240-0xd247]
Mar 25 14:04:57 aueiei-VirtualBox kernel: [    5.076015] pci 0000:00:0d.0: reg 0x18: [io  0xd250-0xd257]
Mar 25 14:04:57 aueiei-VirtualBox kernel: [    5.078166] pci 0000:00:0d.0: reg 0x20: [io  0xd260-0xd26f]
Mar 25 14:04:57 aueiei-VirtualBox kernel: [    5.079169] pci 0000:00:0d.0: reg 0x24: [mem 0xf0806000-0xf0807fff]
Mar 25 14:04:57 aueiei-VirtualBox kernel: [    5.081697] ACPI: PCI Interrupt Link [LNKA] (IRQs 5 9 10 *11)
Mar 25 14:04:57 aueiei-VirtualBox kernel: [    5.081904] ACPI: PCI Interrupt Link [LNKB] (IRQs 5 9 10 *11)
Mar 25 14:04:57 aueiei-VirtualBox kernel: [    5.082056] ACPI: PCI Interrupt Link [LNKC] (IRQs 5 9 *10 11)
Mar 25 14:04:57 aueiei-VirtualBox kernel: [    5.082147] ACPI: PCI Interrupt Link [LNKD] (IRQs 5 *9 10 11)
Mar 25 14:04:57 aueiei-VirtualBox kernel: [    5.082290] ACPI: Enabled 2 GPEs in block 00 to 07
Mar 25 14:04:57 aueiei-VirtualBox kernel: [    5.082301] ACPI: \_SB_.PCI0: notify handler is installed
Mar 25 14:04:57 aueiei-VirtualBox kernel: [    5.082310] Found 1 acpi root devices
Mar 25 14:04:57 aueiei-VirtualBox kernel: [    5.082492] vgaarb: device added: PCI:0000:00:02.0,decodes=io+mem,owns=io+mem,locks=none
Mar 25 14:04:57 aueiei-VirtualBox kernel: [    5.082494] vgaarb: loaded
Mar 25 14:04:57 aueiei-VirtualBox kernel: [    5.082495] vgaarb: bridge control possible 0000:00:02.0
Mar 25 14:04:57 aueiei-VirtualBox kernel: [    5.082669] SCSI subsystem initialized
Mar 25 14:04:57 aueiei-VirtualBox kernel: [    5.082731] libata version 3.00 loaded.
Mar 25 14:04:57 aueiei-VirtualBox kernel: [    5.082754] ACPI: bus type USB registered
Mar 25 14:04:57 aueiei-VirtualBox kernel: [    5.082777] usbcore: registered new interface driver usbfs
Mar 25 14:04:57 aueiei-VirtualBox kernel: [    5.082784] usbcore: registered new interface driver hub
Mar 25 14:04:57 aueiei-VirtualBox kernel: [    5.082808] usbcore: registered new device driver usb
Mar 25 14:04:57 aueiei-VirtualBox kernel: [    5.082913] PCI: Using ACPI for IRQ routing
Mar 25 14:04:57 aueiei-VirtualBox kernel: [    5.082915] PCI: pci_cache_line_size set to 64 bytes
Mar 25 14:04:57 aueiei-VirtualBox kernel: [    5.083164] e820: reserve RAM buffer [mem 0x0009fc00-0x0009ffff]
Mar 25 14:04:57 aueiei-VirtualBox kernel: [    5.083171] e820: reserve RAM buffer [mem 0x3fff0000-0x3fffffff]
Mar 25 14:04:57 aueiei-VirtualBox kernel: [    5.083262] NetLabel: Initializing
Mar 25 14:04:57 aueiei-VirtualBox kernel: [    5.083263] NetLabel:  domain hash size = 128
Mar 25 14:04:57 aueiei-VirtualBox kernel: [    5.083264] NetLabel:  protocols = UNLABELED CIPSOv4
Mar 25 14:04:57 aueiei-VirtualBox kernel: [    5.083278] NetLabel:  unlabeled traffic allowed by default
Mar 25 14:04:57 aueiei-VirtualBox kernel: [    5.083379] Switched to clocksource kvm-clock
Mar 25 14:04:57 aueiei-VirtualBox kernel: [    5.093628] AppArmor: AppArmor Filesystem Enabled
Mar 25 14:04:57 aueiei-VirtualBox kernel: [    5.093679] pnp: PnP ACPI init
Mar 25 14:04:57 aueiei-VirtualBox kernel: [    5.093697] ACPI: bus type PNP registered
Mar 25 14:04:57 aueiei-VirtualBox kernel: [    5.093783] pnp 00:00: Plug and Play ACPI device, IDs PNP0303 (active)
Mar 25 14:04:57 aueiei-VirtualBox kernel: [    5.093792] pnp 00:01: [dma 4]
Mar 25 14:04:57 aueiei-VirtualBox kernel: [    5.093806] pnp 00:01: Plug and Play ACPI device, IDs PNP0200 (active)
Mar 25 14:04:57 aueiei-VirtualBox kernel: [    5.093895] pnp 00:02: Plug and Play ACPI device, IDs PNP0f03 (active)
Mar 25 14:04:57 aueiei-VirtualBox kernel: [    5.094561] pnp: PnP ACPI: found 3 devices
Mar 25 14:04:57 aueiei-VirtualBox kernel: [    5.094563] ACPI: bus type PNP unregistered
Mar 25 14:04:57 aueiei-VirtualBox kernel: [    5.101753] pci_bus 0000:00: resource 4 [io  0x0000-0xffff]
Mar 25 14:04:57 aueiei-VirtualBox kernel: [    5.101756] pci_bus 0000:00: resource 5 [mem 0x00000000-0xfffffffff]
Mar 25 14:04:57 aueiei-VirtualBox kernel: [    5.101793] NET: Registered protocol family 2
Mar 25 14:04:57 aueiei-VirtualBox kernel: [    5.101961] TCP established hash table entries: 8192 (order: 4, 65536 bytes)
Mar 25 14:04:57 aueiei-VirtualBox kernel: [    5.101982] TCP bind hash table entries: 8192 (order: 5, 131072 bytes)
Mar 25 14:04:57 aueiei-VirtualBox kernel: [    5.102000] TCP: Hash tables configured (established 8192 bind 8192)
Mar 25 14:04:57 aueiei-VirtualBox kernel: [    5.102024] TCP: reno registered
Mar 25 14:04:57 aueiei-VirtualBox kernel: [    5.102028] UDP hash table entries: 512 (order: 2, 16384 bytes)
Mar 25 14:04:57 aueiei-VirtualBox kernel: [    5.102035] UDP-Lite hash table entries: 512 (order: 2, 16384 bytes)
Mar 25 14:04:57 aueiei-VirtualBox kernel: [    5.102078] NET: Registered protocol family 1
Mar 25 14:04:57 aueiei-VirtualBox kernel: [    5.102088] pci 0000:00:00.0: Limiting direct PCI/PCI transfers
Mar 25 14:04:57 aueiei-VirtualBox kernel: [    5.102130] pci 0000:00:01.0: Activating ISA DMA hang workarounds
Mar 25 14:04:57 aueiei-VirtualBox kernel: [    5.102172] pci 0000:00:02.0: Boot video device
Mar 25 14:04:57 aueiei-VirtualBox kernel: [    5.103481] PCI: CLS 0 bytes, default 64
Mar 25 14:04:57 aueiei-VirtualBox kernel: [    5.103571] Trying to unpack rootfs image as initramfs...
Mar 25 14:04:57 aueiei-VirtualBox kernel: [    5.470688] Freeing initrd memory: 18448K (ffff880035be8000 - ffff880036dec000)
Mar 25 14:04:57 aueiei-VirtualBox kernel: [    5.470856] platform rtc_cmos: registered platform RTC device (no PNP device found)
Mar 25 14:04:57 aueiei-VirtualBox kernel: [    5.470924] microcode: CPU0 sig=0x206a7, pf=0x10, revision=0x0
Mar 25 14:04:57 aueiei-VirtualBox kernel: [    5.470973] microcode: Microcode Update Driver: v2.00 <tigran@aivazian.fsnet.co.uk>, Peter Oruba
Mar 25 14:04:57 aueiei-VirtualBox kernel: [    5.470975] Scanning for low memory corruption every 60 seconds
Mar 25 14:04:57 aueiei-VirtualBox kernel: [    5.471216] Initialise system trusted keyring
Mar 25 14:04:57 aueiei-VirtualBox kernel: [    5.471260] audit: initializing netlink socket (disabled)
Mar 25 14:04:57 aueiei-VirtualBox kernel: [    5.471272] type=2000 audit(1458889497.369:1): initialized
Mar 25 14:04:57 aueiei-VirtualBox kernel: [    5.502944] HugeTLB registered 2 MB page size, pre-allocated 0 pages
Mar 25 14:04:57 aueiei-VirtualBox kernel: [    5.504427] zbud: loaded
Mar 25 14:04:57 aueiei-VirtualBox kernel: [    5.504566] VFS: Disk quotas dquot_6.5.2
Mar 25 14:04:57 aueiei-VirtualBox kernel: [    5.504609] Dquot-cache hash table entries: 512 (order 0, 4096 bytes)
Mar 25 14:04:57 aueiei-VirtualBox kernel: [    5.505158] fuse init (API version 7.22)
Mar 25 14:04:57 aueiei-VirtualBox kernel: [    5.505226] msgmni has been set to 1982
Mar 25 14:04:57 aueiei-VirtualBox kernel: [    5.505284] Key type big_key registered
Mar 25 14:04:57 aueiei-VirtualBox kernel: [    5.505571] Key type asymmetric registered
Mar 25 14:04:57 aueiei-VirtualBox kernel: [    5.505581] Asymmetric key parser 'x509' registered
Mar 25 14:04:57 aueiei-VirtualBox kernel: [    5.505717] Block layer SCSI generic (bsg) driver version 0.4 loaded (major 252)
Mar 25 14:04:57 aueiei-VirtualBox kernel: [    5.505762] io scheduler noop registered
Mar 25 14:04:57 aueiei-VirtualBox kernel: [    5.505764] io scheduler deadline registered (default)
Mar 25 14:04:57 aueiei-VirtualBox kernel: [    5.505788] io scheduler cfq registered
Mar 25 14:04:57 aueiei-VirtualBox kernel: [    5.505863] pci_hotplug: PCI Hot Plug PCI Core version: 0.5
Mar 25 14:04:57 aueiei-VirtualBox kernel: [    5.505878] pciehp: PCI Express Hot Plug Controller Driver version: 0.4
Mar 25 14:04:57 aueiei-VirtualBox kernel: [    5.505918] vesafb: mode is 640x480x32, linelength=2560, pages=0
Mar 25 14:04:57 aueiei-VirtualBox kernel: [    5.505919] vesafb: scrolling: redraw
Mar 25 14:04:57 aueiei-VirtualBox kernel: [    5.505921] vesafb: Truecolor: size=8:8:8:8, shift=24:16:8:0
Mar 25 14:04:57 aueiei-VirtualBox kernel: [    5.506001] vesafb: framebuffer at 0xe0000000, mapped to 0xffffc90000200000, using 1216k, total 1216k
Mar 25 14:04:57 aueiei-VirtualBox kernel: [    5.508045] Console: switching to colour frame buffer device 80x30
Mar 25 14:04:57 aueiei-VirtualBox kernel: [    5.508733] fb0: VESA VGA frame buffer device
Mar 25 14:04:57 aueiei-VirtualBox kernel: [    5.508804] ipmi message handler version 39.2
Mar 25 14:04:57 aueiei-VirtualBox kernel: [    5.508986] ACPI: AC Adapter [AC] (on-line)
Mar 25 14:04:57 aueiei-VirtualBox kernel: [    5.509151] input: Power Button as /devices/LNXSYSTM:00/LNXPWRBN:00/input/input0
Mar 25 14:04:57 aueiei-VirtualBox kernel: [    5.509156] ACPI: Power Button [PWRF]
Mar 25 14:04:57 aueiei-VirtualBox kernel: [    5.509243] input: Sleep Button as /devices/LNXSYSTM:00/LNXSLPBN:00/input/input1
Mar 25 14:04:57 aueiei-VirtualBox kernel: [    5.509246] ACPI: Sleep Button [SLPF]
Mar 25 14:04:57 aueiei-VirtualBox kernel: [    5.509621] GHES: HEST is not enabled!
Mar 25 14:04:57 aueiei-VirtualBox kernel: [    5.509897] Serial: 8250/16550 driver, 32 ports, IRQ sharing enabled
Mar 25 14:04:57 aueiei-VirtualBox kernel: [    5.511379] Linux agpgart interface v0.103
Mar 25 14:04:57 aueiei-VirtualBox kernel: [    5.513025] ACPI: Deprecated procfs I/F for battery is loaded, please retry with CONFIG_ACPI_PROCFS_POWER cleared
Mar 25 14:04:57 aueiei-VirtualBox kernel: [    5.513031] ACPI: Battery Slot [BAT0] (battery present)
Mar 25 14:04:57 aueiei-VirtualBox kernel: [    5.514018] brd: module loaded
Mar 25 14:04:57 aueiei-VirtualBox kernel: [    5.514679] loop: module loaded
Mar 25 14:04:57 aueiei-VirtualBox kernel: [    5.514797] ata_piix 0000:00:01.1: version 2.13
Mar 25 14:04:57 aueiei-VirtualBox kernel: [    5.515354] scsi0 : ata_piix
Mar 25 14:04:57 aueiei-VirtualBox kernel: [    5.515431] scsi1 : ata_piix
Mar 25 14:04:57 aueiei-VirtualBox kernel: [    5.515456] ata1: PATA max UDMA/33 cmd 0x1f0 ctl 0x3f6 bmdma 0xd000 irq 14
Mar 25 14:04:57 aueiei-VirtualBox kernel: [    5.515458] ata2: PATA max UDMA/33 cmd 0x170 ctl 0x376 bmdma 0xd008 irq 15
Mar 25 14:04:57 aueiei-VirtualBox kernel: [    5.515674] libphy: Fixed MDIO Bus: probed
Mar 25 14:04:57 aueiei-VirtualBox kernel: [    5.515746] tun: Universal TUN/TAP device driver, 1.6
Mar 25 14:04:57 aueiei-VirtualBox kernel: [    5.515747] tun: (C) 1999-2004 Max Krasnyansky <maxk@qualcomm.com>
Mar 25 14:04:57 aueiei-VirtualBox kernel: [    5.515813] PPP generic driver version 2.4.2
Mar 25 14:04:57 aueiei-VirtualBox kernel: [    5.515852] ehci_hcd: USB 2.0 'Enhanced' Host Controller (EHCI) Driver
Mar 25 14:04:57 aueiei-VirtualBox kernel: [    5.515858] ehci-pci: EHCI PCI platform driver
Mar 25 14:04:57 aueiei-VirtualBox kernel: [    5.515868] ehci-platform: EHCI generic platform driver
Mar 25 14:04:57 aueiei-VirtualBox kernel: [    5.515876] ohci_hcd: USB 1.1 'Open' Host Controller (OHCI) Driver
Mar 25 14:04:57 aueiei-VirtualBox kernel: [    5.515940] ohci-pci: OHCI PCI platform driver
Mar 25 14:04:57 aueiei-VirtualBox kernel: [    5.516520] ohci-pci 0000:00:06.0: OHCI PCI host controller
Mar 25 14:04:57 aueiei-VirtualBox kernel: [    5.516528] ohci-pci 0000:00:06.0: new USB bus registered, assigned bus number 1
Mar 25 14:04:57 aueiei-VirtualBox kernel: [    5.516608] ohci-pci 0000:00:06.0: irq 22, io mem 0xf0804000
Mar 25 14:04:57 aueiei-VirtualBox kernel: [    5.571748] usb usb1: New USB device found, idVendor=1d6b, idProduct=0001
Mar 25 14:04:57 aueiei-VirtualBox kernel: [    5.571752] usb usb1: New USB device strings: Mfr=3, Product=2, SerialNumber=1
Mar 25 14:04:57 aueiei-VirtualBox kernel: [    5.571754] usb usb1: Product: OHCI PCI host controller
Mar 25 14:04:57 aueiei-VirtualBox kernel: [    5.571755] usb usb1: Manufacturer: Linux 3.13.0-32-generic ohci_hcd
Mar 25 14:04:57 aueiei-VirtualBox kernel: [    5.571757] usb usb1: SerialNumber: 0000:00:06.0
Mar 25 14:04:57 aueiei-VirtualBox kernel: [    5.571912] hub 1-0:1.0: USB hub found
Mar 25 14:04:57 aueiei-VirtualBox kernel: [    5.571931] hub 1-0:1.0: 12 ports detected
Mar 25 14:04:57 aueiei-VirtualBox kernel: [    5.572622] ohci-platform: OHCI generic platform driver
Mar 25 14:04:57 aueiei-VirtualBox kernel: [    5.572649] uhci_hcd: USB Universal Host Controller Interface driver
Mar 25 14:04:57 aueiei-VirtualBox kernel: [    5.572705] i8042: PNP: PS/2 Controller [PNP0303:PS2K,PNP0f03:PS2M] at 0x60,0x64 irq 1,12
Mar 25 14:04:57 aueiei-VirtualBox kernel: [    5.573236] serio: i8042 KBD port at 0x60,0x64 irq 1
Mar 25 14:04:57 aueiei-VirtualBox kernel: [    5.573244] serio: i8042 AUX port at 0x60,0x64 irq 12
Mar 25 14:04:57 aueiei-VirtualBox kernel: [    5.573343] mousedev: PS/2 mouse device common for all mice
Mar 25 14:04:57 aueiei-VirtualBox kernel: [    5.573655] input: AT Translated Set 2 keyboard as /devices/platform/i8042/serio0/input/input2
Mar 25 14:04:57 aueiei-VirtualBox kernel: [    5.574069] rtc_cmos rtc_cmos: rtc core: registered rtc_cmos as rtc0
Mar 25 14:04:57 aueiei-VirtualBox kernel: [    5.574135] rtc_cmos rtc_cmos: alarms up to one day, 114 bytes nvram
Mar 25 14:04:57 aueiei-VirtualBox kernel: [    5.574192] device-mapper: uevent: version 1.0.3
Mar 25 14:04:57 aueiei-VirtualBox kernel: [    5.574237] device-mapper: ioctl: 4.27.0-ioctl (2013-10-30) initialised: dm-devel@redhat.com
Mar 25 14:04:57 aueiei-VirtualBox kernel: [    5.574243] ledtrig-cpu: registered to indicate activity on CPUs
Mar 25 14:04:57 aueiei-VirtualBox kernel: [    5.574333] TCP: cubic registered
Mar 25 14:04:57 aueiei-VirtualBox kernel: [    5.574419] NET: Registered protocol family 10
Mar 25 14:04:57 aueiei-VirtualBox kernel: [    5.574584] NET: Registered protocol family 17
Mar 25 14:04:57 aueiei-VirtualBox kernel: [    5.574595] Key type dns_resolver registered
Mar 25 14:04:57 aueiei-VirtualBox kernel: [    5.574738] Loading compiled-in X.509 certificates
Mar 25 14:04:57 aueiei-VirtualBox kernel: [    5.575683] Loaded X.509 cert 'Magrathea: Glacier signing key: 223a1a1af7ef14be22890f9d1cc63d083fee59bf'
Mar 25 14:04:57 aueiei-VirtualBox kernel: [    5.575704] registered taskstats version 1
Mar 25 14:04:57 aueiei-VirtualBox kernel: [    5.579964] Key type trusted registered
Mar 25 14:04:57 aueiei-VirtualBox kernel: [    5.582235] Key type encrypted registered
Mar 25 14:04:57 aueiei-VirtualBox kernel: [    5.584402] AppArmor: AppArmor sha1 policy hashing enabled
Mar 25 14:04:57 aueiei-VirtualBox kernel: [    5.584406] IMA: No TPM chip found, activating TPM-bypass!
Mar 25 14:04:57 aueiei-VirtualBox kernel: [    5.584816] regulator-dummy: disabling
Mar 25 14:04:57 aueiei-VirtualBox kernel: [    5.584872]   Magic number: 8:114:67
Mar 25 14:04:57 aueiei-VirtualBox kernel: [    5.584966] rtc_cmos rtc_cmos: setting system clock to 2016-03-25 07:04:51 UTC (1458889491)
Mar 25 14:04:57 aueiei-VirtualBox kernel: [    5.585027] BIOS EDD facility v0.16 2004-Jun-25, 0 devices found
Mar 25 14:04:57 aueiei-VirtualBox kernel: [    5.585028] EDD information not available.
Mar 25 14:04:57 aueiei-VirtualBox kernel: [    5.585052] PM: Hibernation image not present or could not be loaded.
Mar 25 14:04:57 aueiei-VirtualBox kernel: [    5.673297] ata2.00: ATAPI: VBOX CD-ROM, 1.0, max UDMA/133
Mar 25 14:04:57 aueiei-VirtualBox kernel: [    5.674328] ata2.00: configured for UDMA/33
Mar 25 14:04:57 aueiei-VirtualBox kernel: [    5.675883] scsi 1:0:0:0: CD-ROM            VBOX     CD-ROM           1.0  PQ: 0 ANSI: 5
Mar 25 14:04:57 aueiei-VirtualBox kernel: [    5.677892] sr0: scsi3-mmc drive: 32x/32x xa/form2 tray
Mar 25 14:04:57 aueiei-VirtualBox kernel: [    5.677902] cdrom: Uniform CD-ROM driver Revision: 3.20
Mar 25 14:04:57 aueiei-VirtualBox kernel: [    5.678154] sr 1:0:0:0: Attached scsi CD-ROM sr0
Mar 25 14:04:57 aueiei-VirtualBox kernel: [    5.678505] sr 1:0:0:0: Attached scsi generic sg0 type 5
Mar 25 14:04:57 aueiei-VirtualBox kernel: [    5.681496] Freeing unused kernel memory: 1356K (ffffffff81d1e000 - ffffffff81e71000)
Mar 25 14:04:57 aueiei-VirtualBox kernel: [    5.681503] Write protecting the kernel read-only data: 12288k
Mar 25 14:04:57 aueiei-VirtualBox kernel: [    5.686013] Freeing unused kernel memory: 580K (ffff88000176f000 - ffff880001800000)
Mar 25 14:04:57 aueiei-VirtualBox kernel: [    5.691631] Freeing unused kernel memory: 612K (ffff880001b67000 - ffff880001c00000)
Mar 25 14:04:57 aueiei-VirtualBox kernel: [    5.871461] e1000: Intel(R) PRO/1000 Network Driver - version 7.3.21-k8-NAPI
Mar 25 14:04:57 aueiei-VirtualBox kernel: [    5.871463] e1000: Copyright (c) 1999-2006 Intel Corporation.
Mar 25 14:04:57 aueiei-VirtualBox kernel: [    6.279770] e1000 0000:00:03.0 eth0: (PCI:33MHz:32-bit) 08:00:27:22:05:cc
Mar 25 14:04:57 aueiei-VirtualBox kernel: [    6.279779] e1000 0000:00:03.0 eth0: Intel(R) PRO/1000 Network Connection
Mar 25 14:04:57 aueiei-VirtualBox kernel: [    6.280603] ahci 0000:00:0d.0: version 3.0
Mar 25 14:04:57 aueiei-VirtualBox kernel: [    6.282249] ahci 0000:00:0d.0: SSS flag set, parallel bus scan disabled
Mar 25 14:04:57 aueiei-VirtualBox kernel: [    6.282514] ahci 0000:00:0d.0: AHCI 0001.0100 32 slots 1 ports 3 Gbps 0x1 impl SATA mode
Mar 25 14:04:57 aueiei-VirtualBox kernel: [    6.282519] ahci 0000:00:0d.0: flags: 64bit ncq stag only ccc 
Mar 25 14:04:57 aueiei-VirtualBox kernel: [    6.285551] scsi2 : ahci
Mar 25 14:04:57 aueiei-VirtualBox kernel: [    6.285670] ata3: SATA max UDMA/133 abar m8192@0xf0806000 port 0xf0806100 irq 21
Mar 25 14:04:57 aueiei-VirtualBox kernel: [    6.287558] usb 1-1: new full-speed USB device number 2 using ohci-pci
Mar 25 14:04:57 aueiei-VirtualBox kernel: [    6.468119] tsc: Refined TSC clocksource calibration: 2291.288 MHz
Mar 25 14:04:57 aueiei-VirtualBox kernel: [    6.561951] usb 1-1: New USB device found, idVendor=80ee, idProduct=0021
Mar 25 14:04:57 aueiei-VirtualBox kernel: [    6.561955] usb 1-1: New USB device strings: Mfr=1, Product=3, SerialNumber=0
Mar 25 14:04:57 aueiei-VirtualBox kernel: [    6.561957] usb 1-1: Product: USB Tablet
Mar 25 14:04:57 aueiei-VirtualBox kernel: [    6.561959] usb 1-1: Manufacturer: VirtualBox
Mar 25 14:04:57 aueiei-VirtualBox kernel: [    6.574393] hidraw: raw HID events driver (C) Jiri Kosina
Mar 25 14:04:57 aueiei-VirtualBox kernel: [    6.591839] usbcore: registered new interface driver usbhid
Mar 25 14:04:57 aueiei-VirtualBox kernel: [    6.591842] usbhid: USB HID core driver
Mar 25 14:04:57 aueiei-VirtualBox kernel: [    6.599851] input: VirtualBox USB Tablet as /devices/pci0000:00/0000:00:06.0/usb1/1-1/1-1:1.0/input/input4
Mar 25 14:04:57 aueiei-VirtualBox kernel: [    6.600257] hid-generic 0003:80EE:0021.0001: input,hidraw0: USB HID v1.10 Mouse [VirtualBox USB Tablet] on usb-0000:00:06.0-1/input0
Mar 25 14:04:57 aueiei-VirtualBox kernel: [    6.603492] ata3: SATA link up 3.0 Gbps (SStatus 123 SControl 300)
Mar 25 14:04:57 aueiei-VirtualBox kernel: [    6.603618] ata3.00: ATA-6: VBOX HARDDISK, 1.0, max UDMA/133
Mar 25 14:04:57 aueiei-VirtualBox kernel: [    6.603621] ata3.00: 16777216 sectors, multi 128: LBA48 NCQ (depth 31/32)
Mar 25 14:04:57 aueiei-VirtualBox kernel: [    6.603751] ata3.00: configured for UDMA/133
Mar 25 14:04:57 aueiei-VirtualBox kernel: [    6.603903] scsi 2:0:0:0: Direct-Access     ATA      VBOX HARDDISK    1.0  PQ: 0 ANSI: 5
Mar 25 14:04:57 aueiei-VirtualBox kernel: [    6.604147] sd 2:0:0:0: [sda] 16777216 512-byte logical blocks: (8.58 GB/8.00 GiB)
Mar 25 14:04:57 aueiei-VirtualBox kernel: [    6.604232] sd 2:0:0:0: [sda] Write Protect is off
Mar 25 14:04:57 aueiei-VirtualBox kernel: [    6.604236] sd 2:0:0:0: [sda] Mode Sense: 00 3a 00 00
Mar 25 14:04:57 aueiei-VirtualBox kernel: [    6.604277] sd 2:0:0:0: [sda] Write cache: enabled, read cache: enabled, doesn't support DPO or FUA
Mar 25 14:04:57 aueiei-VirtualBox kernel: [    6.604533] sd 2:0:0:0: Attached scsi generic sg1 type 0
Mar 25 14:04:57 aueiei-VirtualBox kernel: [    6.625513]  sda: sda1 sda2 < sda5 >
Mar 25 14:04:57 aueiei-VirtualBox kernel: [    6.625847] sd 2:0:0:0: [sda] Attached SCSI disk
Mar 25 14:04:57 aueiei-VirtualBox kernel: [    6.952335] EXT4-fs (sda1): INFO: recovery required on readonly filesystem
Mar 25 14:04:57 aueiei-VirtualBox kernel: [    6.952344] EXT4-fs (sda1): write access will be enabled during recovery
Mar 25 14:04:57 aueiei-VirtualBox kernel: [    7.209700] EXT4-fs (sda1): orphan cleanup on readonly fs
Mar 25 14:04:57 aueiei-VirtualBox kernel: [    7.463936] EXT4-fs (sda1): 239 orphan inodes deleted
Mar 25 14:04:57 aueiei-VirtualBox kernel: [    7.463940] EXT4-fs (sda1): recovery complete
Mar 25 14:04:57 aueiei-VirtualBox kernel: [    7.483109] EXT4-fs (sda1): mounted filesystem with ordered data mode. Opts: (null)
Mar 25 14:04:57 aueiei-VirtualBox kernel: [    7.846446] random: init urandom read with 103 bits of entropy available
Mar 25 14:04:57 aueiei-VirtualBox kernel: [    8.428505] random: nonblocking pool is initialized
Mar 25 14:04:57 aueiei-VirtualBox kernel: [    8.966197] Adding 1046524k swap on /dev/sda5.  Priority:-1 extents:1 across:1046524k FS
Mar 25 14:04:57 aueiei-VirtualBox kernel: [    9.349931] IPv6: ADDRCONF(NETDEV_UP): eth0: link is not ready
Mar 25 14:04:57 aueiei-VirtualBox kernel: [    9.811902] lp: driver loaded but no devices found
Mar 25 14:04:57 aueiei-VirtualBox kernel: [    9.932974] EXT4-fs (sda1): re-mounted. Opts: errors=remount-ro
Mar 25 14:04:57 aueiei-VirtualBox kernel: [   10.698776] ACPI: Video Device [GFX0] (multi-head: yes  rom: no  post: no)
Mar 25 14:04:57 aueiei-VirtualBox kernel: [   10.698888] input: Video Bus as /devices/LNXSYSTM:00/device:00/PNP0A03:00/LNXVIDEO:00/input/input5
Mar 25 14:04:57 aueiei-VirtualBox kernel: [   10.769317] vboxguest: module verification failed: signature and/or  required key missing - tainting kernel
Mar 25 14:04:57 aueiei-VirtualBox kernel: [   10.799019] piix4_smbus 0000:00:07.0: SMBus base address uninitialized - upgrade BIOS or use force_addr=0xaddr
Mar 25 14:04:57 aueiei-VirtualBox kernel: [   10.799875] input: Unspecified device as /devices/virtual/input/input6
Mar 25 14:04:57 aueiei-VirtualBox kernel: [   10.800212] vboxguest: major 0, IRQ 20, I/O port d020, MMIO at 00000000f0400000 (size 0x400000)
Mar 25 14:04:57 aueiei-VirtualBox kernel: [   10.800248] vboxguest: Successfully loaded version 4.1.44_Ubuntu (interface 0x00010004)
Mar 25 14:04:57 aueiei-VirtualBox kernel: [   11.038136] type=1400 audit(1458889496.949:2): apparmor="STATUS" operation="profile_load" profile="unconfined" name="/sbin/dhclient" pid=568 comm="apparmor_parser"
Mar 25 14:04:57 aueiei-VirtualBox kernel: [   11.038144] type=1400 audit(1458889496.949:3): apparmor="STATUS" operation="profile_load" profile="unconfined" name="/usr/lib/NetworkManager/nm-dhcp-client.action" pid=568 comm="apparmor_parser"
Mar 25 14:04:57 aueiei-VirtualBox kernel: [   11.038148] type=1400 audit(1458889496.949:4): apparmor="STATUS" operation="profile_load" profile="unconfined" name="/usr/lib/connman/scripts/dhclient-script" pid=568 comm="apparmor_parser"
Mar 25 14:04:57 aueiei-VirtualBox kernel: [   11.038637] type=1400 audit(1458889496.949:5): apparmor="STATUS" operation="profile_replace" profile="unconfined" name="/usr/lib/NetworkManager/nm-dhcp-client.action" pid=568 comm="apparmor_parser"
Mar 25 14:04:57 aueiei-VirtualBox kernel: [   11.038643] type=1400 audit(1458889496.949:6): apparmor="STATUS" operation="profile_replace" profile="unconfined" name="/usr/lib/connman/scripts/dhclient-script" pid=568 comm="apparmor_parser"
Mar 25 14:04:57 aueiei-VirtualBox kernel: [   11.038892] type=1400 audit(1458889496.949:7): apparmor="STATUS" operation="profile_replace" profile="unconfined" name="/usr/lib/connman/scripts/dhclient-script" pid=568 comm="apparmor_parser"
Mar 25 14:04:57 aueiei-VirtualBox kernel: [   11.039941] type=1400 audit(1458889496.953:8): apparmor="STATUS" operation="profile_replace" profile="unconfined" name="/sbin/dhclient" pid=609 comm="apparmor_parser"
Mar 25 14:04:57 aueiei-VirtualBox kernel: [   11.039949] type=1400 audit(1458889496.953:9): apparmor="STATUS" operation="profile_replace" profile="unconfined" name="/usr/lib/NetworkManager/nm-dhcp-client.action" pid=609 comm="apparmor_parser"
Mar 25 14:04:57 aueiei-VirtualBox kernel: [   11.039953] type=1400 audit(1458889496.953:10): apparmor="STATUS" operation="profile_replace" profile="unconfined" name="/usr/lib/connman/scripts/dhclient-script" pid=609 comm="apparmor_parser"
Mar 25 14:04:57 aueiei-VirtualBox kernel: [   11.040428] type=1400 audit(1458889496.953:11): apparmor="STATUS" operation="profile_replace" profile="unconfined" name="/usr/lib/NetworkManager/nm-dhcp-client.action" pid=609 comm="apparmor_parser"
Mar 25 14:04:57 aueiei-VirtualBox kernel: [   11.130647] psmouse serio1: alps: Unknown ALPS touchpad: E7=10 00 64, EC=10 00 64
Mar 25 14:04:57 aueiei-VirtualBox kernel: [   11.138689] input: ImExPS/2 Generic Explorer Mouse as /devices/platform/i8042/serio1/input/input7
Mar 25 14:04:57 aueiei-VirtualBox kernel: [   11.461935] intel8x0: disable (unknown or VT-d) VM optimization
Mar 25 14:04:57 aueiei-VirtualBox kernel: [   11.477232] ppdev: user-space parallel port driver
Mar 25 14:04:57 aueiei-VirtualBox kernel: [   11.736633] intel8x0: white list rate for 1028:0177 is 48000
Mar 25 14:04:57 aueiei-VirtualBox kernel: [   11.785983] Bluetooth: Core ver 2.17
Mar 25 14:04:57 aueiei-VirtualBox kernel: [   11.786026] NET: Registered protocol family 31
Mar 25 14:04:57 aueiei-VirtualBox kernel: [   11.786028] Bluetooth: HCI device and connection manager initialized
Mar 25 14:04:57 aueiei-VirtualBox kernel: [   11.786362] Bluetooth: HCI socket layer initialized
Mar 25 14:04:57 aueiei-VirtualBox kernel: [   11.786365] Bluetooth: L2CAP socket layer initialized
Mar 25 14:04:57 aueiei-VirtualBox kernel: [   11.786370] Bluetooth: SCO socket layer initialized
Mar 25 14:04:57 aueiei-VirtualBox kernel: [   11.971031] Bluetooth: BNEP (Ethernet Emulation) ver 1.3
Mar 25 14:04:57 aueiei-VirtualBox kernel: [   11.971035] Bluetooth: BNEP filters: protocol multicast
Mar 25 14:04:57 aueiei-VirtualBox kernel: [   11.971044] Bluetooth: BNEP socket layer initialized
Mar 25 14:04:57 aueiei-VirtualBox kernel: [   12.011744] Bluetooth: RFCOMM TTY layer initialized
Mar 25 14:04:57 aueiei-VirtualBox kernel: [   12.011755] Bluetooth: RFCOMM socket layer initialized
Mar 25 14:04:57 aueiei-VirtualBox kernel: [   12.011762] Bluetooth: RFCOMM ver 1.11
Mar 25 14:04:59 aueiei-VirtualBox kernel: [   14.010184] IPv6: ADDRCONF(NETDEV_UP): eth0: link is not ready
Mar 25 14:04:59 aueiei-VirtualBox kernel: [   14.010856] IPv6: ADDRCONF(NETDEV_UP): eth0: link is not ready
Mar 25 14:04:59 aueiei-VirtualBox kernel: [   14.011966] e1000: eth0 NIC Link is Up 1000 Mbps Full Duplex, Flow Control: RX
Mar 25 14:04:59 aueiei-VirtualBox kernel: [   14.012326] IPv6: ADDRCONF(NETDEV_CHANGE): eth0: link becomes ready
Mar 25 14:10:53 aueiei-VirtualBox kernel: [  367.103057] audit_printk_skb: 171 callbacks suppressed
Mar 25 14:10:53 aueiei-VirtualBox kernel: [  367.103062] type=1400 audit(1458889853.887:69): apparmor="DENIED" operation="open" profile="/usr/lib/telepathy/mission-control-5" name="/usr/share/gvfs/remote-volume-monitors/" pid=1884 comm="mission-control" requested_mask="r" denied_mask="r" fsuid=1000 ouid=0
Mar 25 20:25:52 aueiei-VirtualBox kernel: imklog 5.8.6, log source = /proc/kmsg started.
Mar 25 20:25:53 aueiei-VirtualBox kernel: [    0.000000] Initializing cgroup subsys cpuset
Mar 25 20:25:53 aueiei-VirtualBox kernel: [    0.000000] Initializing cgroup subsys cpu
Mar 25 20:25:53 aueiei-VirtualBox kernel: [    0.000000] Initializing cgroup subsys cpuacct
Mar 25 20:25:53 aueiei-VirtualBox kernel: [    0.000000] Linux version 3.13.0-32-generic (buildd@phianna) (gcc version 4.6.3 (Ubuntu/Linaro 4.6.3-1ubuntu5) ) #57~precise1-Ubuntu SMP Tue Jul 15 03:51:20 UTC 2014 (Ubuntu 3.13.0-32.57~precise1-generic 3.13.11.4)
Mar 25 20:25:53 aueiei-VirtualBox kernel: [    0.000000] Command line: BOOT_IMAGE=/boot/vmlinuz-3.13.0-32-generic root=UUID=5aec5fa7-8b35-43dc-8693-693a86ea3a60 ro quiet splash vt.handoff=7
Mar 25 20:25:53 aueiei-VirtualBox kernel: [    0.000000] KERNEL supported cpus:
Mar 25 20:25:53 aueiei-VirtualBox kernel: [    0.000000]   Intel GenuineIntel
Mar 25 20:25:53 aueiei-VirtualBox kernel: [    0.000000]   AMD AuthenticAMD
Mar 25 20:25:53 aueiei-VirtualBox kernel: [    0.000000]   Centaur CentaurHauls
Mar 25 20:25:53 aueiei-VirtualBox kernel: [    0.000000] e820: BIOS-provided physical RAM map:
Mar 25 20:25:53 aueiei-VirtualBox kernel: [    0.000000] BIOS-e820: [mem 0x0000000000000000-0x000000000009fbff] usable
Mar 25 20:25:53 aueiei-VirtualBox kernel: [    0.000000] BIOS-e820: [mem 0x000000000009fc00-0x000000000009ffff] reserved
Mar 25 20:25:53 aueiei-VirtualBox kernel: [    0.000000] BIOS-e820: [mem 0x00000000000f0000-0x00000000000fffff] reserved
Mar 25 20:25:53 aueiei-VirtualBox kernel: [    0.000000] BIOS-e820: [mem 0x0000000000100000-0x000000003ffeffff] usable
Mar 25 20:25:53 aueiei-VirtualBox kernel: [    0.000000] BIOS-e820: [mem 0x000000003fff0000-0x000000003fffffff] ACPI data
Mar 25 20:25:53 aueiei-VirtualBox kernel: [    0.000000] BIOS-e820: [mem 0x00000000fffc0000-0x00000000ffffffff] reserved
Mar 25 20:25:53 aueiei-VirtualBox kernel: [    0.000000] NX (Execute Disable) protection: active
Mar 25 20:25:53 aueiei-VirtualBox kernel: [    0.000000] SMBIOS 2.5 present.
Mar 25 20:25:53 aueiei-VirtualBox kernel: [    0.000000] DMI: innotek GmbH VirtualBox/VirtualBox, BIOS VirtualBox 12/01/2006
Mar 25 20:25:53 aueiei-VirtualBox kernel: [    0.000000] Hypervisor detected: KVM
Mar 25 20:25:53 aueiei-VirtualBox kernel: [    0.000000] e820: update [mem 0x00000000-0x00000fff] usable ==> reserved
Mar 25 20:25:53 aueiei-VirtualBox kernel: [    0.000000] e820: remove [mem 0x000a0000-0x000fffff] usable
Mar 25 20:25:53 aueiei-VirtualBox kernel: [    0.000000] No AGP bridge found
Mar 25 20:25:53 aueiei-VirtualBox kernel: [    0.000000] e820: last_pfn = 0x3fff0 max_arch_pfn = 0x400000000
Mar 25 20:25:53 aueiei-VirtualBox kernel: [    0.000000] MTRR default type: uncachable
Mar 25 20:25:53 aueiei-VirtualBox kernel: [    0.000000] MTRR variable ranges disabled:
Mar 25 20:25:53 aueiei-VirtualBox kernel: [    0.000000] x86 PAT enabled: cpu 0, old 0x7040600070406, new 0x7010600070106
Mar 25 20:25:53 aueiei-VirtualBox kernel: [    0.000000] CPU MTRRs all blank - virtualized system.
Mar 25 20:25:53 aueiei-VirtualBox kernel: [    0.000000] found SMP MP-table at [mem 0x0009fff0-0x0009ffff] mapped at [ffff88000009fff0]
Mar 25 20:25:53 aueiei-VirtualBox kernel: [    0.000000] Scanning 1 areas for low memory corruption
Mar 25 20:25:53 aueiei-VirtualBox kernel: [    0.000000] Base memory trampoline at [ffff880000099000] 99000 size 24576
Mar 25 20:25:53 aueiei-VirtualBox kernel: [    0.000000] init_memory_mapping: [mem 0x00000000-0x000fffff]
Mar 25 20:25:53 aueiei-VirtualBox kernel: [    0.000000]  [mem 0x00000000-0x000fffff] page 4k
Mar 25 20:25:53 aueiei-VirtualBox kernel: [    0.000000] BRK [0x01fe3000, 0x01fe3fff] PGTABLE
Mar 25 20:25:53 aueiei-VirtualBox kernel: [    0.000000] BRK [0x01fe4000, 0x01fe4fff] PGTABLE
Mar 25 20:25:53 aueiei-VirtualBox kernel: [    0.000000] BRK [0x01fe5000, 0x01fe5fff] PGTABLE
Mar 25 20:25:53 aueiei-VirtualBox kernel: [    0.000000] init_memory_mapping: [mem 0x3fc00000-0x3fdfffff]
Mar 25 20:25:53 aueiei-VirtualBox kernel: [    0.000000]  [mem 0x3fc00000-0x3fdfffff] page 2M
Mar 25 20:25:53 aueiei-VirtualBox kernel: [    0.000000] init_memory_mapping: [mem 0x3c000000-0x3fbfffff]
Mar 25 20:25:53 aueiei-VirtualBox kernel: [    0.000000]  [mem 0x3c000000-0x3fbfffff] page 2M
Mar 25 20:25:53 aueiei-VirtualBox kernel: [    0.000000] init_memory_mapping: [mem 0x00100000-0x3bffffff]
Mar 25 20:25:53 aueiei-VirtualBox kernel: [    0.000000]  [mem 0x00100000-0x001fffff] page 4k
Mar 25 20:25:53 aueiei-VirtualBox kernel: [    0.000000]  [mem 0x00200000-0x3bffffff] page 2M
Mar 25 20:25:53 aueiei-VirtualBox kernel: [    0.000000] init_memory_mapping: [mem 0x3fe00000-0x3ffeffff]
Mar 25 20:25:53 aueiei-VirtualBox kernel: [    0.000000]  [mem 0x3fe00000-0x3ffeffff] page 4k
Mar 25 20:25:53 aueiei-VirtualBox kernel: [    0.000000] BRK [0x01fe6000, 0x01fe6fff] PGTABLE
Mar 25 20:25:53 aueiei-VirtualBox kernel: [    0.000000] RAMDISK: [mem 0x35be8000-0x36debfff]
Mar 25 20:25:53 aueiei-VirtualBox kernel: [    0.000000] ACPI: RSDP 00000000000e0000 000024 (v02 VBOX  )
Mar 25 20:25:53 aueiei-VirtualBox kernel: [    0.000000] ACPI: XSDT 000000003fff0030 00003C (v01 VBOX   VBOXXSDT 00000001 ASL  00000061)
Mar 25 20:25:53 aueiei-VirtualBox kernel: [    0.000000] ACPI: FACP 000000003fff00f0 0000F4 (v04 VBOX   VBOXFACP 00000001 ASL  00000061)
Mar 25 20:25:53 aueiei-VirtualBox kernel: [    0.000000] ACPI: DSDT 000000003fff0470 001E0B (v01 VBOX   VBOXBIOS 00000002 INTL 20100528)
Mar 25 20:25:53 aueiei-VirtualBox kernel: [    0.000000] ACPI: FACS 000000003fff0200 000040
Mar 25 20:25:53 aueiei-VirtualBox kernel: [    0.000000] ACPI: APIC 000000003fff0240 000054 (v02 VBOX   VBOXAPIC 00000001 ASL  00000061)
Mar 25 20:25:53 aueiei-VirtualBox kernel: [    0.000000] ACPI: SSDT 000000003fff02a0 0001CC (v01 VBOX   VBOXCPUT 00000002 INTL 20100528)
Mar 25 20:25:53 aueiei-VirtualBox kernel: [    0.000000] ACPI: Local APIC address 0xfee00000
Mar 25 20:25:53 aueiei-VirtualBox kernel: [    0.000000] No NUMA configuration found
Mar 25 20:25:53 aueiei-VirtualBox kernel: [    0.000000] Faking a node at [mem 0x0000000000000000-0x000000003ffeffff]
Mar 25 20:25:53 aueiei-VirtualBox kernel: [    0.000000] Initmem setup node 0 [mem 0x00000000-0x3ffeffff]
Mar 25 20:25:53 aueiei-VirtualBox kernel: [    0.000000]   NODE_DATA [mem 0x3ffeb000-0x3ffeffff]
Mar 25 20:25:53 aueiei-VirtualBox kernel: [    0.000000] kvm-clock: Using msrs 4b564d01 and 4b564d00
Mar 25 20:25:53 aueiei-VirtualBox kernel: [    0.000000] kvm-clock: cpu 0, msr 0:3ffe7001, boot clock
Mar 25 20:25:53 aueiei-VirtualBox kernel: [    4.444187]  [ffffea0000000000-ffffea0000ffffff] PMD -> [ffff88003e600000-ffff88003f5fffff] on node 0
Mar 25 20:25:53 aueiei-VirtualBox kernel: [    4.444192] Zone ranges:
Mar 25 20:25:53 aueiei-VirtualBox kernel: [    4.444194]   DMA      [mem 0x00001000-0x00ffffff]
Mar 25 20:25:53 aueiei-VirtualBox kernel: [    4.444196]   DMA32    [mem 0x01000000-0xffffffff]
Mar 25 20:25:53 aueiei-VirtualBox kernel: [    4.444197]   Normal   empty
Mar 25 20:25:53 aueiei-VirtualBox kernel: [    4.444198] Movable zone start for each node
Mar 25 20:25:53 aueiei-VirtualBox kernel: [    4.444199] Early memory node ranges
Mar 25 20:25:53 aueiei-VirtualBox kernel: [    4.444200]   node   0: [mem 0x00001000-0x0009efff]
Mar 25 20:25:53 aueiei-VirtualBox kernel: [    4.444201]   node   0: [mem 0x00100000-0x3ffeffff]
Mar 25 20:25:53 aueiei-VirtualBox kernel: [    4.444204] On node 0 totalpages: 262030
Mar 25 20:25:53 aueiei-VirtualBox kernel: [    4.444206]   DMA zone: 64 pages used for memmap
Mar 25 20:25:53 aueiei-VirtualBox kernel: [    4.444207]   DMA zone: 21 pages reserved
Mar 25 20:25:53 aueiei-VirtualBox kernel: [    4.444208]   DMA zone: 3998 pages, LIFO batch:0
Mar 25 20:25:53 aueiei-VirtualBox kernel: [    4.444352]   DMA32 zone: 4032 pages used for memmap
Mar 25 20:25:53 aueiei-VirtualBox kernel: [    4.444353]   DMA32 zone: 258032 pages, LIFO batch:31
Mar 25 20:25:53 aueiei-VirtualBox kernel: [    4.450169] ACPI: PM-Timer IO Port: 0x4008
Mar 25 20:25:53 aueiei-VirtualBox kernel: [    4.450174] ACPI: Local APIC address 0xfee00000
Mar 25 20:25:53 aueiei-VirtualBox kernel: [    4.450183] ACPI: LAPIC (acpi_id[0x00] lapic_id[0x00] enabled)
Mar 25 20:25:53 aueiei-VirtualBox kernel: [    4.450189] ACPI: IOAPIC (id[0x01] address[0xfec00000] gsi_base[0])
Mar 25 20:25:53 aueiei-VirtualBox kernel: [    4.450251] IOAPIC[0]: apic_id 1, version 17, address 0xfec00000, GSI 0-23
Mar 25 20:25:53 aueiei-VirtualBox kernel: [    4.450254] ACPI: INT_SRC_OVR (bus 0 bus_irq 0 global_irq 2 dfl dfl)
Mar 25 20:25:53 aueiei-VirtualBox kernel: [    4.450256] ACPI: INT_SRC_OVR (bus 0 bus_irq 9 global_irq 9 high level)
Mar 25 20:25:53 aueiei-VirtualBox kernel: [    4.450258] ACPI: IRQ0 used by override.
Mar 25 20:25:53 aueiei-VirtualBox kernel: [    4.450259] ACPI: IRQ2 used by override.
Mar 25 20:25:53 aueiei-VirtualBox kernel: [    4.450261] ACPI: IRQ9 used by override.
Mar 25 20:25:53 aueiei-VirtualBox kernel: [    4.450264] Using ACPI (MADT) for SMP configuration information
Mar 25 20:25:53 aueiei-VirtualBox kernel: [    4.450266] smpboot: Allowing 1 CPUs, 0 hotplug CPUs
Mar 25 20:25:53 aueiei-VirtualBox kernel: [    4.450279] nr_irqs_gsi: 40
Mar 25 20:25:53 aueiei-VirtualBox kernel: [    4.450297] PM: Registered nosave memory: [mem 0x0009f000-0x0009ffff]
Mar 25 20:25:53 aueiei-VirtualBox kernel: [    4.450298] PM: Registered nosave memory: [mem 0x000a0000-0x000effff]
Mar 25 20:25:53 aueiei-VirtualBox kernel: [    4.450299] PM: Registered nosave memory: [mem 0x000f0000-0x000fffff]
Mar 25 20:25:53 aueiei-VirtualBox kernel: [    4.450301] e820: [mem 0x40000000-0xfffbffff] available for PCI devices
Mar 25 20:25:53 aueiei-VirtualBox kernel: [    4.450303] Booting paravirtualized kernel on KVM
Mar 25 20:25:53 aueiei-VirtualBox kernel: [    4.450309] setup_percpu: NR_CPUS:256 nr_cpumask_bits:256 nr_cpu_ids:1 nr_node_ids:1
Mar 25 20:25:53 aueiei-VirtualBox kernel: [    4.451267] PERCPU: Embedded 29 pages/cpu @ffff88003fc00000 s86336 r8192 d24256 u2097152
Mar 25 20:25:53 aueiei-VirtualBox kernel: [    4.451274] pcpu-alloc: s86336 r8192 d24256 u2097152 alloc=1*2097152
Mar 25 20:25:53 aueiei-VirtualBox kernel: [    4.451276] pcpu-alloc: [0] 0 
Mar 25 20:25:53 aueiei-VirtualBox kernel: [    4.451355] kvm-clock: cpu 0, msr 0:3ffe7001, primary cpu clock
Mar 25 20:25:53 aueiei-VirtualBox kernel: [    4.451378] Built 1 zonelists in Node order, mobility grouping on.  Total pages: 257913
Mar 25 20:25:53 aueiei-VirtualBox kernel: [    4.451380] Policy zone: DMA32
Mar 25 20:25:53 aueiei-VirtualBox kernel: [    4.451381] Kernel command line: BOOT_IMAGE=/boot/vmlinuz-3.13.0-32-generic root=UUID=5aec5fa7-8b35-43dc-8693-693a86ea3a60 ro quiet splash vt.handoff=7
Mar 25 20:25:53 aueiei-VirtualBox kernel: [    4.454114] PID hash table entries: 4096 (order: 3, 32768 bytes)
Mar 25 20:25:53 aueiei-VirtualBox kernel: [    4.454152] xsave: enabled xstate_bv 0x7, cntxt size 0x340
Mar 25 20:25:53 aueiei-VirtualBox kernel: [    4.454158] Checking aperture...
Mar 25 20:25:53 aueiei-VirtualBox kernel: [    4.478332] No AGP bridge found
Mar 25 20:25:53 aueiei-VirtualBox kernel: [    4.478546] Calgary: detecting Calgary via BIOS EBDA area
Mar 25 20:25:53 aueiei-VirtualBox kernel: [    4.478547] Calgary: Unable to locate Rio Grande table in EBDA - bailing!
Mar 25 20:25:53 aueiei-VirtualBox kernel: [    4.483004] Memory: 996508K/1048120K available (7602K kernel code, 1137K rwdata, 3484K rodata, 1356K init, 1440K bss, 51612K reserved)
Mar 25 20:25:53 aueiei-VirtualBox kernel: [    4.484307] SLUB: HWalign=64, Order=0-3, MinObjects=0, CPUs=1, Nodes=1
Mar 25 20:25:53 aueiei-VirtualBox kernel: [    4.484323] Hierarchical RCU implementation.
Mar 25 20:25:53 aueiei-VirtualBox kernel: [    4.484324] 	RCU dyntick-idle grace-period acceleration is enabled.
Mar 25 20:25:53 aueiei-VirtualBox kernel: [    4.484325] 	RCU restricting CPUs from NR_CPUS=256 to nr_cpu_ids=1.
Mar 25 20:25:53 aueiei-VirtualBox kernel: [    4.484326] 	Offload RCU callbacks from all CPUs
Mar 25 20:25:53 aueiei-VirtualBox kernel: [    4.484327] 	Offload RCU callbacks from CPUs: 0.
Mar 25 20:25:53 aueiei-VirtualBox kernel: [    4.485393] NR_IRQS:16640 nr_irqs:256 16
Mar 25 20:25:53 aueiei-VirtualBox kernel: [    4.486700] Console: colour dummy device 80x25
Mar 25 20:25:53 aueiei-VirtualBox kernel: [    4.486744] console [tty0] enabled
Mar 25 20:25:53 aueiei-VirtualBox kernel: [    4.489881] allocated 4194304 bytes of page_cgroup
Mar 25 20:25:53 aueiei-VirtualBox kernel: [    4.489883] please try 'cgroup_disable=memory' option if you don't want memory cgroups
Mar 25 20:25:53 aueiei-VirtualBox kernel: [    4.489984] tsc: Detected 2292.552 MHz processor
Mar 25 20:25:53 aueiei-VirtualBox kernel: [    4.489988] Calibrating delay loop (skipped) preset value.. 4585.10 BogoMIPS (lpj=9170208)
Mar 25 20:25:53 aueiei-VirtualBox kernel: [    4.489991] pid_max: default: 32768 minimum: 301
Mar 25 20:25:53 aueiei-VirtualBox kernel: [    4.490011] Security Framework initialized
Mar 25 20:25:53 aueiei-VirtualBox kernel: [    4.490024] AppArmor: AppArmor initialized
Mar 25 20:25:53 aueiei-VirtualBox kernel: [    4.490025] Yama: becoming mindful.
Mar 25 20:25:53 aueiei-VirtualBox kernel: [    4.490140] Dentry cache hash table entries: 131072 (order: 8, 1048576 bytes)
Mar 25 20:25:53 aueiei-VirtualBox kernel: [    4.490394] Inode-cache hash table entries: 65536 (order: 7, 524288 bytes)
Mar 25 20:25:53 aueiei-VirtualBox kernel: [    4.490530] Mount-cache hash table entries: 2048 (order: 2, 16384 bytes)
Mar 25 20:25:53 aueiei-VirtualBox kernel: [    4.490532] Mountpoint-cache hash table entries: 2048 (order: 2, 16384 bytes)
Mar 25 20:25:53 aueiei-VirtualBox kernel: [    4.490725] Initializing cgroup subsys memory
Mar 25 20:25:53 aueiei-VirtualBox kernel: [    4.490731] Initializing cgroup subsys devices
Mar 25 20:25:53 aueiei-VirtualBox kernel: [    4.490732] Initializing cgroup subsys freezer
Mar 25 20:25:53 aueiei-VirtualBox kernel: [    4.490734] Initializing cgroup subsys blkio
Mar 25 20:25:53 aueiei-VirtualBox kernel: [    4.490735] Initializing cgroup subsys perf_event
Mar 25 20:25:53 aueiei-VirtualBox kernel: [    4.490737] Initializing cgroup subsys hugetlb
Mar 25 20:25:53 aueiei-VirtualBox kernel: [    4.490821] CPU: Physical Processor ID: 0
Mar 25 20:25:53 aueiei-VirtualBox kernel: [    4.490840] mce: CPU supports 0 MCE banks
Mar 25 20:25:53 aueiei-VirtualBox kernel: [    4.490871] Last level iTLB entries: 4KB 512, 2MB 0, 4MB 0
Mar 25 20:25:53 aueiei-VirtualBox kernel: [    4.490871] Last level dTLB entries: 4KB 512, 2MB 32, 4MB 32
Mar 25 20:25:53 aueiei-VirtualBox kernel: [    4.490871] tlb_flushall_shift: 5
Mar 25 20:25:53 aueiei-VirtualBox kernel: [    4.515675] Freeing SMP alternatives memory: 32K (ffffffff81e71000 - ffffffff81e79000)
Mar 25 20:25:53 aueiei-VirtualBox kernel: [    4.521606] ACPI: Core revision 20131115
Mar 25 20:25:53 aueiei-VirtualBox kernel: [    4.522293] ACPI: All ACPI Tables successfully acquired
Mar 25 20:25:53 aueiei-VirtualBox kernel: [    4.522361] ftrace: allocating 31443 entries in 123 pages
Mar 25 20:25:53 aueiei-VirtualBox kernel: [    4.578162] ..TIMER: vector=0x30 apic1=0 pin1=2 apic2=-1 pin2=-1
Mar 25 20:25:53 aueiei-VirtualBox kernel: [    4.578166] smpboot: CPU0: Intel(R) Core(TM) i5-2410M CPU @ 2.30GHz (fam: 06, model: 2a, stepping: 07)
Mar 25 20:25:53 aueiei-VirtualBox kernel: [    4.682622] Performance Events: unsupported p6 CPU model 42 no PMU driver, software events only.
Mar 25 20:25:53 aueiei-VirtualBox kernel: [    4.693198] KVM setup paravirtual spinlock
Mar 25 20:25:53 aueiei-VirtualBox kernel: [    4.694599] x86: Booted up 1 node, 1 CPUs
Mar 25 20:25:53 aueiei-VirtualBox kernel: [    4.694602] smpboot: Total of 1 processors activated (4585.10 BogoMIPS)
Mar 25 20:25:53 aueiei-VirtualBox kernel: [    4.695011] NMI watchdog: disabled (cpu0): hardware events not enabled
Mar 25 20:25:53 aueiei-VirtualBox kernel: [    4.695092] devtmpfs: initialized
Mar 25 20:25:53 aueiei-VirtualBox kernel: [    4.699040] EVM: security.selinux
Mar 25 20:25:53 aueiei-VirtualBox kernel: [    4.699041] EVM: security.SMACK64
Mar 25 20:25:53 aueiei-VirtualBox kernel: [    4.699042] EVM: security.ima
Mar 25 20:25:53 aueiei-VirtualBox kernel: [    4.699043] EVM: security.capability
Mar 25 20:25:53 aueiei-VirtualBox kernel: [    4.699815] pinctrl core: initialized pinctrl subsystem
Mar 25 20:25:53 aueiei-VirtualBox kernel: [    4.699868] regulator-dummy: no parameters
Mar 25 20:25:53 aueiei-VirtualBox kernel: [    4.699907] RTC time: 13:25:45, date: 03/25/16
Mar 25 20:25:53 aueiei-VirtualBox kernel: [    4.699937] NET: Registered protocol family 16
Mar 25 20:25:53 aueiei-VirtualBox kernel: [    4.700030] cpuidle: using governor ladder
Mar 25 20:25:53 aueiei-VirtualBox kernel: [    4.700031] cpuidle: using governor menu
Mar 25 20:25:53 aueiei-VirtualBox kernel: [    4.700064] ACPI: bus type PCI registered
Mar 25 20:25:53 aueiei-VirtualBox kernel: [    4.700066] acpiphp: ACPI Hot Plug PCI Controller Driver version: 0.5
Mar 25 20:25:53 aueiei-VirtualBox kernel: [    4.700162] PCI: Using configuration type 1 for base access
Mar 25 20:25:53 aueiei-VirtualBox kernel: [    4.700865] bio: create slab <bio-0> at 0
Mar 25 20:25:53 aueiei-VirtualBox kernel: [    4.700981] ACPI: Added _OSI(Module Device)
Mar 25 20:25:53 aueiei-VirtualBox kernel: [    4.700983] ACPI: Added _OSI(Processor Device)
Mar 25 20:25:53 aueiei-VirtualBox kernel: [    4.700984] ACPI: Added _OSI(3.0 _SCP Extensions)
Mar 25 20:25:53 aueiei-VirtualBox kernel: [    4.700985] ACPI: Added _OSI(Processor Aggregator Device)
Mar 25 20:25:53 aueiei-VirtualBox kernel: [    4.701634] ACPI: Executed 1 blocks of module-level executable AML code
Mar 25 20:25:53 aueiei-VirtualBox kernel: [    4.703467] ACPI: Interpreter enabled
Mar 25 20:25:53 aueiei-VirtualBox kernel: [    4.703472] ACPI Exception: AE_NOT_FOUND, While evaluating Sleep State [\_S1_] (20131115/hwxface-580)
Mar 25 20:25:53 aueiei-VirtualBox kernel: [    4.703475] ACPI Exception: AE_NOT_FOUND, While evaluating Sleep State [\_S2_] (20131115/hwxface-580)
Mar 25 20:25:53 aueiei-VirtualBox kernel: [    4.703477] ACPI Exception: AE_NOT_FOUND, While evaluating Sleep State [\_S3_] (20131115/hwxface-580)
Mar 25 20:25:53 aueiei-VirtualBox kernel: [    4.703480] ACPI Exception: AE_NOT_FOUND, While evaluating Sleep State [\_S4_] (20131115/hwxface-580)
Mar 25 20:25:53 aueiei-VirtualBox kernel: [    4.703484] ACPI: (supports S0 S5)
Mar 25 20:25:53 aueiei-VirtualBox kernel: [    4.703486] ACPI: Using IOAPIC for interrupt routing
Mar 25 20:25:53 aueiei-VirtualBox kernel: [    4.703643] PCI: Ignoring host bridge windows from ACPI; if necessary, use "pci=use_crs" and report a bug
Mar 25 20:25:53 aueiei-VirtualBox kernel: [    4.703681] ACPI: No dock devices found.
Mar 25 20:25:53 aueiei-VirtualBox kernel: [    4.706218] ACPI: PCI Root Bridge [PCI0] (domain 0000 [bus 00-ff])
Mar 25 20:25:53 aueiei-VirtualBox kernel: [    4.706223] acpi PNP0A03:00: _OSC: OS supports [ASPM ClockPM Segments MSI]
Mar 25 20:25:53 aueiei-VirtualBox kernel: [    4.706227] acpi PNP0A03:00: _OSC failed (AE_NOT_FOUND); disabling ASPM
Mar 25 20:25:53 aueiei-VirtualBox kernel: [    4.706314] acpi PNP0A03:00: host bridge window [io  0x0000-0x0cf7] (ignored)
Mar 25 20:25:53 aueiei-VirtualBox kernel: [    4.706316] acpi PNP0A03:00: host bridge window [io  0x0d00-0xffff] (ignored)
Mar 25 20:25:53 aueiei-VirtualBox kernel: [    4.706317] acpi PNP0A03:00: host bridge window [mem 0x000a0000-0x000bffff] (ignored)
Mar 25 20:25:53 aueiei-VirtualBox kernel: [    4.706319] acpi PNP0A03:00: host bridge window [mem 0x40000000-0xffdfffff] (ignored)
Mar 25 20:25:53 aueiei-VirtualBox kernel: [    4.706321] PCI: root bus 00: using default resources
Mar 25 20:25:53 aueiei-VirtualBox kernel: [    4.706323] acpi PNP0A03:00: fail to add MMCONFIG information, can't access extended PCI configuration space under this bridge.
Mar 25 20:25:53 aueiei-VirtualBox kernel: [    4.706587] PCI host bridge to bus 0000:00
Mar 25 20:25:53 aueiei-VirtualBox kernel: [    4.706590] pci_bus 0000:00: root bus resource [bus 00-ff]
Mar 25 20:25:53 aueiei-VirtualBox kernel: [    4.706592] pci_bus 0000:00: root bus resource [io  0x0000-0xffff]
Mar 25 20:25:53 aueiei-VirtualBox kernel: [    4.706594] pci_bus 0000:00: root bus resource [mem 0x00000000-0xfffffffff]
Mar 25 20:25:53 aueiei-VirtualBox kernel: [    4.706645] pci 0000:00:00.0: [8086:1237] type 00 class 0x060000
Mar 25 20:25:53 aueiei-VirtualBox kernel: [    4.707305] pci 0000:00:01.0: [8086:7000] type 00 class 0x060100
Mar 25 20:25:53 aueiei-VirtualBox kernel: [    4.708109] pci 0000:00:01.1: [8086:7111] type 00 class 0x01018a
Mar 25 20:25:53 aueiei-VirtualBox kernel: [    4.708590] pci 0000:00:01.1: reg 0x20: [io  0xd000-0xd00f]
Mar 25 20:25:53 aueiei-VirtualBox kernel: [    4.709042] pci 0000:00:02.0: [80ee:beef] type 00 class 0x030000
Mar 25 20:25:53 aueiei-VirtualBox kernel: [    4.710365] pci 0000:00:02.0: reg 0x10: [mem 0xe0000000-0xe0ffffff pref]
Mar 25 20:25:53 aueiei-VirtualBox kernel: [    4.718586] pci 0000:00:03.0: [8086:100e] type 00 class 0x020000
Mar 25 20:25:53 aueiei-VirtualBox kernel: [    4.719800] pci 0000:00:03.0: reg 0x10: [mem 0xf0000000-0xf001ffff]
Mar 25 20:25:53 aueiei-VirtualBox kernel: [    4.721912] pci 0000:00:03.0: reg 0x18: [io  0xd010-0xd017]
Mar 25 20:25:53 aueiei-VirtualBox kernel: [    4.727282] pci 0000:00:04.0: [80ee:cafe] type 00 class 0x088000
Mar 25 20:25:53 aueiei-VirtualBox kernel: [    4.728336] pci 0000:00:04.0: reg 0x10: [io  0xd020-0xd03f]
Mar 25 20:25:53 aueiei-VirtualBox kernel: [    4.729381] pci 0000:00:04.0: reg 0x14: [mem 0xf0400000-0xf07fffff]
Mar 25 20:25:53 aueiei-VirtualBox kernel: [    4.730415] pci 0000:00:04.0: reg 0x18: [mem 0xf0800000-0xf0803fff pref]
Mar 25 20:25:53 aueiei-VirtualBox kernel: [    4.734802] pci 0000:00:05.0: [8086:2415] type 00 class 0x040100
Mar 25 20:25:53 aueiei-VirtualBox kernel: [    4.734932] pci 0000:00:05.0: reg 0x10: [io  0xd100-0xd1ff]
Mar 25 20:25:53 aueiei-VirtualBox kernel: [    4.735018] pci 0000:00:05.0: reg 0x14: [io  0xd200-0xd23f]
Mar 25 20:25:53 aueiei-VirtualBox kernel: [    4.735774] pci 0000:00:06.0: [106b:003f] type 00 class 0x0c0310
Mar 25 20:25:53 aueiei-VirtualBox kernel: [    4.736833] pci 0000:00:06.0: reg 0x10: [mem 0xf0804000-0xf0804fff]
Mar 25 20:25:53 aueiei-VirtualBox kernel: [    4.743329] pci 0000:00:07.0: [8086:7113] type 00 class 0x068000
Mar 25 20:25:53 aueiei-VirtualBox kernel: [    4.744319] pci 0000:00:0d.0: [8086:2829] type 00 class 0x010601
Mar 25 20:25:53 aueiei-VirtualBox kernel: [    4.745527] pci 0000:00:0d.0: reg 0x10: [io  0xd240-0xd247]
Mar 25 20:25:53 aueiei-VirtualBox kernel: [    4.747597] pci 0000:00:0d.0: reg 0x18: [io  0xd250-0xd257]
Mar 25 20:25:53 aueiei-VirtualBox kernel: [    4.749575] pci 0000:00:0d.0: reg 0x20: [io  0xd260-0xd26f]
Mar 25 20:25:53 aueiei-VirtualBox kernel: [    4.750598] pci 0000:00:0d.0: reg 0x24: [mem 0xf0806000-0xf0807fff]
Mar 25 20:25:53 aueiei-VirtualBox kernel: [    4.753261] ACPI: PCI Interrupt Link [LNKA] (IRQs 5 9 10 *11)
Mar 25 20:25:53 aueiei-VirtualBox kernel: [    4.753495] ACPI: PCI Interrupt Link [LNKB] (IRQs 5 9 10 *11)
Mar 25 20:25:53 aueiei-VirtualBox kernel: [    4.753593] ACPI: PCI Interrupt Link [LNKC] (IRQs 5 9 *10 11)
Mar 25 20:25:53 aueiei-VirtualBox kernel: [    4.753690] ACPI: PCI Interrupt Link [LNKD] (IRQs 5 *9 10 11)
Mar 25 20:25:53 aueiei-VirtualBox kernel: [    4.753841] ACPI: Enabled 2 GPEs in block 00 to 07
Mar 25 20:25:53 aueiei-VirtualBox kernel: [    4.753851] ACPI: \_SB_.PCI0: notify handler is installed
Mar 25 20:25:53 aueiei-VirtualBox kernel: [    4.753861] Found 1 acpi root devices
Mar 25 20:25:53 aueiei-VirtualBox kernel: [    4.754050] vgaarb: device added: PCI:0000:00:02.0,decodes=io+mem,owns=io+mem,locks=none
Mar 25 20:25:53 aueiei-VirtualBox kernel: [    4.754053] vgaarb: loaded
Mar 25 20:25:53 aueiei-VirtualBox kernel: [    4.754054] vgaarb: bridge control possible 0000:00:02.0
Mar 25 20:25:53 aueiei-VirtualBox kernel: [    4.754237] SCSI subsystem initialized
Mar 25 20:25:53 aueiei-VirtualBox kernel: [    4.754301] libata version 3.00 loaded.
Mar 25 20:25:53 aueiei-VirtualBox kernel: [    4.754340] ACPI: bus type USB registered
Mar 25 20:25:53 aueiei-VirtualBox kernel: [    4.754364] usbcore: registered new interface driver usbfs
Mar 25 20:25:53 aueiei-VirtualBox kernel: [    4.754372] usbcore: registered new interface driver hub
Mar 25 20:25:53 aueiei-VirtualBox kernel: [    4.754398] usbcore: registered new device driver usb
Mar 25 20:25:53 aueiei-VirtualBox kernel: [    4.754504] PCI: Using ACPI for IRQ routing
Mar 25 20:25:53 aueiei-VirtualBox kernel: [    4.754505] PCI: pci_cache_line_size set to 64 bytes
Mar 25 20:25:53 aueiei-VirtualBox kernel: [    4.754740] e820: reserve RAM buffer [mem 0x0009fc00-0x0009ffff]
Mar 25 20:25:53 aueiei-VirtualBox kernel: [    4.754747] e820: reserve RAM buffer [mem 0x3fff0000-0x3fffffff]
Mar 25 20:25:53 aueiei-VirtualBox kernel: [    4.754834] NetLabel: Initializing
Mar 25 20:25:53 aueiei-VirtualBox kernel: [    4.754835] NetLabel:  domain hash size = 128
Mar 25 20:25:53 aueiei-VirtualBox kernel: [    4.754836] NetLabel:  protocols = UNLABELED CIPSOv4
Mar 25 20:25:53 aueiei-VirtualBox kernel: [    4.754850] NetLabel:  unlabeled traffic allowed by default
Mar 25 20:25:53 aueiei-VirtualBox kernel: [    4.754952] Switched to clocksource kvm-clock
Mar 25 20:25:53 aueiei-VirtualBox kernel: [    4.761617] AppArmor: AppArmor Filesystem Enabled
Mar 25 20:25:53 aueiei-VirtualBox kernel: [    4.761649] pnp: PnP ACPI init
Mar 25 20:25:53 aueiei-VirtualBox kernel: [    4.761666] ACPI: bus type PNP registered
Mar 25 20:25:53 aueiei-VirtualBox kernel: [    4.761755] pnp 00:00: Plug and Play ACPI device, IDs PNP0303 (active)
Mar 25 20:25:53 aueiei-VirtualBox kernel: [    4.761763] pnp 00:01: [dma 4]
Mar 25 20:25:53 aueiei-VirtualBox kernel: [    4.761777] pnp 00:01: Plug and Play ACPI device, IDs PNP0200 (active)
Mar 25 20:25:53 aueiei-VirtualBox kernel: [    4.761862] pnp 00:02: Plug and Play ACPI device, IDs PNP0f03 (active)
Mar 25 20:25:53 aueiei-VirtualBox kernel: [    4.762492] pnp: PnP ACPI: found 3 devices
Mar 25 20:25:53 aueiei-VirtualBox kernel: [    4.762493] ACPI: bus type PNP unregistered
Mar 25 20:25:53 aueiei-VirtualBox kernel: [    4.772910] pci_bus 0000:00: resource 4 [io  0x0000-0xffff]
Mar 25 20:25:53 aueiei-VirtualBox kernel: [    4.772913] pci_bus 0000:00: resource 5 [mem 0x00000000-0xfffffffff]
Mar 25 20:25:53 aueiei-VirtualBox kernel: [    4.772948] NET: Registered protocol family 2
Mar 25 20:25:53 aueiei-VirtualBox kernel: [    4.773103] TCP established hash table entries: 8192 (order: 4, 65536 bytes)
Mar 25 20:25:53 aueiei-VirtualBox kernel: [    4.773123] TCP bind hash table entries: 8192 (order: 5, 131072 bytes)
Mar 25 20:25:53 aueiei-VirtualBox kernel: [    4.773138] TCP: Hash tables configured (established 8192 bind 8192)
Mar 25 20:25:53 aueiei-VirtualBox kernel: [    4.773161] TCP: reno registered
Mar 25 20:25:53 aueiei-VirtualBox kernel: [    4.773165] UDP hash table entries: 512 (order: 2, 16384 bytes)
Mar 25 20:25:53 aueiei-VirtualBox kernel: [    4.773171] UDP-Lite hash table entries: 512 (order: 2, 16384 bytes)
Mar 25 20:25:53 aueiei-VirtualBox kernel: [    4.773210] NET: Registered protocol family 1
Mar 25 20:25:53 aueiei-VirtualBox kernel: [    4.773219] pci 0000:00:00.0: Limiting direct PCI/PCI transfers
Mar 25 20:25:53 aueiei-VirtualBox kernel: [    4.773259] pci 0000:00:01.0: Activating ISA DMA hang workarounds
Mar 25 20:25:53 aueiei-VirtualBox kernel: [    4.773297] pci 0000:00:02.0: Boot video device
Mar 25 20:25:53 aueiei-VirtualBox kernel: [    4.774477] PCI: CLS 0 bytes, default 64
Mar 25 20:25:53 aueiei-VirtualBox kernel: [    4.774563] Trying to unpack rootfs image as initramfs...
Mar 25 20:25:53 aueiei-VirtualBox kernel: [    5.075158] Freeing initrd memory: 18448K (ffff880035be8000 - ffff880036dec000)
Mar 25 20:25:53 aueiei-VirtualBox kernel: [    5.075301] platform rtc_cmos: registered platform RTC device (no PNP device found)
Mar 25 20:25:53 aueiei-VirtualBox kernel: [    5.075355] microcode: CPU0 sig=0x206a7, pf=0x10, revision=0x0
Mar 25 20:25:53 aueiei-VirtualBox kernel: [    5.075398] microcode: Microcode Update Driver: v2.00 <tigran@aivazian.fsnet.co.uk>, Peter Oruba
Mar 25 20:25:53 aueiei-VirtualBox kernel: [    5.075399] Scanning for low memory corruption every 60 seconds
Mar 25 20:25:53 aueiei-VirtualBox kernel: [    5.075604] Initialise system trusted keyring
Mar 25 20:25:53 aueiei-VirtualBox kernel: [    5.075640] audit: initializing netlink socket (disabled)
Mar 25 20:25:53 aueiei-VirtualBox kernel: [    5.075651] type=2000 audit(1458912351.745:1): initialized
Mar 25 20:25:53 aueiei-VirtualBox kernel: [    5.099679] HugeTLB registered 2 MB page size, pre-allocated 0 pages
Mar 25 20:25:53 aueiei-VirtualBox kernel: [    5.100481] zbud: loaded
Mar 25 20:25:53 aueiei-VirtualBox kernel: [    5.100586] VFS: Disk quotas dquot_6.5.2
Mar 25 20:25:53 aueiei-VirtualBox kernel: [    5.100616] Dquot-cache hash table entries: 512 (order 0, 4096 bytes)
Mar 25 20:25:53 aueiei-VirtualBox kernel: [    5.100939] fuse init (API version 7.22)
Mar 25 20:25:53 aueiei-VirtualBox kernel: [    5.100990] msgmni has been set to 1982
Mar 25 20:25:53 aueiei-VirtualBox kernel: [    5.101032] Key type big_key registered
Mar 25 20:25:53 aueiei-VirtualBox kernel: [    5.101244] Key type asymmetric registered
Mar 25 20:25:53 aueiei-VirtualBox kernel: [    5.101251] Asymmetric key parser 'x509' registered
Mar 25 20:25:53 aueiei-VirtualBox kernel: [    5.101276] Block layer SCSI generic (bsg) driver version 0.4 loaded (major 252)
Mar 25 20:25:53 aueiei-VirtualBox kernel: [    5.101300] io scheduler noop registered
Mar 25 20:25:53 aueiei-VirtualBox kernel: [    5.101301] io scheduler deadline registered (default)
Mar 25 20:25:53 aueiei-VirtualBox kernel: [    5.101319] io scheduler cfq registered
Mar 25 20:25:53 aueiei-VirtualBox kernel: [    5.101375] pci_hotplug: PCI Hot Plug PCI Core version: 0.5
Mar 25 20:25:53 aueiei-VirtualBox kernel: [    5.101387] pciehp: PCI Express Hot Plug Controller Driver version: 0.4
Mar 25 20:25:53 aueiei-VirtualBox kernel: [    5.101431] vesafb: mode is 640x480x32, linelength=2560, pages=0
Mar 25 20:25:53 aueiei-VirtualBox kernel: [    5.101432] vesafb: scrolling: redraw
Mar 25 20:25:53 aueiei-VirtualBox kernel: [    5.101434] vesafb: Truecolor: size=8:8:8:8, shift=24:16:8:0
Mar 25 20:25:53 aueiei-VirtualBox kernel: [    5.101496] vesafb: framebuffer at 0xe0000000, mapped to 0xffffc90000200000, using 1216k, total 1216k
Mar 25 20:25:53 aueiei-VirtualBox kernel: [    5.102959] Console: switching to colour frame buffer device 80x30
Mar 25 20:25:53 aueiei-VirtualBox kernel: [    5.103528] fb0: VESA VGA frame buffer device
Mar 25 20:25:53 aueiei-VirtualBox kernel: [    5.103588] ipmi message handler version 39.2
Mar 25 20:25:53 aueiei-VirtualBox kernel: [    5.103720] ACPI: AC Adapter [AC] (off-line)
Mar 25 20:25:53 aueiei-VirtualBox kernel: [    5.103832] input: Power Button as /devices/LNXSYSTM:00/LNXPWRBN:00/input/input0
Mar 25 20:25:53 aueiei-VirtualBox kernel: [    5.103836] ACPI: Power Button [PWRF]
Mar 25 20:25:53 aueiei-VirtualBox kernel: [    5.103907] input: Sleep Button as /devices/LNXSYSTM:00/LNXSLPBN:00/input/input1
Mar 25 20:25:53 aueiei-VirtualBox kernel: [    5.103909] ACPI: Sleep Button [SLPF]
Mar 25 20:25:53 aueiei-VirtualBox kernel: [    5.104018] GHES: HEST is not enabled!
Mar 25 20:25:53 aueiei-VirtualBox kernel: [    5.104079] Serial: 8250/16550 driver, 32 ports, IRQ sharing enabled
Mar 25 20:25:53 aueiei-VirtualBox kernel: [    5.104945] Linux agpgart interface v0.103
Mar 25 20:25:53 aueiei-VirtualBox kernel: [    5.105848] brd: module loaded
Mar 25 20:25:53 aueiei-VirtualBox kernel: [    5.106359] loop: module loaded
Mar 25 20:25:53 aueiei-VirtualBox kernel: [    5.106440] ata_piix 0000:00:01.1: version 2.13
Mar 25 20:25:53 aueiei-VirtualBox kernel: [    5.107476] ACPI: Deprecated procfs I/F for battery is loaded, please retry with CONFIG_ACPI_PROCFS_POWER cleared
Mar 25 20:25:53 aueiei-VirtualBox kernel: [    5.107480] ACPI: Battery Slot [BAT0] (battery present)
Mar 25 20:25:53 aueiei-VirtualBox kernel: [    5.107554] scsi0 : ata_piix
Mar 25 20:25:53 aueiei-VirtualBox kernel: [    5.107600] scsi1 : ata_piix
Mar 25 20:25:53 aueiei-VirtualBox kernel: [    5.107622] ata1: PATA max UDMA/33 cmd 0x1f0 ctl 0x3f6 bmdma 0xd000 irq 14
Mar 25 20:25:53 aueiei-VirtualBox kernel: [    5.107624] ata2: PATA max UDMA/33 cmd 0x170 ctl 0x376 bmdma 0xd008 irq 15
Mar 25 20:25:53 aueiei-VirtualBox kernel: [    5.107811] libphy: Fixed MDIO Bus: probed
Mar 25 20:25:53 aueiei-VirtualBox kernel: [    5.107873] tun: Universal TUN/TAP device driver, 1.6
Mar 25 20:25:53 aueiei-VirtualBox kernel: [    5.107874] tun: (C) 1999-2004 Max Krasnyansky <maxk@qualcomm.com>
Mar 25 20:25:53 aueiei-VirtualBox kernel: [    5.107922] PPP generic driver version 2.4.2
Mar 25 20:25:53 aueiei-VirtualBox kernel: [    5.107952] ehci_hcd: USB 2.0 'Enhanced' Host Controller (EHCI) Driver
Mar 25 20:25:53 aueiei-VirtualBox kernel: [    5.107957] ehci-pci: EHCI PCI platform driver
Mar 25 20:25:53 aueiei-VirtualBox kernel: [    5.107964] ehci-platform: EHCI generic platform driver
Mar 25 20:25:53 aueiei-VirtualBox kernel: [    5.107971] ohci_hcd: USB 1.1 'Open' Host Controller (OHCI) Driver
Mar 25 20:25:53 aueiei-VirtualBox kernel: [    5.107972] ohci-pci: OHCI PCI platform driver
Mar 25 20:25:53 aueiei-VirtualBox kernel: [    5.108473] ohci-pci 0000:00:06.0: OHCI PCI host controller
Mar 25 20:25:53 aueiei-VirtualBox kernel: [    5.108479] ohci-pci 0000:00:06.0: new USB bus registered, assigned bus number 1
Mar 25 20:25:53 aueiei-VirtualBox kernel: [    5.108544] ohci-pci 0000:00:06.0: irq 22, io mem 0xf0804000
Mar 25 20:25:53 aueiei-VirtualBox kernel: [    5.164407] usb usb1: New USB device found, idVendor=1d6b, idProduct=0001
Mar 25 20:25:53 aueiei-VirtualBox kernel: [    5.164418] usb usb1: New USB device strings: Mfr=3, Product=2, SerialNumber=1
Mar 25 20:25:53 aueiei-VirtualBox kernel: [    5.164424] usb usb1: Product: OHCI PCI host controller
Mar 25 20:25:53 aueiei-VirtualBox kernel: [    5.164430] usb usb1: Manufacturer: Linux 3.13.0-32-generic ohci_hcd
Mar 25 20:25:53 aueiei-VirtualBox kernel: [    5.164434] usb usb1: SerialNumber: 0000:00:06.0
Mar 25 20:25:53 aueiei-VirtualBox kernel: [    5.164922] hub 1-0:1.0: USB hub found
Mar 25 20:25:53 aueiei-VirtualBox kernel: [    5.164986] hub 1-0:1.0: 12 ports detected
Mar 25 20:25:53 aueiei-VirtualBox kernel: [    5.166435] ohci-platform: OHCI generic platform driver
Mar 25 20:25:53 aueiei-VirtualBox kernel: [    5.166484] uhci_hcd: USB Universal Host Controller Interface driver
Mar 25 20:25:53 aueiei-VirtualBox kernel: [    5.166622] i8042: PNP: PS/2 Controller [PNP0303:PS2K,PNP0f03:PS2M] at 0x60,0x64 irq 1,12
Mar 25 20:25:53 aueiei-VirtualBox kernel: [    5.167972] serio: i8042 KBD port at 0x60,0x64 irq 1
Mar 25 20:25:53 aueiei-VirtualBox kernel: [    5.167992] serio: i8042 AUX port at 0x60,0x64 irq 12
Mar 25 20:25:53 aueiei-VirtualBox kernel: [    5.168525] mousedev: PS/2 mouse device common for all mice
Mar 25 20:25:53 aueiei-VirtualBox kernel: [    5.169630] input: AT Translated Set 2 keyboard as /devices/platform/i8042/serio0/input/input2
Mar 25 20:25:53 aueiei-VirtualBox kernel: [    5.170925] rtc_cmos rtc_cmos: rtc core: registered rtc_cmos as rtc0
Mar 25 20:25:53 aueiei-VirtualBox kernel: [    5.171258] rtc_cmos rtc_cmos: alarms up to one day, 114 bytes nvram
Mar 25 20:25:53 aueiei-VirtualBox kernel: [    5.171435] device-mapper: uevent: version 1.0.3
Mar 25 20:25:53 aueiei-VirtualBox kernel: [    5.171732] device-mapper: ioctl: 4.27.0-ioctl (2013-10-30) initialised: dm-devel@redhat.com
Mar 25 20:25:53 aueiei-VirtualBox kernel: [    5.171749] ledtrig-cpu: registered to indicate activity on CPUs
Mar 25 20:25:53 aueiei-VirtualBox kernel: [    5.172011] TCP: cubic registered
Mar 25 20:25:53 aueiei-VirtualBox kernel: [    5.172224] NET: Registered protocol family 10
Mar 25 20:25:53 aueiei-VirtualBox kernel: [    5.172763] NET: Registered protocol family 17
Mar 25 20:25:53 aueiei-VirtualBox kernel: [    5.172788] Key type dns_resolver registered
Mar 25 20:25:53 aueiei-VirtualBox kernel: [    5.173247] Loading compiled-in X.509 certificates
Mar 25 20:25:53 aueiei-VirtualBox kernel: [    5.176205] Loaded X.509 cert 'Magrathea: Glacier signing key: 223a1a1af7ef14be22890f9d1cc63d083fee59bf'
Mar 25 20:25:53 aueiei-VirtualBox kernel: [    5.176368] registered taskstats version 1
Mar 25 20:25:53 aueiei-VirtualBox kernel: [    5.184308] Key type trusted registered
Mar 25 20:25:53 aueiei-VirtualBox kernel: [    5.191542] Key type encrypted registered
Mar 25 20:25:53 aueiei-VirtualBox kernel: [    5.198492] AppArmor: AppArmor sha1 policy hashing enabled
Mar 25 20:25:53 aueiei-VirtualBox kernel: [    5.198501] IMA: No TPM chip found, activating TPM-bypass!
Mar 25 20:25:53 aueiei-VirtualBox kernel: [    5.199754] regulator-dummy: disabling
Mar 25 20:25:53 aueiei-VirtualBox kernel: [    5.200069]   Magic number: 8:612:433
Mar 25 20:25:53 aueiei-VirtualBox kernel: [    5.200276] rtc_cmos rtc_cmos: setting system clock to 2016-03-25 13:25:46 UTC (1458912346)
Mar 25 20:25:53 aueiei-VirtualBox kernel: [    5.200421] BIOS EDD facility v0.16 2004-Jun-25, 0 devices found
Mar 25 20:25:53 aueiei-VirtualBox kernel: [    5.200425] EDD information not available.
Mar 25 20:25:53 aueiei-VirtualBox kernel: [    5.200482] PM: Hibernation image not present or could not be loaded.
Mar 25 20:25:53 aueiei-VirtualBox kernel: [    5.264783] ata2.00: ATAPI: VBOX CD-ROM, 1.0, max UDMA/133
Mar 25 20:25:53 aueiei-VirtualBox kernel: [    5.265754] ata2.00: configured for UDMA/33
Mar 25 20:25:53 aueiei-VirtualBox kernel: [    5.266948] scsi 1:0:0:0: CD-ROM            VBOX     CD-ROM           1.0  PQ: 0 ANSI: 5
Mar 25 20:25:53 aueiei-VirtualBox kernel: [    5.268675] sr0: scsi3-mmc drive: 32x/32x xa/form2 tray
Mar 25 20:25:53 aueiei-VirtualBox kernel: [    5.268682] cdrom: Uniform CD-ROM driver Revision: 3.20
Mar 25 20:25:53 aueiei-VirtualBox kernel: [    5.268923] sr 1:0:0:0: Attached scsi CD-ROM sr0
Mar 25 20:25:53 aueiei-VirtualBox kernel: [    5.269275] sr 1:0:0:0: Attached scsi generic sg0 type 5
Mar 25 20:25:53 aueiei-VirtualBox kernel: [    5.272838] Freeing unused kernel memory: 1356K (ffffffff81d1e000 - ffffffff81e71000)
Mar 25 20:25:53 aueiei-VirtualBox kernel: [    5.272845] Write protecting the kernel read-only data: 12288k
Mar 25 20:25:53 aueiei-VirtualBox kernel: [    5.277354] Freeing unused kernel memory: 580K (ffff88000176f000 - ffff880001800000)
Mar 25 20:25:53 aueiei-VirtualBox kernel: [    5.281980] Freeing unused kernel memory: 612K (ffff880001b67000 - ffff880001c00000)
Mar 25 20:25:53 aueiei-VirtualBox kernel: [    5.464567] e1000: Intel(R) PRO/1000 Network Driver - version 7.3.21-k8-NAPI
Mar 25 20:25:53 aueiei-VirtualBox kernel: [    5.464570] e1000: Copyright (c) 1999-2006 Intel Corporation.
Mar 25 20:25:53 aueiei-VirtualBox kernel: [    5.856690] e1000 0000:00:03.0 eth0: (PCI:33MHz:32-bit) 08:00:27:22:05:cc
Mar 25 20:25:53 aueiei-VirtualBox kernel: [    5.856698] e1000 0000:00:03.0 eth0: Intel(R) PRO/1000 Network Connection
Mar 25 20:25:53 aueiei-VirtualBox kernel: [    5.856726] ahci 0000:00:0d.0: version 3.0
Mar 25 20:25:53 aueiei-VirtualBox kernel: [    5.857270] ahci 0000:00:0d.0: SSS flag set, parallel bus scan disabled
Mar 25 20:25:53 aueiei-VirtualBox kernel: [    5.857426] ahci 0000:00:0d.0: AHCI 0001.0100 32 slots 1 ports 3 Gbps 0x1 impl SATA mode
Mar 25 20:25:53 aueiei-VirtualBox kernel: [    5.857429] ahci 0000:00:0d.0: flags: 64bit ncq stag only ccc 
Mar 25 20:25:53 aueiei-VirtualBox kernel: [    5.858548] scsi2 : ahci
Mar 25 20:25:53 aueiei-VirtualBox kernel: [    5.858601] ata3: SATA max UDMA/133 abar m8192@0xf0806000 port 0xf0806100 irq 21
Mar 25 20:25:53 aueiei-VirtualBox kernel: [    5.871285] usb 1-1: new full-speed USB device number 2 using ohci-pci
Mar 25 20:25:53 aueiei-VirtualBox kernel: [    6.075503] tsc: Refined TSC clocksource calibration: 2291.913 MHz
Mar 25 20:25:53 aueiei-VirtualBox kernel: [    6.151449] usb 1-1: New USB device found, idVendor=80ee, idProduct=0021
Mar 25 20:25:53 aueiei-VirtualBox kernel: [    6.151460] usb 1-1: New USB device strings: Mfr=1, Product=3, SerialNumber=0
Mar 25 20:25:53 aueiei-VirtualBox kernel: [    6.151466] usb 1-1: Product: USB Tablet
Mar 25 20:25:53 aueiei-VirtualBox kernel: [    6.151471] usb 1-1: Manufacturer: VirtualBox
Mar 25 20:25:53 aueiei-VirtualBox kernel: [    6.174639] hidraw: raw HID events driver (C) Jiri Kosina
Mar 25 20:25:53 aueiei-VirtualBox kernel: [    6.177319] ata3: SATA link up 3.0 Gbps (SStatus 123 SControl 300)
Mar 25 20:25:53 aueiei-VirtualBox kernel: [    6.180323] ata3.00: ATA-6: VBOX HARDDISK, 1.0, max UDMA/133
Mar 25 20:25:53 aueiei-VirtualBox kernel: [    6.180331] ata3.00: 16777216 sectors, multi 128: LBA48 NCQ (depth 31/32)
Mar 25 20:25:53 aueiei-VirtualBox kernel: [    6.182678] ata3.00: configured for UDMA/133
Mar 25 20:25:53 aueiei-VirtualBox kernel: [    6.182925] scsi 2:0:0:0: Direct-Access     ATA      VBOX HARDDISK    1.0  PQ: 0 ANSI: 5
Mar 25 20:25:53 aueiei-VirtualBox kernel: [    6.183492] sd 2:0:0:0: [sda] 16777216 512-byte logical blocks: (8.58 GB/8.00 GiB)
Mar 25 20:25:53 aueiei-VirtualBox kernel: [    6.183616] sd 2:0:0:0: [sda] Write Protect is off
Mar 25 20:25:53 aueiei-VirtualBox kernel: [    6.183622] sd 2:0:0:0: [sda] Mode Sense: 00 3a 00 00
Mar 25 20:25:53 aueiei-VirtualBox kernel: [    6.183676] sd 2:0:0:0: [sda] Write cache: enabled, read cache: enabled, doesn't support DPO or FUA
Mar 25 20:25:53 aueiei-VirtualBox kernel: [    6.184298] sd 2:0:0:0: Attached scsi generic sg1 type 0
Mar 25 20:25:53 aueiei-VirtualBox kernel: [    6.186239]  sda: sda1 sda2 < sda5 >
Mar 25 20:25:53 aueiei-VirtualBox kernel: [    6.186925] sd 2:0:0:0: [sda] Attached SCSI disk
Mar 25 20:25:53 aueiei-VirtualBox kernel: [    6.216053] usbcore: registered new interface driver usbhid
Mar 25 20:25:53 aueiei-VirtualBox kernel: [    6.216057] usbhid: USB HID core driver
Mar 25 20:25:53 aueiei-VirtualBox kernel: [    6.228475] input: VirtualBox USB Tablet as /devices/pci0000:00/0000:00:06.0/usb1/1-1/1-1:1.0/input/input4
Mar 25 20:25:53 aueiei-VirtualBox kernel: [    6.228803] hid-generic 0003:80EE:0021.0001: input,hidraw0: USB HID v1.10 Mouse [VirtualBox USB Tablet] on usb-0000:00:06.0-1/input0
Mar 25 20:25:53 aueiei-VirtualBox kernel: [    6.500701] EXT4-fs (sda1): INFO: recovery required on readonly filesystem
Mar 25 20:25:53 aueiei-VirtualBox kernel: [    6.500711] EXT4-fs (sda1): write access will be enabled during recovery
Mar 25 20:25:53 aueiei-VirtualBox kernel: [    7.740359] random: nonblocking pool is initialized
Mar 25 20:25:53 aueiei-VirtualBox kernel: [    8.163143] EXT4-fs (sda1): orphan cleanup on readonly fs
Mar 25 20:25:53 aueiei-VirtualBox kernel: [    8.164405] EXT4-fs (sda1): 35 orphan inodes deleted
Mar 25 20:25:53 aueiei-VirtualBox kernel: [    8.164412] EXT4-fs (sda1): recovery complete
Mar 25 20:25:53 aueiei-VirtualBox kernel: [    8.218362] EXT4-fs (sda1): mounted filesystem with ordered data mode. Opts: (null)
Mar 25 20:25:53 aueiei-VirtualBox kernel: [   10.141911] Adding 1046524k swap on /dev/sda5.  Priority:-1 extents:1 across:1046524k FS
Mar 25 20:25:53 aueiei-VirtualBox kernel: [   10.656207] IPv6: ADDRCONF(NETDEV_UP): eth0: link is not ready
Mar 25 20:25:53 aueiei-VirtualBox kernel: [   10.806093] EXT4-fs (sda1): re-mounted. Opts: errors=remount-ro
Mar 25 20:25:53 aueiei-VirtualBox kernel: [   11.162344] lp: driver loaded but no devices found
Mar 25 20:25:53 aueiei-VirtualBox kernel: [   11.919999] ppdev: user-space parallel port driver
Mar 25 20:25:53 aueiei-VirtualBox kernel: [   11.979475] piix4_smbus 0000:00:07.0: SMBus base address uninitialized - upgrade BIOS or use force_addr=0xaddr
Mar 25 20:25:53 aueiei-VirtualBox kernel: [   12.106363] ACPI: Video Device [GFX0] (multi-head: yes  rom: no  post: no)
Mar 25 20:25:53 aueiei-VirtualBox kernel: [   12.108635] input: Video Bus as /devices/LNXSYSTM:00/device:00/PNP0A03:00/LNXVIDEO:00/input/input6
Mar 25 20:25:53 aueiei-VirtualBox kernel: [   12.179274] vboxguest: module verification failed: signature and/or  required key missing - tainting kernel
Mar 25 20:25:53 aueiei-VirtualBox kernel: [   12.227266] input: Unspecified device as /devices/virtual/input/input7
Mar 25 20:25:53 aueiei-VirtualBox kernel: [   12.238852] vboxguest: major 0, IRQ 20, I/O port d020, MMIO at 00000000f0400000 (size 0x400000)
Mar 25 20:25:53 aueiei-VirtualBox kernel: [   12.238861] vboxguest: Successfully loaded version 4.1.44_Ubuntu (interface 0x00010004)
Mar 25 20:25:53 aueiei-VirtualBox kernel: [   12.257077] psmouse serio1: alps: Unknown ALPS touchpad: E7=10 00 64, EC=10 00 64
Mar 25 20:25:53 aueiei-VirtualBox kernel: [   12.263141] input: ImExPS/2 Generic Explorer Mouse as /devices/platform/i8042/serio1/input/input5
Mar 25 20:25:53 aueiei-VirtualBox kernel: [   12.303326] type=1400 audit(1458912353.595:2): apparmor="STATUS" operation="profile_load" profile="unconfined" name="/sbin/dhclient" pid=658 comm="apparmor_parser"
Mar 25 20:25:53 aueiei-VirtualBox kernel: [   12.303333] type=1400 audit(1458912353.595:3): apparmor="STATUS" operation="profile_load" profile="unconfined" name="/usr/lib/NetworkManager/nm-dhcp-client.action" pid=658 comm="apparmor_parser"
Mar 25 20:25:53 aueiei-VirtualBox kernel: [   12.303337] type=1400 audit(1458912353.595:4): apparmor="STATUS" operation="profile_load" profile="unconfined" name="/usr/lib/connman/scripts/dhclient-script" pid=658 comm="apparmor_parser"
Mar 25 20:25:53 aueiei-VirtualBox kernel: [   12.307264] type=1400 audit(1458912353.603:5): apparmor="STATUS" operation="profile_replace" profile="unconfined" name="/usr/lib/NetworkManager/nm-dhcp-client.action" pid=658 comm="apparmor_parser"
Mar 25 20:25:53 aueiei-VirtualBox kernel: [   12.307272] type=1400 audit(1458912353.603:6): apparmor="STATUS" operation="profile_replace" profile="unconfined" name="/usr/lib/connman/scripts/dhclient-script" pid=658 comm="apparmor_parser"
Mar 25 20:25:53 aueiei-VirtualBox kernel: [   12.307513] type=1400 audit(1458912353.603:7): apparmor="STATUS" operation="profile_replace" profile="unconfined" name="/usr/lib/connman/scripts/dhclient-script" pid=658 comm="apparmor_parser"
Mar 25 20:25:53 aueiei-VirtualBox kernel: [   12.310795] type=1400 audit(1458912353.603:8): apparmor="STATUS" operation="profile_load" profile="unconfined" name="/usr/lib/cups/backend/cups-pdf" pid=602 comm="apparmor_parser"
Mar 25 20:25:53 aueiei-VirtualBox kernel: [   12.310803] type=1400 audit(1458912353.603:9): apparmor="STATUS" operation="profile_load" profile="unconfined" name="/usr/sbin/cupsd" pid=602 comm="apparmor_parser"
Mar 25 20:25:53 aueiei-VirtualBox kernel: [   12.311362] type=1400 audit(1458912353.607:10): apparmor="STATUS" operation="profile_replace" profile="unconfined" name="/usr/sbin/cupsd" pid=602 comm="apparmor_parser"
Mar 25 20:25:53 aueiei-VirtualBox kernel: [   12.319983] type=1400 audit(1458912353.615:11): apparmor="STATUS" operation="profile_replace" profile="unconfined" name="/sbin/dhclient" pid=675 comm="apparmor_parser"
Mar 25 20:25:53 aueiei-VirtualBox kernel: [   12.424783] Bluetooth: Core ver 2.17
Mar 25 20:25:53 aueiei-VirtualBox kernel: [   12.425542] NET: Registered protocol family 31
Mar 25 20:25:53 aueiei-VirtualBox kernel: [   12.425545] Bluetooth: HCI device and connection manager initialized
Mar 25 20:25:53 aueiei-VirtualBox kernel: [   12.425553] Bluetooth: HCI socket layer initialized
Mar 25 20:25:53 aueiei-VirtualBox kernel: [   12.425555] Bluetooth: L2CAP socket layer initialized
Mar 25 20:25:53 aueiei-VirtualBox kernel: [   12.425561] Bluetooth: SCO socket layer initialized
Mar 25 20:25:53 aueiei-VirtualBox kernel: [   12.513042] Bluetooth: RFCOMM TTY layer initialized
Mar 25 20:25:53 aueiei-VirtualBox kernel: [   12.513053] Bluetooth: RFCOMM socket layer initialized
Mar 25 20:25:53 aueiei-VirtualBox kernel: [   12.513060] Bluetooth: RFCOMM ver 1.11
Mar 25 20:25:53 aueiei-VirtualBox kernel: [   12.533385] Bluetooth: BNEP (Ethernet Emulation) ver 1.3
Mar 25 20:25:53 aueiei-VirtualBox kernel: [   12.533389] Bluetooth: BNEP filters: protocol multicast
Mar 25 20:25:53 aueiei-VirtualBox kernel: [   12.533398] Bluetooth: BNEP socket layer initialized
Mar 25 20:25:54 aueiei-VirtualBox kernel: [   12.939277] intel8x0: disable (unknown or VT-d) VM optimization
Mar 25 20:25:54 aueiei-VirtualBox kernel: [   13.255310] intel8x0: white list rate for 1028:0177 is 48000
Mar 25 20:25:55 aueiei-VirtualBox kernel: [   14.547899] e1000: eth0 NIC Link is Up 1000 Mbps Full Duplex, Flow Control: RX
Mar 25 20:25:55 aueiei-VirtualBox kernel: [   14.550176] IPv6: ADDRCONF(NETDEV_UP): eth0: link is not ready
Mar 25 20:25:55 aueiei-VirtualBox kernel: [   14.550202] IPv6: ADDRCONF(NETDEV_CHANGE): eth0: link becomes ready
Mar 25 20:26:26 aueiei-VirtualBox kernel: [   45.619120] audit_printk_skb: 171 callbacks suppressed
Mar 25 20:26:26 aueiei-VirtualBox kernel: [   45.619124] type=1400 audit(1458912386.930:69): apparmor="DENIED" operation="open" profile="/usr/lib/telepathy/mission-control-5" name="/usr/share/gvfs/remote-volume-monitors/" pid=1897 comm="mission-control" requested_mask="r" denied_mask="r" fsuid=1000 ouid=0
Mar 25 20:27:41 aueiei-VirtualBox kernel: [  119.687900] atkbd serio0: Spurious NAK on isa0060/serio0. Some program might be trying to access hardware directly.
Mar 25 20:39:28 aueiei-VirtualBox kernel: [  826.290482] e1000: eth0 NIC Link is Down
Mar 25 20:39:32 aueiei-VirtualBox kernel: [  830.310537] IPv6: ADDRCONF(NETDEV_UP): eth0: link is not ready
