Mar 26 22:39:26 aueiei-VirtualBox rsyslogd: [origin software="rsyslogd" swVersion="5.8.6" x-pid="524" x-info="http://www.rsyslog.com"] rsyslogd was HUPed
Mar 26 22:39:36 aueiei-VirtualBox anacron[901]: Job `cron.daily' terminated
Mar 26 22:39:36 aueiei-VirtualBox anacron[901]: Normal exit (1 job run)
Mar 26 22:45:29 aueiei-VirtualBox pulseaudio[1750]: [alsa-sink] alsa-sink.c: ALSA woke us up to write new data to the device, but there was actually nothing to write!
Mar 26 22:45:29 aueiei-VirtualBox pulseaudio[1750]: [alsa-sink] alsa-sink.c: Most likely this is a bug in the ALSA driver 'snd_intel8x0'. Please report this issue to the ALSA developers.
Mar 26 22:45:29 aueiei-VirtualBox pulseaudio[1750]: [alsa-sink] alsa-sink.c: We were woken up with POLLOUT set -- however a subsequent snd_pcm_avail() returned 0 or another value < min_avail.
May  1 21:57:19 aueiei-VirtualBox kernel: imklog 5.8.6, log source = /proc/kmsg started.
May  1 21:57:19 aueiei-VirtualBox rsyslogd: [origin software="rsyslogd" swVersion="5.8.6" x-pid="477" x-info="http://www.rsyslog.com"] start
May  1 21:57:19 aueiei-VirtualBox rsyslogd: rsyslogd's groupid changed to 103
May  1 21:57:19 aueiei-VirtualBox rsyslogd: rsyslogd's userid changed to 101
May  1 21:57:19 aueiei-VirtualBox rsyslogd-2039: Could not open output pipe '/dev/xconsole' [try http://www.rsyslog.com/e/2039 ]
May  1 21:57:19 aueiei-VirtualBox kernel: [    0.000000] Initializing cgroup subsys cpuset
May  1 21:57:19 aueiei-VirtualBox kernel: [    0.000000] Initializing cgroup subsys cpu
May  1 21:57:19 aueiei-VirtualBox kernel: [    0.000000] Initializing cgroup subsys cpuacct
May  1 21:57:19 aueiei-VirtualBox kernel: [    0.000000] Linux version 3.13.0-32-generic (buildd@phianna) (gcc version 4.6.3 (Ubuntu/Linaro 4.6.3-1ubuntu5) ) #57~precise1-Ubuntu SMP Tue Jul 15 03:51:20 UTC 2014 (Ubuntu 3.13.0-32.57~precise1-generic 3.13.11.4)
May  1 21:57:19 aueiei-VirtualBox kernel: [    0.000000] Command line: BOOT_IMAGE=/boot/vmlinuz-3.13.0-32-generic root=UUID=5aec5fa7-8b35-43dc-8693-693a86ea3a60 ro quiet splash vt.handoff=7
May  1 21:57:19 aueiei-VirtualBox kernel: [    0.000000] KERNEL supported cpus:
May  1 21:57:19 aueiei-VirtualBox kernel: [    0.000000]   Intel GenuineIntel
May  1 21:57:19 aueiei-VirtualBox kernel: [    0.000000]   AMD AuthenticAMD
May  1 21:57:19 aueiei-VirtualBox kernel: [    0.000000]   Centaur CentaurHauls
May  1 21:57:19 aueiei-VirtualBox kernel: [    0.000000] e820: BIOS-provided physical RAM map:
May  1 21:57:19 aueiei-VirtualBox kernel: [    0.000000] BIOS-e820: [mem 0x0000000000000000-0x000000000009fbff] usable
May  1 21:57:19 aueiei-VirtualBox kernel: [    0.000000] BIOS-e820: [mem 0x000000000009fc00-0x000000000009ffff] reserved
May  1 21:57:19 aueiei-VirtualBox kernel: [    0.000000] BIOS-e820: [mem 0x00000000000f0000-0x00000000000fffff] reserved
May  1 21:57:19 aueiei-VirtualBox kernel: [    0.000000] BIOS-e820: [mem 0x0000000000100000-0x000000003ffeffff] usable
May  1 21:57:19 aueiei-VirtualBox kernel: [    0.000000] BIOS-e820: [mem 0x000000003fff0000-0x000000003fffffff] ACPI data
May  1 21:57:19 aueiei-VirtualBox kernel: [    0.000000] BIOS-e820: [mem 0x00000000fffc0000-0x00000000ffffffff] reserved
May  1 21:57:19 aueiei-VirtualBox kernel: [    0.000000] NX (Execute Disable) protection: active
May  1 21:57:19 aueiei-VirtualBox kernel: [    0.000000] SMBIOS 2.5 present.
May  1 21:57:19 aueiei-VirtualBox kernel: [    0.000000] DMI: innotek GmbH VirtualBox/VirtualBox, BIOS VirtualBox 12/01/2006
May  1 21:57:19 aueiei-VirtualBox kernel: [    0.000000] Hypervisor detected: KVM
May  1 21:57:19 aueiei-VirtualBox kernel: [    0.000000] e820: update [mem 0x00000000-0x00000fff] usable ==> reserved
May  1 21:57:19 aueiei-VirtualBox kernel: [    0.000000] e820: remove [mem 0x000a0000-0x000fffff] usable
May  1 21:57:19 aueiei-VirtualBox kernel: [    0.000000] No AGP bridge found
May  1 21:57:19 aueiei-VirtualBox kernel: [    0.000000] e820: last_pfn = 0x3fff0 max_arch_pfn = 0x400000000
May  1 21:57:19 aueiei-VirtualBox kernel: [    0.000000] MTRR default type: uncachable
May  1 21:57:19 aueiei-VirtualBox kernel: [    0.000000] MTRR variable ranges disabled:
May  1 21:57:19 aueiei-VirtualBox kernel: [    0.000000] x86 PAT enabled: cpu 0, old 0x7040600070406, new 0x7010600070106
May  1 21:57:19 aueiei-VirtualBox kernel: [    0.000000] CPU MTRRs all blank - virtualized system.
May  1 21:57:19 aueiei-VirtualBox kernel: [    0.000000] found SMP MP-table at [mem 0x0009fff0-0x0009ffff] mapped at [ffff88000009fff0]
May  1 21:57:19 aueiei-VirtualBox kernel: [    0.000000] Scanning 1 areas for low memory corruption
May  1 21:57:19 aueiei-VirtualBox kernel: [    0.000000] Base memory trampoline at [ffff880000099000] 99000 size 24576
May  1 21:57:19 aueiei-VirtualBox kernel: [    0.000000] init_memory_mapping: [mem 0x00000000-0x000fffff]
May  1 21:57:19 aueiei-VirtualBox kernel: [    0.000000]  [mem 0x00000000-0x000fffff] page 4k
May  1 21:57:19 aueiei-VirtualBox kernel: [    0.000000] BRK [0x01fe3000, 0x01fe3fff] PGTABLE
May  1 21:57:19 aueiei-VirtualBox kernel: [    0.000000] BRK [0x01fe4000, 0x01fe4fff] PGTABLE
May  1 21:57:19 aueiei-VirtualBox kernel: [    0.000000] BRK [0x01fe5000, 0x01fe5fff] PGTABLE
May  1 21:57:19 aueiei-VirtualBox kernel: [    0.000000] init_memory_mapping: [mem 0x3fc00000-0x3fdfffff]
May  1 21:57:19 aueiei-VirtualBox kernel: [    0.000000]  [mem 0x3fc00000-0x3fdfffff] page 2M
May  1 21:57:19 aueiei-VirtualBox kernel: [    0.000000] init_memory_mapping: [mem 0x3c000000-0x3fbfffff]
May  1 21:57:19 aueiei-VirtualBox kernel: [    0.000000]  [mem 0x3c000000-0x3fbfffff] page 2M
May  1 21:57:19 aueiei-VirtualBox kernel: [    0.000000] init_memory_mapping: [mem 0x00100000-0x3bffffff]
May  1 21:57:19 aueiei-VirtualBox kernel: [    0.000000]  [mem 0x00100000-0x001fffff] page 4k
May  1 21:57:19 aueiei-VirtualBox kernel: [    0.000000]  [mem 0x00200000-0x3bffffff] page 2M
May  1 21:57:19 aueiei-VirtualBox kernel: [    0.000000] init_memory_mapping: [mem 0x3fe00000-0x3ffeffff]
May  1 21:57:19 aueiei-VirtualBox kernel: [    0.000000]  [mem 0x3fe00000-0x3ffeffff] page 4k
May  1 21:57:19 aueiei-VirtualBox kernel: [    0.000000] BRK [0x01fe6000, 0x01fe6fff] PGTABLE
May  1 21:57:19 aueiei-VirtualBox kernel: [    0.000000] RAMDISK: [mem 0x35be8000-0x36debfff]
May  1 21:57:19 aueiei-VirtualBox kernel: [    0.000000] ACPI: RSDP 00000000000e0000 000024 (v02 VBOX  )
May  1 21:57:19 aueiei-VirtualBox kernel: [    0.000000] ACPI: XSDT 000000003fff0030 00003C (v01 VBOX   VBOXXSDT 00000001 ASL  00000061)
May  1 21:57:19 aueiei-VirtualBox kernel: [    0.000000] ACPI: FACP 000000003fff00f0 0000F4 (v04 VBOX   VBOXFACP 00000001 ASL  00000061)
May  1 21:57:19 aueiei-VirtualBox kernel: [    0.000000] ACPI: DSDT 000000003fff0470 001E0B (v01 VBOX   VBOXBIOS 00000002 INTL 20100528)
May  1 21:57:19 aueiei-VirtualBox kernel: [    0.000000] ACPI: FACS 000000003fff0200 000040
May  1 21:57:19 aueiei-VirtualBox kernel: [    0.000000] ACPI: APIC 000000003fff0240 000054 (v02 VBOX   VBOXAPIC 00000001 ASL  00000061)
May  1 21:57:19 aueiei-VirtualBox kernel: [    0.000000] ACPI: SSDT 000000003fff02a0 0001CC (v01 VBOX   VBOXCPUT 00000002 INTL 20100528)
May  1 21:57:19 aueiei-VirtualBox kernel: [    0.000000] ACPI: Local APIC address 0xfee00000
May  1 21:57:19 aueiei-VirtualBox kernel: [    0.000000] No NUMA configuration found
May  1 21:57:19 aueiei-VirtualBox kernel: [    0.000000] Faking a node at [mem 0x0000000000000000-0x000000003ffeffff]
May  1 21:57:19 aueiei-VirtualBox kernel: [    0.000000] Initmem setup node 0 [mem 0x00000000-0x3ffeffff]
May  1 21:57:19 aueiei-VirtualBox kernel: [    0.000000]   NODE_DATA [mem 0x3ffeb000-0x3ffeffff]
May  1 21:57:19 aueiei-VirtualBox kernel: [    0.000000] kvm-clock: Using msrs 4b564d01 and 4b564d00
May  1 21:57:19 aueiei-VirtualBox kernel: [    0.000000] kvm-clock: cpu 0, msr 0:3ffe7001, boot clock
May  1 21:57:19 aueiei-VirtualBox kernel: [    4.754613]  [ffffea0000000000-ffffea0000ffffff] PMD -> [ffff88003e600000-ffff88003f5fffff] on node 0
May  1 21:57:19 aueiei-VirtualBox kernel: [    4.754620] Zone ranges:
May  1 21:57:19 aueiei-VirtualBox kernel: [    4.754622]   DMA      [mem 0x00001000-0x00ffffff]
May  1 21:57:19 aueiei-VirtualBox kernel: [    4.754624]   DMA32    [mem 0x01000000-0xffffffff]
May  1 21:57:19 aueiei-VirtualBox kernel: [    4.754625]   Normal   empty
May  1 21:57:19 aueiei-VirtualBox kernel: [    4.754627] Movable zone start for each node
May  1 21:57:19 aueiei-VirtualBox kernel: [    4.754628] Early memory node ranges
May  1 21:57:19 aueiei-VirtualBox kernel: [    4.754629]   node   0: [mem 0x00001000-0x0009efff]
May  1 21:57:19 aueiei-VirtualBox kernel: [    4.754630]   node   0: [mem 0x00100000-0x3ffeffff]
May  1 21:57:19 aueiei-VirtualBox kernel: [    4.754633] On node 0 totalpages: 262030
May  1 21:57:19 aueiei-VirtualBox kernel: [    4.754635]   DMA zone: 64 pages used for memmap
May  1 21:57:19 aueiei-VirtualBox kernel: [    4.754636]   DMA zone: 21 pages reserved
May  1 21:57:19 aueiei-VirtualBox kernel: [    4.754637]   DMA zone: 3998 pages, LIFO batch:0
May  1 21:57:19 aueiei-VirtualBox kernel: [    4.754790]   DMA32 zone: 4032 pages used for memmap
May  1 21:57:19 aueiei-VirtualBox kernel: [    4.754791]   DMA32 zone: 258032 pages, LIFO batch:31
May  1 21:57:19 aueiei-VirtualBox kernel: [    4.766033] ACPI: PM-Timer IO Port: 0x4008
May  1 21:57:19 aueiei-VirtualBox kernel: [    4.766044] ACPI: Local APIC address 0xfee00000
May  1 21:57:19 aueiei-VirtualBox kernel: [    4.766061] ACPI: LAPIC (acpi_id[0x00] lapic_id[0x00] enabled)
May  1 21:57:19 aueiei-VirtualBox kernel: [    4.766070] ACPI: IOAPIC (id[0x01] address[0xfec00000] gsi_base[0])
May  1 21:57:19 aueiei-VirtualBox kernel: [    4.766224] IOAPIC[0]: apic_id 1, version 17, address 0xfec00000, GSI 0-23
May  1 21:57:19 aueiei-VirtualBox kernel: [    4.766230] ACPI: INT_SRC_OVR (bus 0 bus_irq 0 global_irq 2 dfl dfl)
May  1 21:57:19 aueiei-VirtualBox kernel: [    4.766232] ACPI: INT_SRC_OVR (bus 0 bus_irq 9 global_irq 9 high level)
May  1 21:57:19 aueiei-VirtualBox kernel: [    4.766237] ACPI: IRQ0 used by override.
May  1 21:57:19 aueiei-VirtualBox kernel: [    4.766238] ACPI: IRQ2 used by override.
May  1 21:57:19 aueiei-VirtualBox kernel: [    4.766240] ACPI: IRQ9 used by override.
May  1 21:57:19 aueiei-VirtualBox kernel: [    4.766244] Using ACPI (MADT) for SMP configuration information
May  1 21:57:19 aueiei-VirtualBox kernel: [    4.766248] smpboot: Allowing 1 CPUs, 0 hotplug CPUs
May  1 21:57:19 aueiei-VirtualBox kernel: [    4.766268] nr_irqs_gsi: 40
May  1 21:57:19 aueiei-VirtualBox kernel: [    4.766300] PM: Registered nosave memory: [mem 0x0009f000-0x0009ffff]
May  1 21:57:19 aueiei-VirtualBox kernel: [    4.766302] PM: Registered nosave memory: [mem 0x000a0000-0x000effff]
May  1 21:57:19 aueiei-VirtualBox kernel: [    4.766303] PM: Registered nosave memory: [mem 0x000f0000-0x000fffff]
May  1 21:57:19 aueiei-VirtualBox kernel: [    4.766306] e820: [mem 0x40000000-0xfffbffff] available for PCI devices
May  1 21:57:19 aueiei-VirtualBox kernel: [    4.766308] Booting paravirtualized kernel on KVM
May  1 21:57:19 aueiei-VirtualBox kernel: [    4.766316] setup_percpu: NR_CPUS:256 nr_cpumask_bits:256 nr_cpu_ids:1 nr_node_ids:1
May  1 21:57:19 aueiei-VirtualBox kernel: [    4.767698] PERCPU: Embedded 29 pages/cpu @ffff88003fc00000 s86336 r8192 d24256 u2097152
May  1 21:57:19 aueiei-VirtualBox kernel: [    4.767708] pcpu-alloc: s86336 r8192 d24256 u2097152 alloc=1*2097152
May  1 21:57:19 aueiei-VirtualBox kernel: [    4.767710] pcpu-alloc: [0] 0 
May  1 21:57:19 aueiei-VirtualBox kernel: [    4.767788] kvm-clock: cpu 0, msr 0:3ffe7001, primary cpu clock
May  1 21:57:19 aueiei-VirtualBox kernel: [    4.767800] Built 1 zonelists in Node order, mobility grouping on.  Total pages: 257913
May  1 21:57:19 aueiei-VirtualBox kernel: [    4.767801] Policy zone: DMA32
May  1 21:57:19 aueiei-VirtualBox kernel: [    4.767803] Kernel command line: BOOT_IMAGE=/boot/vmlinuz-3.13.0-32-generic root=UUID=5aec5fa7-8b35-43dc-8693-693a86ea3a60 ro quiet splash vt.handoff=7
May  1 21:57:19 aueiei-VirtualBox kernel: [    4.770431] PID hash table entries: 4096 (order: 3, 32768 bytes)
May  1 21:57:19 aueiei-VirtualBox kernel: [    4.770468] xsave: enabled xstate_bv 0x7, cntxt size 0x340
May  1 21:57:19 aueiei-VirtualBox kernel: [    4.770474] Checking aperture...
May  1 21:57:19 aueiei-VirtualBox kernel: [    4.801421] No AGP bridge found
May  1 21:57:19 aueiei-VirtualBox kernel: [    4.801639] Calgary: detecting Calgary via BIOS EBDA area
May  1 21:57:19 aueiei-VirtualBox kernel: [    4.801642] Calgary: Unable to locate Rio Grande table in EBDA - bailing!
May  1 21:57:19 aueiei-VirtualBox kernel: [    4.806586] Memory: 996508K/1048120K available (7602K kernel code, 1137K rwdata, 3484K rodata, 1356K init, 1440K bss, 51612K reserved)
May  1 21:57:19 aueiei-VirtualBox kernel: [    4.809231] SLUB: HWalign=64, Order=0-3, MinObjects=0, CPUs=1, Nodes=1
May  1 21:57:19 aueiei-VirtualBox kernel: [    4.809250] Hierarchical RCU implementation.
May  1 21:57:19 aueiei-VirtualBox kernel: [    4.809252] 	RCU dyntick-idle grace-period acceleration is enabled.
May  1 21:57:19 aueiei-VirtualBox kernel: [    4.809253] 	RCU restricting CPUs from NR_CPUS=256 to nr_cpu_ids=1.
May  1 21:57:19 aueiei-VirtualBox kernel: [    4.809254] 	Offload RCU callbacks from all CPUs
May  1 21:57:19 aueiei-VirtualBox kernel: [    4.809255] 	Offload RCU callbacks from CPUs: 0.
May  1 21:57:19 aueiei-VirtualBox kernel: [    4.810366] NR_IRQS:16640 nr_irqs:256 16
May  1 21:57:19 aueiei-VirtualBox kernel: [    4.813557] Console: colour dummy device 80x25
May  1 21:57:19 aueiei-VirtualBox kernel: [    4.813625] console [tty0] enabled
May  1 21:57:19 aueiei-VirtualBox kernel: [    4.821700] allocated 4194304 bytes of page_cgroup
May  1 21:57:19 aueiei-VirtualBox kernel: [    4.821712] please try 'cgroup_disable=memory' option if you don't want memory cgroups
May  1 21:57:19 aueiei-VirtualBox kernel: [    4.821847] tsc: Detected 2292.554 MHz processor
May  1 21:57:19 aueiei-VirtualBox kernel: [    4.821852] Calibrating delay loop (skipped) preset value.. 4585.10 BogoMIPS (lpj=9170216)
May  1 21:57:19 aueiei-VirtualBox kernel: [    4.821855] pid_max: default: 32768 minimum: 301
May  1 21:57:19 aueiei-VirtualBox kernel: [    4.821900] Security Framework initialized
May  1 21:57:19 aueiei-VirtualBox kernel: [    4.821918] AppArmor: AppArmor initialized
May  1 21:57:19 aueiei-VirtualBox kernel: [    4.821919] Yama: becoming mindful.
May  1 21:57:19 aueiei-VirtualBox kernel: [    4.822031] Dentry cache hash table entries: 131072 (order: 8, 1048576 bytes)
May  1 21:57:19 aueiei-VirtualBox kernel: [    4.822257] Inode-cache hash table entries: 65536 (order: 7, 524288 bytes)
May  1 21:57:19 aueiei-VirtualBox kernel: [    4.822466] Mount-cache hash table entries: 2048 (order: 2, 16384 bytes)
May  1 21:57:19 aueiei-VirtualBox kernel: [    4.822471] Mountpoint-cache hash table entries: 2048 (order: 2, 16384 bytes)
May  1 21:57:19 aueiei-VirtualBox kernel: [    4.822660] Initializing cgroup subsys memory
May  1 21:57:19 aueiei-VirtualBox kernel: [    4.822666] Initializing cgroup subsys devices
May  1 21:57:19 aueiei-VirtualBox kernel: [    4.822668] Initializing cgroup subsys freezer
May  1 21:57:19 aueiei-VirtualBox kernel: [    4.822670] Initializing cgroup subsys blkio
May  1 21:57:19 aueiei-VirtualBox kernel: [    4.822671] Initializing cgroup subsys perf_event
May  1 21:57:19 aueiei-VirtualBox kernel: [    4.822673] Initializing cgroup subsys hugetlb
May  1 21:57:19 aueiei-VirtualBox kernel: [    4.822768] CPU: Physical Processor ID: 0
May  1 21:57:19 aueiei-VirtualBox kernel: [    4.822797] mce: CPU supports 0 MCE banks
May  1 21:57:19 aueiei-VirtualBox kernel: [    4.823040] Last level iTLB entries: 4KB 512, 2MB 0, 4MB 0
May  1 21:57:19 aueiei-VirtualBox kernel: [    4.823040] Last level dTLB entries: 4KB 512, 2MB 32, 4MB 32
May  1 21:57:19 aueiei-VirtualBox kernel: [    4.823040] tlb_flushall_shift: 5
May  1 21:57:19 aueiei-VirtualBox kernel: [    4.854738] Freeing SMP alternatives memory: 32K (ffffffff81e71000 - ffffffff81e79000)
May  1 21:57:19 aueiei-VirtualBox kernel: [    4.863805] ACPI: Core revision 20131115
May  1 21:57:19 aueiei-VirtualBox kernel: [    4.864828] ACPI: All ACPI Tables successfully acquired
May  1 21:57:19 aueiei-VirtualBox kernel: [    4.864938] ftrace: allocating 31443 entries in 123 pages
May  1 21:57:19 aueiei-VirtualBox kernel: [    4.941057] ..TIMER: vector=0x30 apic1=0 pin1=2 apic2=-1 pin2=-1
May  1 21:57:19 aueiei-VirtualBox kernel: [    4.941066] smpboot: CPU0: Intel(R) Core(TM) i5-2410M CPU @ 2.30GHz (fam: 06, model: 2a, stepping: 07)
May  1 21:57:19 aueiei-VirtualBox kernel: [    5.047160] Performance Events: unsupported p6 CPU model 42 no PMU driver, software events only.
May  1 21:57:19 aueiei-VirtualBox kernel: [    5.057122] KVM setup paravirtual spinlock
May  1 21:57:19 aueiei-VirtualBox kernel: [    5.059232] x86: Booted up 1 node, 1 CPUs
May  1 21:57:19 aueiei-VirtualBox kernel: [    5.059236] smpboot: Total of 1 processors activated (4585.10 BogoMIPS)
May  1 21:57:19 aueiei-VirtualBox kernel: [    5.059950] NMI watchdog: disabled (cpu0): hardware events not enabled
May  1 21:57:19 aueiei-VirtualBox kernel: [    5.060173] devtmpfs: initialized
May  1 21:57:19 aueiei-VirtualBox kernel: [    5.065967] EVM: security.selinux
May  1 21:57:19 aueiei-VirtualBox kernel: [    5.065974] EVM: security.SMACK64
May  1 21:57:19 aueiei-VirtualBox kernel: [    5.065976] EVM: security.ima
May  1 21:57:19 aueiei-VirtualBox kernel: [    5.065977] EVM: security.capability
May  1 21:57:19 aueiei-VirtualBox kernel: [    5.067706] pinctrl core: initialized pinctrl subsystem
May  1 21:57:19 aueiei-VirtualBox kernel: [    5.068028] regulator-dummy: no parameters
May  1 21:57:19 aueiei-VirtualBox kernel: [    5.068097] RTC time: 14:57:14, date: 05/01/16
May  1 21:57:19 aueiei-VirtualBox kernel: [    5.068237] NET: Registered protocol family 16
May  1 21:57:19 aueiei-VirtualBox kernel: [    5.068401] cpuidle: using governor ladder
May  1 21:57:19 aueiei-VirtualBox kernel: [    5.068403] cpuidle: using governor menu
May  1 21:57:19 aueiei-VirtualBox kernel: [    5.068447] ACPI: bus type PCI registered
May  1 21:57:19 aueiei-VirtualBox kernel: [    5.068451] acpiphp: ACPI Hot Plug PCI Controller Driver version: 0.5
May  1 21:57:19 aueiei-VirtualBox kernel: [    5.068586] PCI: Using configuration type 1 for base access
May  1 21:57:19 aueiei-VirtualBox kernel: [    5.069806] bio: create slab <bio-0> at 0
May  1 21:57:19 aueiei-VirtualBox kernel: [    5.069933] ACPI: Added _OSI(Module Device)
May  1 21:57:19 aueiei-VirtualBox kernel: [    5.069935] ACPI: Added _OSI(Processor Device)
May  1 21:57:19 aueiei-VirtualBox kernel: [    5.069936] ACPI: Added _OSI(3.0 _SCP Extensions)
May  1 21:57:19 aueiei-VirtualBox kernel: [    5.069937] ACPI: Added _OSI(Processor Aggregator Device)
May  1 21:57:19 aueiei-VirtualBox kernel: [    5.070575] ACPI: Executed 1 blocks of module-level executable AML code
May  1 21:57:19 aueiei-VirtualBox kernel: [    5.072425] ACPI: Interpreter enabled
May  1 21:57:19 aueiei-VirtualBox kernel: [    5.072430] ACPI Exception: AE_NOT_FOUND, While evaluating Sleep State [\_S1_] (20131115/hwxface-580)
May  1 21:57:19 aueiei-VirtualBox kernel: [    5.072434] ACPI Exception: AE_NOT_FOUND, While evaluating Sleep State [\_S2_] (20131115/hwxface-580)
May  1 21:57:19 aueiei-VirtualBox kernel: [    5.072437] ACPI Exception: AE_NOT_FOUND, While evaluating Sleep State [\_S3_] (20131115/hwxface-580)
May  1 21:57:19 aueiei-VirtualBox kernel: [    5.072439] ACPI Exception: AE_NOT_FOUND, While evaluating Sleep State [\_S4_] (20131115/hwxface-580)
May  1 21:57:19 aueiei-VirtualBox kernel: [    5.072444] ACPI: (supports S0 S5)
May  1 21:57:19 aueiei-VirtualBox kernel: [    5.072445] ACPI: Using IOAPIC for interrupt routing
May  1 21:57:19 aueiei-VirtualBox kernel: [    5.072590] PCI: Ignoring host bridge windows from ACPI; if necessary, use "pci=use_crs" and report a bug
May  1 21:57:19 aueiei-VirtualBox kernel: [    5.072628] ACPI: No dock devices found.
May  1 21:57:19 aueiei-VirtualBox kernel: [    5.077449] ACPI: PCI Root Bridge [PCI0] (domain 0000 [bus 00-ff])
May  1 21:57:19 aueiei-VirtualBox kernel: [    5.077459] acpi PNP0A03:00: _OSC: OS supports [ASPM ClockPM Segments MSI]
May  1 21:57:19 aueiei-VirtualBox kernel: [    5.077465] acpi PNP0A03:00: _OSC failed (AE_NOT_FOUND); disabling ASPM
May  1 21:57:19 aueiei-VirtualBox kernel: [    5.077554] acpi PNP0A03:00: host bridge window [io  0x0000-0x0cf7] (ignored)
May  1 21:57:19 aueiei-VirtualBox kernel: [    5.077556] acpi PNP0A03:00: host bridge window [io  0x0d00-0xffff] (ignored)
May  1 21:57:19 aueiei-VirtualBox kernel: [    5.077558] acpi PNP0A03:00: host bridge window [mem 0x000a0000-0x000bffff] (ignored)
May  1 21:57:19 aueiei-VirtualBox kernel: [    5.077559] acpi PNP0A03:00: host bridge window [mem 0x40000000-0xffdfffff] (ignored)
May  1 21:57:19 aueiei-VirtualBox kernel: [    5.077563] PCI: root bus 00: using default resources
May  1 21:57:19 aueiei-VirtualBox kernel: [    5.077566] acpi PNP0A03:00: fail to add MMCONFIG information, can't access extended PCI configuration space under this bridge.
May  1 21:57:19 aueiei-VirtualBox kernel: [    5.077863] PCI host bridge to bus 0000:00
May  1 21:57:19 aueiei-VirtualBox kernel: [    5.077867] pci_bus 0000:00: root bus resource [bus 00-ff]
May  1 21:57:19 aueiei-VirtualBox kernel: [    5.077869] pci_bus 0000:00: root bus resource [io  0x0000-0xffff]
May  1 21:57:19 aueiei-VirtualBox kernel: [    5.077871] pci_bus 0000:00: root bus resource [mem 0x00000000-0xfffffffff]
May  1 21:57:19 aueiei-VirtualBox kernel: [    5.077932] pci 0000:00:00.0: [8086:1237] type 00 class 0x060000
May  1 21:57:19 aueiei-VirtualBox kernel: [    5.078627] pci 0000:00:01.0: [8086:7000] type 00 class 0x060100
May  1 21:57:19 aueiei-VirtualBox kernel: [    5.079536] pci 0000:00:01.1: [8086:7111] type 00 class 0x01018a
May  1 21:57:19 aueiei-VirtualBox kernel: [    5.080159] pci 0000:00:01.1: reg 0x20: [io  0xd000-0xd00f]
May  1 21:57:19 aueiei-VirtualBox kernel: [    5.081660] pci 0000:00:02.0: [80ee:beef] type 00 class 0x030000
May  1 21:57:19 aueiei-VirtualBox kernel: [    5.084948] pci 0000:00:02.0: reg 0x10: [mem 0xe0000000-0xe0ffffff pref]
May  1 21:57:19 aueiei-VirtualBox kernel: [    5.098731] pci 0000:00:03.0: [8086:100e] type 00 class 0x020000
May  1 21:57:19 aueiei-VirtualBox kernel: [    5.100454] pci 0000:00:03.0: reg 0x10: [mem 0xf0000000-0xf001ffff]
May  1 21:57:19 aueiei-VirtualBox kernel: [    5.106196] pci 0000:00:03.0: reg 0x18: [io  0xd010-0xd017]
May  1 21:57:19 aueiei-VirtualBox kernel: [    5.116651] pci 0000:00:04.0: [80ee:cafe] type 00 class 0x088000
May  1 21:57:19 aueiei-VirtualBox kernel: [    5.118287] pci 0000:00:04.0: reg 0x10: [io  0xd020-0xd03f]
May  1 21:57:19 aueiei-VirtualBox kernel: [    5.121393] pci 0000:00:04.0: reg 0x14: [mem 0xf0400000-0xf07fffff]
May  1 21:57:19 aueiei-VirtualBox kernel: [    5.124002] pci 0000:00:04.0: reg 0x18: [mem 0xf0800000-0xf0803fff pref]
May  1 21:57:19 aueiei-VirtualBox kernel: [    5.133531] pci 0000:00:05.0: [8086:2415] type 00 class 0x040100
May  1 21:57:19 aueiei-VirtualBox kernel: [    5.133770] pci 0000:00:05.0: reg 0x10: [io  0xd100-0xd1ff]
May  1 21:57:19 aueiei-VirtualBox kernel: [    5.133869] pci 0000:00:05.0: reg 0x14: [io  0xd200-0xd23f]
May  1 21:57:19 aueiei-VirtualBox kernel: [    5.134834] pci 0000:00:06.0: [106b:003f] type 00 class 0x0c0310
May  1 21:57:19 aueiei-VirtualBox kernel: [    5.136765] pci 0000:00:06.0: reg 0x10: [mem 0xf0804000-0xf0804fff]
May  1 21:57:19 aueiei-VirtualBox kernel: [    5.152131] pci 0000:00:07.0: [8086:7113] type 00 class 0x068000
May  1 21:57:19 aueiei-VirtualBox kernel: [    5.154609] pci 0000:00:0d.0: [8086:2829] type 00 class 0x010601
May  1 21:57:19 aueiei-VirtualBox kernel: [    5.157596] pci 0000:00:0d.0: reg 0x10: [io  0xd240-0xd247]
May  1 21:57:19 aueiei-VirtualBox kernel: [    5.162670] pci 0000:00:0d.0: reg 0x18: [io  0xd250-0xd257]
May  1 21:57:19 aueiei-VirtualBox kernel: [    5.167566] pci 0000:00:0d.0: reg 0x20: [io  0xd260-0xd26f]
May  1 21:57:19 aueiei-VirtualBox kernel: [    5.169382] pci 0000:00:0d.0: reg 0x24: [mem 0xf0806000-0xf0807fff]
May  1 21:57:19 aueiei-VirtualBox kernel: [    5.173950] ACPI: PCI Interrupt Link [LNKA] (IRQs 5 9 10 *11)
May  1 21:57:19 aueiei-VirtualBox kernel: [    5.174232] ACPI: PCI Interrupt Link [LNKB] (IRQs 5 9 10 *11)
May  1 21:57:19 aueiei-VirtualBox kernel: [    5.174383] ACPI: PCI Interrupt Link [LNKC] (IRQs 5 9 *10 11)
May  1 21:57:19 aueiei-VirtualBox kernel: [    5.174528] ACPI: PCI Interrupt Link [LNKD] (IRQs 5 *9 10 11)
May  1 21:57:19 aueiei-VirtualBox kernel: [    5.175099] ACPI: Enabled 2 GPEs in block 00 to 07
May  1 21:57:19 aueiei-VirtualBox kernel: [    5.175139] ACPI: \_SB_.PCI0: notify handler is installed
May  1 21:57:19 aueiei-VirtualBox kernel: [    5.175173] Found 1 acpi root devices
May  1 21:57:19 aueiei-VirtualBox kernel: [    5.176337] vgaarb: device added: PCI:0000:00:02.0,decodes=io+mem,owns=io+mem,locks=none
May  1 21:57:19 aueiei-VirtualBox kernel: [    5.176407] vgaarb: loaded
May  1 21:57:19 aueiei-VirtualBox kernel: [    5.176408] vgaarb: bridge control possible 0000:00:02.0
May  1 21:57:19 aueiei-VirtualBox kernel: [    5.176966] SCSI subsystem initialized
May  1 21:57:19 aueiei-VirtualBox kernel: [    5.177163] libata version 3.00 loaded.
May  1 21:57:19 aueiei-VirtualBox kernel: [    5.177216] ACPI: bus type USB registered
May  1 21:57:19 aueiei-VirtualBox kernel: [    5.177269] usbcore: registered new interface driver usbfs
May  1 21:57:19 aueiei-VirtualBox kernel: [    5.177285] usbcore: registered new interface driver hub
May  1 21:57:19 aueiei-VirtualBox kernel: [    5.177343] usbcore: registered new device driver usb
May  1 21:57:19 aueiei-VirtualBox kernel: [    5.177546] PCI: Using ACPI for IRQ routing
May  1 21:57:19 aueiei-VirtualBox kernel: [    5.177551] PCI: pci_cache_line_size set to 64 bytes
May  1 21:57:19 aueiei-VirtualBox kernel: [    5.178236] e820: reserve RAM buffer [mem 0x0009fc00-0x0009ffff]
May  1 21:57:19 aueiei-VirtualBox kernel: [    5.178254] e820: reserve RAM buffer [mem 0x3fff0000-0x3fffffff]
May  1 21:57:19 aueiei-VirtualBox kernel: [    5.178461] NetLabel: Initializing
May  1 21:57:19 aueiei-VirtualBox kernel: [    5.178464] NetLabel:  domain hash size = 128
May  1 21:57:19 aueiei-VirtualBox kernel: [    5.178466] NetLabel:  protocols = UNLABELED CIPSOv4
May  1 21:57:19 aueiei-VirtualBox kernel: [    5.178491] NetLabel:  unlabeled traffic allowed by default
May  1 21:57:19 aueiei-VirtualBox kernel: [    5.178775] Switched to clocksource kvm-clock
May  1 21:57:19 aueiei-VirtualBox kernel: [    5.194147] AppArmor: AppArmor Filesystem Enabled
May  1 21:57:19 aueiei-VirtualBox kernel: [    5.194623] pnp: PnP ACPI init
May  1 21:57:19 aueiei-VirtualBox kernel: [    5.194691] ACPI: bus type PNP registered
May  1 21:57:19 aueiei-VirtualBox kernel: [    5.194916] pnp 00:00: Plug and Play ACPI device, IDs PNP0303 (active)
May  1 21:57:19 aueiei-VirtualBox kernel: [    5.194933] pnp 00:01: [dma 4]
May  1 21:57:19 aueiei-VirtualBox kernel: [    5.194955] pnp 00:01: Plug and Play ACPI device, IDs PNP0200 (active)
May  1 21:57:19 aueiei-VirtualBox kernel: [    5.195218] pnp 00:02: Plug and Play ACPI device, IDs PNP0f03 (active)
May  1 21:57:19 aueiei-VirtualBox kernel: [    5.195916] pnp: PnP ACPI: found 3 devices
May  1 21:57:19 aueiei-VirtualBox kernel: [    5.195921] ACPI: bus type PNP unregistered
May  1 21:57:19 aueiei-VirtualBox kernel: [    5.205090] pci_bus 0000:00: resource 4 [io  0x0000-0xffff]
May  1 21:57:19 aueiei-VirtualBox kernel: [    5.205098] pci_bus 0000:00: resource 5 [mem 0x00000000-0xfffffffff]
May  1 21:57:19 aueiei-VirtualBox kernel: [    5.205207] NET: Registered protocol family 2
May  1 21:57:19 aueiei-VirtualBox kernel: [    5.205393] TCP established hash table entries: 8192 (order: 4, 65536 bytes)
May  1 21:57:19 aueiei-VirtualBox kernel: [    5.205412] TCP bind hash table entries: 8192 (order: 5, 131072 bytes)
May  1 21:57:19 aueiei-VirtualBox kernel: [    5.205429] TCP: Hash tables configured (established 8192 bind 8192)
May  1 21:57:19 aueiei-VirtualBox kernel: [    5.205456] TCP: reno registered
May  1 21:57:19 aueiei-VirtualBox kernel: [    5.205460] UDP hash table entries: 512 (order: 2, 16384 bytes)
May  1 21:57:19 aueiei-VirtualBox kernel: [    5.205466] UDP-Lite hash table entries: 512 (order: 2, 16384 bytes)
May  1 21:57:19 aueiei-VirtualBox kernel: [    5.205508] NET: Registered protocol family 1
May  1 21:57:19 aueiei-VirtualBox kernel: [    5.205519] pci 0000:00:00.0: Limiting direct PCI/PCI transfers
May  1 21:57:19 aueiei-VirtualBox kernel: [    5.205564] pci 0000:00:01.0: Activating ISA DMA hang workarounds
May  1 21:57:19 aueiei-VirtualBox kernel: [    5.205600] pci 0000:00:02.0: Boot video device
May  1 21:57:19 aueiei-VirtualBox kernel: [    5.206727] PCI: CLS 0 bytes, default 64
May  1 21:57:19 aueiei-VirtualBox kernel: [    5.206823] Trying to unpack rootfs image as initramfs...
May  1 21:57:19 aueiei-VirtualBox kernel: [    5.634057] Freeing initrd memory: 18448K (ffff880035be8000 - ffff880036dec000)
May  1 21:57:19 aueiei-VirtualBox kernel: [    5.634213] platform rtc_cmos: registered platform RTC device (no PNP device found)
May  1 21:57:19 aueiei-VirtualBox kernel: [    5.634272] microcode: CPU0 sig=0x206a7, pf=0x10, revision=0x0
May  1 21:57:19 aueiei-VirtualBox kernel: [    5.634316] microcode: Microcode Update Driver: v2.00 <tigran@aivazian.fsnet.co.uk>, Peter Oruba
May  1 21:57:19 aueiei-VirtualBox kernel: [    5.634317] Scanning for low memory corruption every 60 seconds
May  1 21:57:19 aueiei-VirtualBox kernel: [    5.634529] Initialise system trusted keyring
May  1 21:57:19 aueiei-VirtualBox kernel: [    5.634567] audit: initializing netlink socket (disabled)
May  1 21:57:19 aueiei-VirtualBox kernel: [    5.634579] type=2000 audit(1462114641.103:1): initialized
May  1 21:57:19 aueiei-VirtualBox kernel: [    5.659459] HugeTLB registered 2 MB page size, pre-allocated 0 pages
May  1 21:57:19 aueiei-VirtualBox kernel: [    5.660247] zbud: loaded
May  1 21:57:19 aueiei-VirtualBox kernel: [    5.660382] VFS: Disk quotas dquot_6.5.2
May  1 21:57:19 aueiei-VirtualBox kernel: [    5.660416] Dquot-cache hash table entries: 512 (order 0, 4096 bytes)
May  1 21:57:19 aueiei-VirtualBox kernel: [    5.660759] fuse init (API version 7.22)
May  1 21:57:19 aueiei-VirtualBox kernel: [    5.660811] msgmni has been set to 1982
May  1 21:57:19 aueiei-VirtualBox kernel: [    5.660852] Key type big_key registered
May  1 21:57:19 aueiei-VirtualBox kernel: [    5.661108] Key type asymmetric registered
May  1 21:57:19 aueiei-VirtualBox kernel: [    5.661115] Asymmetric key parser 'x509' registered
May  1 21:57:19 aueiei-VirtualBox kernel: [    5.661141] Block layer SCSI generic (bsg) driver version 0.4 loaded (major 252)
May  1 21:57:19 aueiei-VirtualBox kernel: [    5.661167] io scheduler noop registered
May  1 21:57:19 aueiei-VirtualBox kernel: [    5.661168] io scheduler deadline registered (default)
May  1 21:57:19 aueiei-VirtualBox kernel: [    5.661187] io scheduler cfq registered
May  1 21:57:19 aueiei-VirtualBox kernel: [    5.661244] pci_hotplug: PCI Hot Plug PCI Core version: 0.5
May  1 21:57:19 aueiei-VirtualBox kernel: [    5.661257] pciehp: PCI Express Hot Plug Controller Driver version: 0.4
May  1 21:57:19 aueiei-VirtualBox kernel: [    5.661286] vesafb: mode is 640x480x32, linelength=2560, pages=0
May  1 21:57:19 aueiei-VirtualBox kernel: [    5.661287] vesafb: scrolling: redraw
May  1 21:57:19 aueiei-VirtualBox kernel: [    5.661289] vesafb: Truecolor: size=8:8:8:8, shift=24:16:8:0
May  1 21:57:19 aueiei-VirtualBox kernel: [    5.661379] vesafb: framebuffer at 0xe0000000, mapped to 0xffffc90000200000, using 1216k, total 1216k
May  1 21:57:19 aueiei-VirtualBox kernel: [    5.662971] Console: switching to colour frame buffer device 80x30
May  1 21:57:19 aueiei-VirtualBox kernel: [    5.663532] fb0: VESA VGA frame buffer device
May  1 21:57:19 aueiei-VirtualBox kernel: [    5.663595] ipmi message handler version 39.2
May  1 21:57:19 aueiei-VirtualBox kernel: [    5.663734] ACPI: AC Adapter [AC] (on-line)
May  1 21:57:19 aueiei-VirtualBox kernel: [    5.663847] input: Power Button as /devices/LNXSYSTM:00/LNXPWRBN:00/input/input0
May  1 21:57:19 aueiei-VirtualBox kernel: [    5.663851] ACPI: Power Button [PWRF]
May  1 21:57:19 aueiei-VirtualBox kernel: [    5.663922] input: Sleep Button as /devices/LNXSYSTM:00/LNXSLPBN:00/input/input1
May  1 21:57:19 aueiei-VirtualBox kernel: [    5.663924] ACPI: Sleep Button [SLPF]
May  1 21:57:19 aueiei-VirtualBox kernel: [    5.664039] GHES: HEST is not enabled!
May  1 21:57:19 aueiei-VirtualBox kernel: [    5.664106] Serial: 8250/16550 driver, 32 ports, IRQ sharing enabled
May  1 21:57:19 aueiei-VirtualBox kernel: [    5.665005] Linux agpgart interface v0.103
May  1 21:57:19 aueiei-VirtualBox kernel: [    5.665947] brd: module loaded
May  1 21:57:19 aueiei-VirtualBox kernel: [    5.667200] ACPI: Deprecated procfs I/F for battery is loaded, please retry with CONFIG_ACPI_PROCFS_POWER cleared
May  1 21:57:19 aueiei-VirtualBox kernel: [    5.667208] ACPI: Battery Slot [BAT0] (battery present)
May  1 21:57:19 aueiei-VirtualBox kernel: [    5.667516] loop: module loaded
May  1 21:57:19 aueiei-VirtualBox kernel: [    5.667683] ata_piix 0000:00:01.1: version 2.13
May  1 21:57:19 aueiei-VirtualBox kernel: [    5.668118] scsi0 : ata_piix
May  1 21:57:19 aueiei-VirtualBox kernel: [    5.668191] scsi1 : ata_piix
May  1 21:57:19 aueiei-VirtualBox kernel: [    5.668218] ata1: PATA max UDMA/33 cmd 0x1f0 ctl 0x3f6 bmdma 0xd000 irq 14
May  1 21:57:19 aueiei-VirtualBox kernel: [    5.668219] ata2: PATA max UDMA/33 cmd 0x170 ctl 0x376 bmdma 0xd008 irq 15
May  1 21:57:19 aueiei-VirtualBox kernel: [    5.668429] libphy: Fixed MDIO Bus: probed
May  1 21:57:19 aueiei-VirtualBox kernel: [    5.668497] tun: Universal TUN/TAP device driver, 1.6
May  1 21:57:19 aueiei-VirtualBox kernel: [    5.668498] tun: (C) 1999-2004 Max Krasnyansky <maxk@qualcomm.com>
May  1 21:57:19 aueiei-VirtualBox kernel: [    5.668562] PPP generic driver version 2.4.2
May  1 21:57:19 aueiei-VirtualBox kernel: [    5.668600] ehci_hcd: USB 2.0 'Enhanced' Host Controller (EHCI) Driver
May  1 21:57:19 aueiei-VirtualBox kernel: [    5.668606] ehci-pci: EHCI PCI platform driver
May  1 21:57:19 aueiei-VirtualBox kernel: [    5.668615] ehci-platform: EHCI generic platform driver
May  1 21:57:19 aueiei-VirtualBox kernel: [    5.668623] ohci_hcd: USB 1.1 'Open' Host Controller (OHCI) Driver
May  1 21:57:19 aueiei-VirtualBox kernel: [    5.668624] ohci-pci: OHCI PCI platform driver
May  1 21:57:19 aueiei-VirtualBox kernel: [    5.669274] ohci-pci 0000:00:06.0: OHCI PCI host controller
May  1 21:57:19 aueiei-VirtualBox kernel: [    5.669289] ohci-pci 0000:00:06.0: new USB bus registered, assigned bus number 1
May  1 21:57:19 aueiei-VirtualBox kernel: [    5.669393] ohci-pci 0000:00:06.0: irq 22, io mem 0xf0804000
May  1 21:57:19 aueiei-VirtualBox kernel: [    5.724072] usb usb1: New USB device found, idVendor=1d6b, idProduct=0001
May  1 21:57:19 aueiei-VirtualBox kernel: [    5.724088] usb usb1: New USB device strings: Mfr=3, Product=2, SerialNumber=1
May  1 21:57:19 aueiei-VirtualBox kernel: [    5.724098] usb usb1: Product: OHCI PCI host controller
May  1 21:57:19 aueiei-VirtualBox kernel: [    5.724105] usb usb1: Manufacturer: Linux 3.13.0-32-generic ohci_hcd
May  1 21:57:19 aueiei-VirtualBox kernel: [    5.724112] usb usb1: SerialNumber: 0000:00:06.0
May  1 21:57:19 aueiei-VirtualBox kernel: [    5.724640] hub 1-0:1.0: USB hub found
May  1 21:57:19 aueiei-VirtualBox kernel: [    5.724704] hub 1-0:1.0: 12 ports detected
May  1 21:57:19 aueiei-VirtualBox kernel: [    5.726130] ohci-platform: OHCI generic platform driver
May  1 21:57:19 aueiei-VirtualBox kernel: [    5.726179] uhci_hcd: USB Universal Host Controller Interface driver
May  1 21:57:19 aueiei-VirtualBox kernel: [    5.726319] i8042: PNP: PS/2 Controller [PNP0303:PS2K,PNP0f03:PS2M] at 0x60,0x64 irq 1,12
May  1 21:57:19 aueiei-VirtualBox kernel: [    5.727815] serio: i8042 KBD port at 0x60,0x64 irq 1
May  1 21:57:19 aueiei-VirtualBox kernel: [    5.727835] serio: i8042 AUX port at 0x60,0x64 irq 12
May  1 21:57:19 aueiei-VirtualBox kernel: [    5.728268] mousedev: PS/2 mouse device common for all mice
May  1 21:57:19 aueiei-VirtualBox kernel: [    5.729328] input: AT Translated Set 2 keyboard as /devices/platform/i8042/serio0/input/input2
May  1 21:57:19 aueiei-VirtualBox kernel: [    5.730463] rtc_cmos rtc_cmos: rtc core: registered rtc_cmos as rtc0
May  1 21:57:19 aueiei-VirtualBox kernel: [    5.730676] rtc_cmos rtc_cmos: alarms up to one day, 114 bytes nvram
May  1 21:57:19 aueiei-VirtualBox kernel: [    5.730998] device-mapper: uevent: version 1.0.3
May  1 21:57:19 aueiei-VirtualBox kernel: [    5.731231] device-mapper: ioctl: 4.27.0-ioctl (2013-10-30) initialised: dm-devel@redhat.com
May  1 21:57:19 aueiei-VirtualBox kernel: [    5.731246] ledtrig-cpu: registered to indicate activity on CPUs
May  1 21:57:19 aueiei-VirtualBox kernel: [    5.731505] TCP: cubic registered
May  1 21:57:19 aueiei-VirtualBox kernel: [    5.731721] NET: Registered protocol family 10
May  1 21:57:19 aueiei-VirtualBox kernel: [    5.732225] NET: Registered protocol family 17
May  1 21:57:19 aueiei-VirtualBox kernel: [    5.732251] Key type dns_resolver registered
May  1 21:57:19 aueiei-VirtualBox kernel: [    5.732703] Loading compiled-in X.509 certificates
May  1 21:57:19 aueiei-VirtualBox kernel: [    5.735817] Loaded X.509 cert 'Magrathea: Glacier signing key: 223a1a1af7ef14be22890f9d1cc63d083fee59bf'
May  1 21:57:19 aueiei-VirtualBox kernel: [    5.735957] registered taskstats version 1
May  1 21:57:19 aueiei-VirtualBox kernel: [    5.743630] Key type trusted registered
May  1 21:57:19 aueiei-VirtualBox kernel: [    5.750220] Key type encrypted registered
May  1 21:57:19 aueiei-VirtualBox kernel: [    5.753945] AppArmor: AppArmor sha1 policy hashing enabled
May  1 21:57:19 aueiei-VirtualBox kernel: [    5.753948] IMA: No TPM chip found, activating TPM-bypass!
May  1 21:57:19 aueiei-VirtualBox kernel: [    5.754358] regulator-dummy: disabling
May  1 21:57:19 aueiei-VirtualBox kernel: [    5.754415]   Magic number: 0:993:989
May  1 21:57:19 aueiei-VirtualBox kernel: [    5.754533] rtc_cmos rtc_cmos: setting system clock to 2016-05-01 14:57:14 UTC (1462114634)
May  1 21:57:19 aueiei-VirtualBox kernel: [    5.754606] BIOS EDD facility v0.16 2004-Jun-25, 0 devices found
May  1 21:57:19 aueiei-VirtualBox kernel: [    5.754607] EDD information not available.
May  1 21:57:19 aueiei-VirtualBox kernel: [    5.754632] PM: Hibernation image not present or could not be loaded.
May  1 21:57:19 aueiei-VirtualBox kernel: [    5.825205] ata2.00: ATAPI: VBOX CD-ROM, 1.0, max UDMA/133
May  1 21:57:19 aueiei-VirtualBox kernel: [    5.826124] ata2.00: configured for UDMA/33
May  1 21:57:19 aueiei-VirtualBox kernel: [    5.827421] scsi 1:0:0:0: CD-ROM            VBOX     CD-ROM           1.0  PQ: 0 ANSI: 5
May  1 21:57:19 aueiei-VirtualBox kernel: [    5.829619] sr0: scsi3-mmc drive: 32x/32x xa/form2 tray
May  1 21:57:19 aueiei-VirtualBox kernel: [    5.829632] cdrom: Uniform CD-ROM driver Revision: 3.20
May  1 21:57:19 aueiei-VirtualBox kernel: [    5.829938] sr 1:0:0:0: Attached scsi CD-ROM sr0
May  1 21:57:19 aueiei-VirtualBox kernel: [    5.830310] sr 1:0:0:0: Attached scsi generic sg0 type 5
May  1 21:57:19 aueiei-VirtualBox kernel: [    5.833949] Freeing unused kernel memory: 1356K (ffffffff81d1e000 - ffffffff81e71000)
May  1 21:57:19 aueiei-VirtualBox kernel: [    5.833957] Write protecting the kernel read-only data: 12288k
May  1 21:57:19 aueiei-VirtualBox kernel: [    5.838748] Freeing unused kernel memory: 580K (ffff88000176f000 - ffff880001800000)
May  1 21:57:19 aueiei-VirtualBox kernel: [    5.843695] Freeing unused kernel memory: 612K (ffff880001b67000 - ffff880001c00000)
May  1 21:57:19 aueiei-VirtualBox kernel: [    6.016737] e1000: Intel(R) PRO/1000 Network Driver - version 7.3.21-k8-NAPI
May  1 21:57:19 aueiei-VirtualBox kernel: [    6.016740] e1000: Copyright (c) 1999-2006 Intel Corporation.
May  1 21:57:19 aueiei-VirtualBox kernel: [    6.499801] e1000 0000:00:03.0 eth0: (PCI:33MHz:32-bit) 08:00:27:22:05:cc
May  1 21:57:19 aueiei-VirtualBox kernel: [    6.499810] e1000 0000:00:03.0 eth0: Intel(R) PRO/1000 Network Connection
May  1 21:57:19 aueiei-VirtualBox kernel: [    6.499848] ahci 0000:00:0d.0: version 3.0
May  1 21:57:19 aueiei-VirtualBox kernel: [    6.500498] ahci 0000:00:0d.0: SSS flag set, parallel bus scan disabled
May  1 21:57:19 aueiei-VirtualBox kernel: [    6.500689] ahci 0000:00:0d.0: AHCI 0001.0100 32 slots 1 ports 3 Gbps 0x1 impl SATA mode
May  1 21:57:19 aueiei-VirtualBox kernel: [    6.500693] ahci 0000:00:0d.0: flags: 64bit ncq stag only ccc 
May  1 21:57:19 aueiei-VirtualBox kernel: [    6.502016] scsi2 : ahci
May  1 21:57:19 aueiei-VirtualBox kernel: [    6.502075] ata3: SATA max UDMA/133 abar m8192@0xf0806000 port 0xf0806100 irq 21
May  1 21:57:19 aueiei-VirtualBox kernel: [    6.502823] usb 1-1: new full-speed USB device number 2 using ohci-pci
May  1 21:57:19 aueiei-VirtualBox kernel: [    6.630976] tsc: Refined TSC clocksource calibration: 2292.238 MHz
May  1 21:57:19 aueiei-VirtualBox kernel: [    6.770368] usb 1-1: New USB device found, idVendor=80ee, idProduct=0021
May  1 21:57:19 aueiei-VirtualBox kernel: [    6.770382] usb 1-1: New USB device strings: Mfr=1, Product=3, SerialNumber=0
May  1 21:57:19 aueiei-VirtualBox kernel: [    6.770389] usb 1-1: Product: USB Tablet
May  1 21:57:19 aueiei-VirtualBox kernel: [    6.770394] usb 1-1: Manufacturer: VirtualBox
May  1 21:57:19 aueiei-VirtualBox kernel: [    6.800250] hidraw: raw HID events driver (C) Jiri Kosina
May  1 21:57:19 aueiei-VirtualBox kernel: [    6.817519] usbcore: registered new interface driver usbhid
May  1 21:57:19 aueiei-VirtualBox kernel: [    6.817522] usbhid: USB HID core driver
May  1 21:57:19 aueiei-VirtualBox kernel: [    6.823000] ata3: SATA link up 3.0 Gbps (SStatus 123 SControl 300)
May  1 21:57:19 aueiei-VirtualBox kernel: [    6.823249] ata3.00: ATA-6: VBOX HARDDISK, 1.0, max UDMA/133
May  1 21:57:19 aueiei-VirtualBox kernel: [    6.823252] ata3.00: 16777216 sectors, multi 128: LBA48 NCQ (depth 31/32)
May  1 21:57:19 aueiei-VirtualBox kernel: [    6.823580] ata3.00: configured for UDMA/133
May  1 21:57:19 aueiei-VirtualBox kernel: [    6.823705] scsi 2:0:0:0: Direct-Access     ATA      VBOX HARDDISK    1.0  PQ: 0 ANSI: 5
May  1 21:57:19 aueiei-VirtualBox kernel: [    6.823872] sd 2:0:0:0: [sda] 16777216 512-byte logical blocks: (8.58 GB/8.00 GiB)
May  1 21:57:19 aueiei-VirtualBox kernel: [    6.823916] sd 2:0:0:0: [sda] Write Protect is off
May  1 21:57:19 aueiei-VirtualBox kernel: [    6.823918] sd 2:0:0:0: [sda] Mode Sense: 00 3a 00 00
May  1 21:57:19 aueiei-VirtualBox kernel: [    6.823937] sd 2:0:0:0: [sda] Write cache: enabled, read cache: enabled, doesn't support DPO or FUA
May  1 21:57:19 aueiei-VirtualBox kernel: [    6.824145] sd 2:0:0:0: Attached scsi generic sg1 type 0
May  1 21:57:19 aueiei-VirtualBox kernel: [    6.825140]  sda: sda1 sda2 < sda5 >
May  1 21:57:19 aueiei-VirtualBox kernel: [    6.825424] sd 2:0:0:0: [sda] Attached SCSI disk
May  1 21:57:19 aueiei-VirtualBox kernel: [    6.829308] input: VirtualBox USB Tablet as /devices/pci0000:00/0000:00:06.0/usb1/1-1/1-1:1.0/input/input4
May  1 21:57:19 aueiei-VirtualBox kernel: [    6.829516] hid-generic 0003:80EE:0021.0001: input,hidraw0: USB HID v1.10 Mouse [VirtualBox USB Tablet] on usb-0000:00:06.0-1/input0
May  1 21:57:19 aueiei-VirtualBox kernel: [    6.978842] EXT4-fs (sda1): INFO: recovery required on readonly filesystem
May  1 21:57:19 aueiei-VirtualBox kernel: [    6.978847] EXT4-fs (sda1): write access will be enabled during recovery
May  1 21:57:19 aueiei-VirtualBox kernel: [    8.107041] EXT4-fs (sda1): orphan cleanup on readonly fs
May  1 21:57:19 aueiei-VirtualBox kernel: [    8.107224] EXT4-fs (sda1): 16 orphan inodes deleted
May  1 21:57:19 aueiei-VirtualBox kernel: [    8.107226] EXT4-fs (sda1): recovery complete
May  1 21:57:19 aueiei-VirtualBox kernel: [    8.139971] EXT4-fs (sda1): mounted filesystem with ordered data mode. Opts: (null)
May  1 21:57:19 aueiei-VirtualBox kernel: [    8.420739] random: init urandom read with 120 bits of entropy available
May  1 21:57:19 aueiei-VirtualBox kernel: [    8.585084] random: nonblocking pool is initialized
May  1 21:57:19 aueiei-VirtualBox kernel: [    9.183854] Adding 1046524k swap on /dev/sda5.  Priority:-1 extents:1 across:1046524k FS
May  1 21:57:19 aueiei-VirtualBox kernel: [    9.552544] IPv6: ADDRCONF(NETDEV_UP): eth0: link is not ready
May  1 21:57:19 aueiei-VirtualBox kernel: [   10.036793] lp: driver loaded but no devices found
May  1 21:57:19 aueiei-VirtualBox kernel: [   10.113457] EXT4-fs (sda1): re-mounted. Opts: errors=remount-ro
May  1 21:57:19 aueiei-VirtualBox kernel: [   10.724551] piix4_smbus 0000:00:07.0: SMBus base address uninitialized - upgrade BIOS or use force_addr=0xaddr
May  1 21:57:19 aueiei-VirtualBox kernel: [   10.727590] vboxguest: module verification failed: signature and/or  required key missing - tainting kernel
May  1 21:57:19 aueiei-VirtualBox kernel: [   10.737585] input: Unspecified device as /devices/virtual/input/input5
May  1 21:57:19 aueiei-VirtualBox kernel: [   10.740580] vboxguest: major 0, IRQ 20, I/O port d020, MMIO at 00000000f0400000 (size 0x400000)
May  1 21:57:19 aueiei-VirtualBox kernel: [   10.740584] vboxguest: Successfully loaded version 4.1.44_Ubuntu (interface 0x00010004)
May  1 21:57:19 aueiei-VirtualBox mtp-probe: checking bus 1, device 2: "/sys/devices/pci0000:00/0000:00:06.0/usb1/1-1"
May  1 21:57:19 aueiei-VirtualBox mtp-probe: bus: 1, device: 2 was not an MTP device
May  1 21:57:19 aueiei-VirtualBox kernel: [   10.822733] ACPI: Video Device [GFX0] (multi-head: yes  rom: no  post: no)
May  1 21:57:19 aueiei-VirtualBox kernel: [   10.822869] input: Video Bus as /devices/LNXSYSTM:00/device:00/PNP0A03:00/LNXVIDEO:00/input/input6
May  1 21:57:19 aueiei-VirtualBox kernel: [   11.031625] psmouse serio1: alps: Unknown ALPS touchpad: E7=10 00 64, EC=10 00 64
May  1 21:57:19 aueiei-VirtualBox kernel: [   11.033200] input: ImExPS/2 Generic Explorer Mouse as /devices/platform/i8042/serio1/input/input7
May  1 21:57:19 aueiei-VirtualBox kernel: [   11.071221] type=1400 audit(1462114639.816:2): apparmor="STATUS" operation="profile_load" profile="unconfined" name="/sbin/dhclient" pid=576 comm="apparmor_parser"
May  1 21:57:19 aueiei-VirtualBox kernel: [   11.071228] type=1400 audit(1462114639.816:3): apparmor="STATUS" operation="profile_load" profile="unconfined" name="/usr/lib/NetworkManager/nm-dhcp-client.action" pid=576 comm="apparmor_parser"
May  1 21:57:19 aueiei-VirtualBox kernel: [   11.071232] type=1400 audit(1462114639.816:4): apparmor="STATUS" operation="profile_load" profile="unconfined" name="/usr/lib/connman/scripts/dhclient-script" pid=576 comm="apparmor_parser"
May  1 21:57:19 aueiei-VirtualBox kernel: [   11.071639] type=1400 audit(1462114639.816:5): apparmor="STATUS" operation="profile_replace" profile="unconfined" name="/usr/lib/NetworkManager/nm-dhcp-client.action" pid=576 comm="apparmor_parser"
May  1 21:57:19 aueiei-VirtualBox kernel: [   11.071643] type=1400 audit(1462114639.816:6): apparmor="STATUS" operation="profile_replace" profile="unconfined" name="/usr/lib/connman/scripts/dhclient-script" pid=576 comm="apparmor_parser"
May  1 21:57:19 aueiei-VirtualBox kernel: [   11.071890] type=1400 audit(1462114639.816:7): apparmor="STATUS" operation="profile_replace" profile="unconfined" name="/usr/lib/connman/scripts/dhclient-script" pid=576 comm="apparmor_parser"
May  1 21:57:19 aueiei-VirtualBox kernel: [   11.072632] type=1400 audit(1462114639.816:8): apparmor="STATUS" operation="profile_replace" profile="unconfined" name="/sbin/dhclient" pid=639 comm="apparmor_parser"
May  1 21:57:19 aueiei-VirtualBox kernel: [   11.072637] type=1400 audit(1462114639.816:9): apparmor="STATUS" operation="profile_replace" profile="unconfined" name="/usr/lib/NetworkManager/nm-dhcp-client.action" pid=639 comm="apparmor_parser"
May  1 21:57:19 aueiei-VirtualBox kernel: [   11.072640] type=1400 audit(1462114639.816:10): apparmor="STATUS" operation="profile_replace" profile="unconfined" name="/usr/lib/connman/scripts/dhclient-script" pid=639 comm="apparmor_parser"
May  1 21:57:19 aueiei-VirtualBox kernel: [   11.073079] type=1400 audit(1462114639.816:11): apparmor="STATUS" operation="profile_replace" profile="unconfined" name="/usr/lib/NetworkManager/nm-dhcp-client.action" pid=639 comm="apparmor_parser"
May  1 21:57:19 aueiei-VirtualBox kernel: [   11.201388] ppdev: user-space parallel port driver
May  1 21:57:19 aueiei-VirtualBox failsafe: Failsafe of 120 seconds reached.
May  1 21:57:20 aueiei-VirtualBox avahi-daemon[717]: Found user 'avahi' (UID 107) and group 'avahi' (GID 118).
May  1 21:57:20 aueiei-VirtualBox avahi-daemon[717]: Successfully dropped root privileges.
May  1 21:57:20 aueiei-VirtualBox avahi-daemon[717]: avahi-daemon 0.6.30 starting up.
May  1 21:57:20 aueiei-VirtualBox avahi-daemon[717]: Successfully called chroot().
May  1 21:57:20 aueiei-VirtualBox avahi-daemon[717]: Successfully dropped remaining capabilities.
May  1 21:57:20 aueiei-VirtualBox avahi-daemon[717]: Loading service file /services/udisks.service.
May  1 21:57:20 aueiei-VirtualBox avahi-daemon[717]: Network interface enumeration completed.
May  1 21:57:20 aueiei-VirtualBox avahi-daemon[717]: Registering HINFO record with values 'X86_64'/'LINUX'.
May  1 21:57:20 aueiei-VirtualBox avahi-daemon[717]: Server startup complete. Host name is aueiei-VirtualBox.local. Local service cookie is 682377055.
May  1 21:57:20 aueiei-VirtualBox avahi-daemon[717]: Service "aueiei-VirtualBox" (/services/udisks.service) successfully established.
May  1 21:57:20 aueiei-VirtualBox bluetoothd[738]: Bluetooth daemon 4.98
May  1 21:57:20 aueiei-VirtualBox bluetoothd[738]: Starting SDP server
May  1 21:57:20 aueiei-VirtualBox kernel: [   11.668893] intel8x0: disable (unknown or VT-d) VM optimization
May  1 21:57:20 aueiei-VirtualBox kernel: [   11.922742] Bluetooth: Core ver 2.17
May  1 21:57:20 aueiei-VirtualBox kernel: [   11.922807] NET: Registered protocol family 31
May  1 21:57:20 aueiei-VirtualBox kernel: [   11.922809] Bluetooth: HCI device and connection manager initialized
May  1 21:57:20 aueiei-VirtualBox kernel: [   11.923936] Bluetooth: HCI socket layer initialized
May  1 21:57:20 aueiei-VirtualBox kernel: [   11.923941] Bluetooth: L2CAP socket layer initialized
May  1 21:57:20 aueiei-VirtualBox kernel: [   11.923949] Bluetooth: SCO socket layer initialized
May  1 21:57:20 aueiei-VirtualBox kernel: [   11.946780] intel8x0: white list rate for 1028:0177 is 48000
May  1 21:57:20 aueiei-VirtualBox kernel: [   12.180841] Bluetooth: RFCOMM TTY layer initialized
May  1 21:57:20 aueiei-VirtualBox kernel: [   12.180872] Bluetooth: RFCOMM socket layer initialized
May  1 21:57:20 aueiei-VirtualBox kernel: [   12.180892] Bluetooth: RFCOMM ver 1.11
May  1 21:57:21 aueiei-VirtualBox bluetoothd[738]: Failed to init alert plugin
May  1 21:57:21 aueiei-VirtualBox bluetoothd[738]: Failed to init time plugin
May  1 21:57:21 aueiei-VirtualBox bluetoothd[738]: Failed to init proximity plugin
May  1 21:57:22 aueiei-VirtualBox kernel: [   13.476488] Bluetooth: BNEP (Ethernet Emulation) ver 1.3
May  1 21:57:22 aueiei-VirtualBox kernel: [   13.476495] Bluetooth: BNEP filters: protocol multicast
May  1 21:57:22 aueiei-VirtualBox kernel: [   13.476504] Bluetooth: BNEP socket layer initialized
May  1 21:57:22 aueiei-VirtualBox modem-manager[756]: <info>  ModemManager (version 0.5.2.0) starting...
May  1 21:57:22 aueiei-VirtualBox bluetoothd[738]: Failed to init gatt_example plugin
May  1 21:57:22 aueiei-VirtualBox udev-configure-printer: add /module/lp
May  1 21:57:22 aueiei-VirtualBox udev-configure-printer: Failed to get parent
May  1 21:57:23 aueiei-VirtualBox modem-manager[756]: <info>  Loaded plugin AnyData
May  1 21:57:23 aueiei-VirtualBox modem-manager[756]: <info>  Loaded plugin SimTech
May  1 21:57:23 aueiei-VirtualBox modem-manager[756]: <info>  Loaded plugin MotoC
May  1 21:57:23 aueiei-VirtualBox modem-manager[756]: <info>  Loaded plugin Option
May  1 21:57:24 aueiei-VirtualBox modem-manager[756]: <info>  Loaded plugin Huawei
May  1 21:57:24 aueiei-VirtualBox modem-manager[756]: <info>  Loaded plugin Wavecom
May  1 21:57:24 aueiei-VirtualBox modem-manager[756]: <info>  Loaded plugin Nokia
May  1 21:57:24 aueiei-VirtualBox NetworkManager[803]: <info> NetworkManager (version 0.9.4.0) is starting...
May  1 21:57:24 aueiei-VirtualBox NetworkManager[803]: <info> Read config file /etc/NetworkManager/NetworkManager.conf
May  1 21:57:24 aueiei-VirtualBox modem-manager[756]: <info>  Loaded plugin ZTE
May  1 21:57:24 aueiei-VirtualBox modem-manager[756]: <info>  Loaded plugin Generic
May  1 21:57:24 aueiei-VirtualBox modem-manager[756]: <info>  Loaded plugin Gobi
May  1 21:57:24 aueiei-VirtualBox modem-manager[756]: <info>  Loaded plugin Option High-Speed
May  1 21:57:24 aueiei-VirtualBox modem-manager[756]: <info>  Loaded plugin Sierra
May  1 21:57:24 aueiei-VirtualBox modem-manager[756]: <info>  Loaded plugin Samsung
May  1 21:57:24 aueiei-VirtualBox modem-manager[756]: <info>  Loaded plugin Longcheer
May  1 21:57:24 aueiei-VirtualBox modem-manager[756]: <info>  Loaded plugin Ericsson MBM
May  1 21:57:24 aueiei-VirtualBox modem-manager[756]: <info>  Loaded plugin Novatel
May  1 21:57:24 aueiei-VirtualBox modem-manager[756]: <info>  Loaded plugin Linktop
May  1 21:57:25 aueiei-VirtualBox modem-manager[756]: <info>  Loaded plugin X22X
May  1 21:57:25 aueiei-VirtualBox NetworkManager[803]: <info> VPN: loaded org.freedesktop.NetworkManager.pptp
May  1 21:57:25 aueiei-VirtualBox NetworkManager[803]: <info> DNS: loaded plugin dnsmasq
May  1 21:57:25 aueiei-VirtualBox dbus[581]: [system] Activating service name='org.freedesktop.PolicyKit1' (using servicehelper)
May  1 21:57:25 aueiei-VirtualBox polkitd[812]: started daemon version 0.104 using authority implementation `local' version `0.104'
May  1 21:57:25 aueiei-VirtualBox dbus[581]: [system] Successfully activated service 'org.freedesktop.PolicyKit1'
May  1 21:57:25 aueiei-VirtualBox NetworkManager[803]:    SCPlugin-Ifupdown: init!
May  1 21:57:25 aueiei-VirtualBox NetworkManager[803]:    SCPlugin-Ifupdown: update_system_hostname
May  1 21:57:25 aueiei-VirtualBox NetworkManager[803]:    SCPluginIfupdown: management mode: unmanaged
May  1 21:57:25 aueiei-VirtualBox NetworkManager[803]:    SCPlugin-Ifupdown: devices added (path: /sys/devices/pci0000:00/0000:00:03.0/net/eth0, iface: eth0)
May  1 21:57:25 aueiei-VirtualBox NetworkManager[803]:    SCPlugin-Ifupdown: device added (path: /sys/devices/pci0000:00/0000:00:03.0/net/eth0, iface: eth0): no ifupdown configuration found.
May  1 21:57:25 aueiei-VirtualBox NetworkManager[803]:    SCPlugin-Ifupdown: devices added (path: /sys/devices/virtual/net/lo, iface: lo)
May  1 21:57:25 aueiei-VirtualBox NetworkManager[803]:    SCPlugin-Ifupdown: device added (path: /sys/devices/virtual/net/lo, iface: lo): no ifupdown configuration found.
May  1 21:57:25 aueiei-VirtualBox NetworkManager[803]:    SCPlugin-Ifupdown: end _init.
May  1 21:57:25 aueiei-VirtualBox NetworkManager[803]: <info> Loaded plugin ifupdown: (C) 2008 Canonical Ltd.  To report bugs please use the NetworkManager mailing list.
May  1 21:57:25 aueiei-VirtualBox NetworkManager[803]: <info> Loaded plugin keyfile: (c) 2007 - 2010 Red Hat, Inc.  To report bugs please use the NetworkManager mailing list.
May  1 21:57:25 aueiei-VirtualBox NetworkManager[803]:    Ifupdown: get unmanaged devices count: 0
May  1 21:57:25 aueiei-VirtualBox NetworkManager[803]:    SCPlugin-Ifupdown: (22907040) ... get_connections.
May  1 21:57:25 aueiei-VirtualBox NetworkManager[803]:    SCPlugin-Ifupdown: (22907040) ... get_connections (managed=false): return empty list.
May  1 21:57:25 aueiei-VirtualBox NetworkManager[803]:    Ifupdown: get unmanaged devices count: 0
May  1 21:57:25 aueiei-VirtualBox NetworkManager[803]: <info> modem-manager is now available
May  1 21:57:25 aueiei-VirtualBox NetworkManager[803]: <info> monitoring kernel firmware directory '/lib/firmware'.
May  1 21:57:25 aueiei-VirtualBox NetworkManager[803]: <info> WiFi enabled by radio killswitch; enabled by state file
May  1 21:57:25 aueiei-VirtualBox NetworkManager[803]: <info> WWAN enabled by radio killswitch; enabled by state file
May  1 21:57:25 aueiei-VirtualBox NetworkManager[803]: <info> WiMAX enabled by radio killswitch; enabled by state file
May  1 21:57:25 aueiei-VirtualBox NetworkManager[803]: <info> Networking is enabled by state file
May  1 21:57:25 aueiei-VirtualBox NetworkManager[803]: <warn> failed to allocate link cache: (-12) Object not found
May  1 21:57:25 aueiei-VirtualBox NetworkManager[803]: <info> (eth0): carrier is OFF
May  1 21:57:25 aueiei-VirtualBox NetworkManager[803]: <info> (eth0): new Ethernet device (driver: 'e1000' ifindex: 2)
May  1 21:57:25 aueiei-VirtualBox NetworkManager[803]: <info> (eth0): exported as /org/freedesktop/NetworkManager/Devices/0
May  1 21:57:25 aueiei-VirtualBox NetworkManager[803]: <info> (eth0): now managed
May  1 21:57:25 aueiei-VirtualBox NetworkManager[803]: <info> (eth0): device state change: unmanaged -> unavailable (reason 'managed') [10 20 2]
May  1 21:57:25 aueiei-VirtualBox NetworkManager[803]: <info> (eth0): bringing up device.
May  1 21:57:25 aueiei-VirtualBox NetworkManager[803]: <info> (eth0): preparing device.
May  1 21:57:25 aueiei-VirtualBox NetworkManager[803]: <info> (eth0): deactivating device (reason 'managed') [2]
May  1 21:57:25 aueiei-VirtualBox kernel: [   17.122175] IPv6: ADDRCONF(NETDEV_UP): eth0: link is not ready
May  1 21:57:25 aueiei-VirtualBox kernel: [   17.122522] IPv6: ADDRCONF(NETDEV_UP): eth0: link is not ready
May  1 21:57:25 aueiei-VirtualBox kernel: [   17.123505] e1000: eth0 NIC Link is Up 1000 Mbps Full Duplex, Flow Control: RX
May  1 21:57:25 aueiei-VirtualBox kernel: [   17.123833] IPv6: ADDRCONF(NETDEV_CHANGE): eth0: link becomes ready
May  1 21:57:25 aueiei-VirtualBox NetworkManager[803]: <info> Added default wired connection 'Wired connection 1' for /sys/devices/pci0000:00/0000:00:03.0/net/eth0
May  1 21:57:25 aueiei-VirtualBox NetworkManager[803]: <info> (eth0): carrier now ON (device state 20)
May  1 21:57:25 aueiei-VirtualBox NetworkManager[803]: <info> (eth0): device state change: unavailable -> disconnected (reason 'carrier-changed') [20 30 40]
May  1 21:57:25 aueiei-VirtualBox NetworkManager[803]: <info> Auto-activating connection 'Wired connection 1'.
May  1 21:57:25 aueiei-VirtualBox NetworkManager[803]: <info> Activation (eth0) starting connection 'Wired connection 1'
May  1 21:57:25 aueiei-VirtualBox NetworkManager[803]: <info> (eth0): device state change: disconnected -> prepare (reason 'none') [30 40 0]
May  1 21:57:25 aueiei-VirtualBox NetworkManager[803]: <info> Activation (eth0) Stage 1 of 5 (Device Prepare) scheduled...
May  1 21:57:25 aueiei-VirtualBox NetworkManager[803]: <info> Activation (eth0) Stage 1 of 5 (Device Prepare) started...
May  1 21:57:25 aueiei-VirtualBox NetworkManager[803]: <info> Activation (eth0) Stage 2 of 5 (Device Configure) scheduled...
May  1 21:57:25 aueiei-VirtualBox NetworkManager[803]: <info> Activation (eth0) Stage 1 of 5 (Device Prepare) complete.
May  1 21:57:25 aueiei-VirtualBox NetworkManager[803]: <info> Activation (eth0) Stage 2 of 5 (Device Configure) starting...
May  1 21:57:25 aueiei-VirtualBox NetworkManager[803]: <info> (eth0): device state change: prepare -> config (reason 'none') [40 50 0]
May  1 21:57:25 aueiei-VirtualBox NetworkManager[803]: <info> Activation (eth0) Stage 2 of 5 (Device Configure) successful.
May  1 21:57:25 aueiei-VirtualBox NetworkManager[803]: <info> Activation (eth0) Stage 3 of 5 (IP Configure Start) scheduled.
May  1 21:57:25 aueiei-VirtualBox NetworkManager[803]: <info> Activation (eth0) Stage 2 of 5 (Device Configure) complete.
May  1 21:57:25 aueiei-VirtualBox NetworkManager[803]: <info> Activation (eth0) Stage 3 of 5 (IP Configure Start) started...
May  1 21:57:25 aueiei-VirtualBox NetworkManager[803]: <info> (eth0): device state change: config -> ip-config (reason 'none') [50 70 0]
May  1 21:57:25 aueiei-VirtualBox NetworkManager[803]: <info> Activation (eth0) Beginning DHCPv4 transaction (timeout in 45 seconds)
May  1 21:57:25 aueiei-VirtualBox NetworkManager[803]: <info> dhclient started with pid 817
May  1 21:57:25 aueiei-VirtualBox NetworkManager[803]: <info> Activation (eth0) Beginning IP6 addrconf.
May  1 21:57:25 aueiei-VirtualBox NetworkManager[803]: <info> Activation (eth0) Stage 3 of 5 (IP Configure Start) complete.
May  1 21:57:25 aueiei-VirtualBox dhclient: Internet Systems Consortium DHCP Client 4.1-ESV-R4
May  1 21:57:25 aueiei-VirtualBox dhclient: Copyright 2004-2011 Internet Systems Consortium.
May  1 21:57:25 aueiei-VirtualBox dhclient: All rights reserved.
May  1 21:57:25 aueiei-VirtualBox dhclient: For info, please visit https://www.isc.org/software/dhcp/
May  1 21:57:25 aueiei-VirtualBox dhclient: 
May  1 21:57:26 aueiei-VirtualBox NetworkManager[803]: <info> (eth0): DHCPv4 state changed nbi -> preinit
May  1 21:57:26 aueiei-VirtualBox dhclient: Listening on LPF/eth0/08:00:27:22:05:cc
May  1 21:57:26 aueiei-VirtualBox dhclient: Sending on   LPF/eth0/08:00:27:22:05:cc
May  1 21:57:26 aueiei-VirtualBox dhclient: Sending on   Socket/fallback
May  1 21:57:26 aueiei-VirtualBox dhclient: DHCPDISCOVER on eth0 to 255.255.255.255 port 67 interval 3
May  1 21:57:26 aueiei-VirtualBox dhclient: DHCPREQUEST of 10.0.2.15 on eth0 to 255.255.255.255 port 67
May  1 21:57:26 aueiei-VirtualBox dhclient: DHCPOFFER of 10.0.2.15 from 10.0.2.2
May  1 21:57:26 aueiei-VirtualBox dhclient: DHCPACK of 10.0.2.15 from 10.0.2.2
May  1 21:57:26 aueiei-VirtualBox NetworkManager[803]: <info> (eth0): DHCPv4 state changed preinit -> bound
May  1 21:57:26 aueiei-VirtualBox NetworkManager[803]: <info>   address 10.0.2.15
May  1 21:57:26 aueiei-VirtualBox NetworkManager[803]: <info>   prefix 24 (255.255.255.0)
May  1 21:57:26 aueiei-VirtualBox NetworkManager[803]: <info>   gateway 10.0.2.2
May  1 21:57:26 aueiei-VirtualBox NetworkManager[803]: <info>   nameserver '203.144.206.49'
May  1 21:57:26 aueiei-VirtualBox NetworkManager[803]: <info>   nameserver '203.144.206.29'
May  1 21:57:26 aueiei-VirtualBox NetworkManager[803]: <info> Activation (eth0) Stage 5 of 5 (IPv4 Configure Commit) scheduled...
May  1 21:57:26 aueiei-VirtualBox NetworkManager[803]: <info> Activation (eth0) Stage 5 of 5 (IPv4 Commit) started...
May  1 21:57:26 aueiei-VirtualBox avahi-daemon[717]: Joining mDNS multicast group on interface eth0.IPv4 with address 10.0.2.15.
May  1 21:57:26 aueiei-VirtualBox avahi-daemon[717]: New relevant interface eth0.IPv4 for mDNS.
May  1 21:57:26 aueiei-VirtualBox avahi-daemon[717]: Registering new address record for 10.0.2.15 on eth0.IPv4.
May  1 21:57:26 aueiei-VirtualBox dhclient: bound to 10.0.2.15 -- renewal in 38050 seconds.
May  1 21:57:26 aueiei-VirtualBox kernel: [   17.367075] audit_printk_skb: 15 callbacks suppressed
May  1 21:57:26 aueiei-VirtualBox kernel: [   17.367078] type=1400 audit(1462114646.112:17): apparmor="STATUS" operation="profile_load" profile="unconfined" name="/usr/lib/lightdm/lightdm/lightdm-guest-session-wrapper" pid=854 comm="apparmor_parser"
May  1 21:57:26 aueiei-VirtualBox kernel: [   17.367084] type=1400 audit(1462114646.112:18): apparmor="STATUS" operation="profile_load" profile="unconfined" name="chromium_browser" pid=854 comm="apparmor_parser"
May  1 21:57:26 aueiei-VirtualBox kernel: [   17.367419] type=1400 audit(1462114646.112:19): apparmor="STATUS" operation="profile_replace" profile="unconfined" name="chromium_browser" pid=854 comm="apparmor_parser"
May  1 21:57:26 aueiei-VirtualBox kernel: [   17.370411] type=1400 audit(1462114646.112:20): apparmor="STATUS" operation="profile_replace" profile="unconfined" name="/sbin/dhclient" pid=855 comm="apparmor_parser"
May  1 21:57:26 aueiei-VirtualBox kernel: [   17.370418] type=1400 audit(1462114646.112:21): apparmor="STATUS" operation="profile_replace" profile="unconfined" name="/usr/lib/NetworkManager/nm-dhcp-client.action" pid=855 comm="apparmor_parser"
May  1 21:57:26 aueiei-VirtualBox kernel: [   17.370421] type=1400 audit(1462114646.112:22): apparmor="STATUS" operation="profile_replace" profile="unconfined" name="/usr/lib/connman/scripts/dhclient-script" pid=855 comm="apparmor_parser"
May  1 21:57:26 aueiei-VirtualBox kernel: [   17.371094] type=1400 audit(1462114646.116:23): apparmor="STATUS" operation="profile_replace" profile="unconfined" name="/usr/lib/NetworkManager/nm-dhcp-client.action" pid=855 comm="apparmor_parser"
May  1 21:57:26 aueiei-VirtualBox kernel: [   17.371098] type=1400 audit(1462114646.116:24): apparmor="STATUS" operation="profile_replace" profile="unconfined" name="/usr/lib/connman/scripts/dhclient-script" pid=855 comm="apparmor_parser"
May  1 21:57:26 aueiei-VirtualBox kernel: [   17.371314] type=1400 audit(1462114646.116:25): apparmor="STATUS" operation="profile_replace" profile="unconfined" name="/usr/lib/connman/scripts/dhclient-script" pid=855 comm="apparmor_parser"
May  1 21:57:26 aueiei-VirtualBox kernel: [   17.447524] type=1400 audit(1462114646.192:26): apparmor="STATUS" operation="profile_load" profile="unconfined" name="/usr/bin/evince" pid=856 comm="apparmor_parser"
May  1 21:57:26 aueiei-VirtualBox cron[898]: (CRON) INFO (pidfile fd = 3)
May  1 21:57:26 aueiei-VirtualBox anacron[916]: Anacron 2.3 started on 2016-05-01
May  1 21:57:26 aueiei-VirtualBox cron[918]: (CRON) STARTUP (fork ok)
May  1 21:57:26 aueiei-VirtualBox acpid: starting up with netlink and the input layer
May  1 21:57:26 aueiei-VirtualBox cron[918]: (CRON) INFO (Running @reboot jobs)
May  1 21:57:26 aueiei-VirtualBox anacron[916]: Will run job `cron.daily' in 5 min.
May  1 21:57:26 aueiei-VirtualBox anacron[916]: Will run job `cron.weekly' in 10 min.
May  1 21:57:26 aueiei-VirtualBox anacron[916]: Will run job `cron.monthly' in 15 min.
May  1 21:57:26 aueiei-VirtualBox anacron[916]: Jobs will be executed sequentially
May  1 21:57:26 aueiei-VirtualBox dbus[581]: [system] Activating service name='org.freedesktop.ConsoleKit' (using servicehelper)
May  1 21:57:26 aueiei-VirtualBox acpid: 35 rules loaded
May  1 21:57:26 aueiei-VirtualBox acpid: waiting for events: event logging is off
May  1 21:57:27 aueiei-VirtualBox NetworkManager[803]: <info> DNS: starting dnsmasq...
May  1 21:57:27 aueiei-VirtualBox NetworkManager[803]: <error> [1462114647.294140] [nm-dns-dnsmasq.c:393] update(): dnsmasq not available on the bus, can't update servers.
May  1 21:57:27 aueiei-VirtualBox NetworkManager[803]: <error> [1462114647.294175] [nm-dns-dnsmasq.c:395] update(): dnsmasq owner not found on bus: Could not get owner of name 'uk.org.thekelleys.dnsmasq': no such name
May  1 21:57:27 aueiei-VirtualBox NetworkManager[803]: <warn> DNS: plugin dnsmasq update failed
May  1 21:57:27 aueiei-VirtualBox NetworkManager[803]: <info> (eth0): writing resolv.conf to /sbin/resolvconf
May  1 21:57:27 aueiei-VirtualBox dbus[581]: [system] Successfully activated service 'org.freedesktop.ConsoleKit'
May  1 21:57:27 aueiei-VirtualBox dnsmasq[1047]: started, version 2.59 cache disabled
May  1 21:57:27 aueiei-VirtualBox dnsmasq[1047]: compile time options: IPv6 GNU-getopt DBus i18n DHCP TFTP conntrack IDN
May  1 21:57:27 aueiei-VirtualBox dnsmasq[1047]: DBus support enabled: connected to system bus
May  1 21:57:27 aueiei-VirtualBox dnsmasq[1047]: warning: no upstream servers configured
May  1 21:57:27 aueiei-VirtualBox NetworkManager[803]: <info> (eth0): device state change: ip-config -> activated (reason 'none') [70 100 0]
May  1 21:57:27 aueiei-VirtualBox NetworkManager[803]: <info> Policy set 'Wired connection 1' (eth0) as default for IPv4 routing and DNS.
May  1 21:57:27 aueiei-VirtualBox NetworkManager[803]: <info> Activation (eth0) successful, device activated.
May  1 21:57:27 aueiei-VirtualBox dbus[581]: [system] Activating service name='org.freedesktop.nm_dispatcher' (using servicehelper)
May  1 21:57:27 aueiei-VirtualBox NetworkManager[803]: <info> Activation (eth0) Stage 5 of 5 (IPv4 Commit) complete.
May  1 21:57:27 aueiei-VirtualBox NetworkManager[803]: <warn> dnsmasq appeared on DBus: :1.16
May  1 21:57:27 aueiei-VirtualBox NetworkManager[803]: <info> (eth0): writing resolv.conf to /sbin/resolvconf
May  1 21:57:27 aueiei-VirtualBox dnsmasq[1047]: setting upstream servers from DBus
May  1 21:57:27 aueiei-VirtualBox dnsmasq[1047]: using nameserver 203.144.206.29#53
May  1 21:57:27 aueiei-VirtualBox dnsmasq[1047]: using nameserver 203.144.206.49#53
May  1 21:57:27 aueiei-VirtualBox dbus[581]: [system] Successfully activated service 'org.freedesktop.nm_dispatcher'
May  1 21:57:27 aueiei-VirtualBox acpid: client connected from 952[0:0]
May  1 21:57:27 aueiei-VirtualBox acpid: 1 client rule loaded
May  1 21:57:27 aueiei-VirtualBox avahi-daemon[717]: Joining mDNS multicast group on interface eth0.IPv6 with address fe80::a00:27ff:fe22:5cc.
May  1 21:57:27 aueiei-VirtualBox avahi-daemon[717]: New relevant interface eth0.IPv6 for mDNS.
May  1 21:57:27 aueiei-VirtualBox avahi-daemon[717]: Registering new address record for fe80::a00:27ff:fe22:5cc on eth0.*.
May  1 21:57:28 aueiei-VirtualBox avahi-daemon[717]: Got SIGTERM, quitting.
May  1 21:57:28 aueiei-VirtualBox avahi-daemon[717]: Leaving mDNS multicast group on interface eth0.IPv6 with address fe80::a00:27ff:fe22:5cc.
May  1 21:57:28 aueiei-VirtualBox avahi-daemon[717]: Leaving mDNS multicast group on interface eth0.IPv4 with address 10.0.2.15.
May  1 21:57:28 aueiei-VirtualBox avahi-daemon[717]: avahi-daemon 0.6.30 exiting.
May  1 21:57:28 aueiei-VirtualBox avahi: Avahi detected that your currently configured local DNS server serves
May  1 21:57:28 aueiei-VirtualBox avahi: a domain .local. This is inherently incompatible with Avahi and thus
May  1 21:57:28 aueiei-VirtualBox avahi: Avahi disabled itself. If you want to use Avahi in this network, please
May  1 21:57:28 aueiei-VirtualBox avahi: contact your administrator and convince him to use a different DNS domain,
May  1 21:57:28 aueiei-VirtualBox avahi: since .local should be used exclusively for Zeroconf technology.
May  1 21:57:28 aueiei-VirtualBox avahi: For more information, see http://avahi.org/wiki/AvahiAndUnicastDotLocal
May  1 21:57:29 aueiei-VirtualBox dbus[581]: [system] Activating service name='org.freedesktop.Accounts' (using servicehelper)
May  1 21:57:29 aueiei-VirtualBox dbus[581]: [system] Successfully activated service 'org.freedesktop.Accounts'
May  1 21:57:29 aueiei-VirtualBox accounts-daemon[1312]: started daemon version 0.6.15
May  1 21:57:32 aueiei-VirtualBox dbus[581]: [system] Activating service name='org.freedesktop.UPower' (using servicehelper)
May  1 21:57:32 aueiei-VirtualBox dbus[581]: [system] Successfully activated service 'org.freedesktop.UPower'
May  1 21:57:32 aueiei-VirtualBox dbus[581]: [system] Activating service name='org.freedesktop.RealtimeKit1' (using servicehelper)
May  1 21:57:32 aueiei-VirtualBox dbus[581]: [system] Successfully activated service 'org.freedesktop.RealtimeKit1'
May  1 21:57:32 aueiei-VirtualBox rtkit-daemon[1443]: Successfully called chroot.
May  1 21:57:32 aueiei-VirtualBox rtkit-daemon[1443]: Successfully dropped privileges.
May  1 21:57:32 aueiei-VirtualBox rtkit-daemon[1443]: Successfully limited resources.
May  1 21:57:32 aueiei-VirtualBox rtkit-daemon[1443]: Running.
May  1 21:57:32 aueiei-VirtualBox rtkit-daemon[1443]: Watchdog thread running.
May  1 21:57:32 aueiei-VirtualBox rtkit-daemon[1443]: Canary thread running.
May  1 21:57:32 aueiei-VirtualBox rtkit-daemon[1443]: Successfully made thread 1441 of process 1441 (n/a) owned by '104' high priority at nice level -11.
May  1 21:57:32 aueiei-VirtualBox rtkit-daemon[1443]: Supervising 1 threads of 1 processes of 1 users.
May  1 21:57:33 aueiei-VirtualBox pulseaudio[1441]: [pulseaudio] alsa-util.c: Disabling timer-based scheduling because running inside a VM.
May  1 21:57:33 aueiei-VirtualBox rtkit-daemon[1443]: Successfully made thread 1527 of process 1441 (n/a) owned by '104' RT at priority 5.
May  1 21:57:33 aueiei-VirtualBox rtkit-daemon[1443]: Supervising 2 threads of 1 processes of 1 users.
May  1 21:57:33 aueiei-VirtualBox pulseaudio[1441]: [pulseaudio] alsa-util.c: Disabling timer-based scheduling because running inside a VM.
May  1 21:57:33 aueiei-VirtualBox rtkit-daemon[1443]: Successfully made thread 1528 of process 1441 (n/a) owned by '104' RT at priority 5.
May  1 21:57:33 aueiei-VirtualBox rtkit-daemon[1443]: Supervising 3 threads of 1 processes of 1 users.
May  1 21:57:33 aueiei-VirtualBox rtkit-daemon[1443]: Successfully made thread 1531 of process 1531 (n/a) owned by '104' high priority at nice level -11.
May  1 21:57:33 aueiei-VirtualBox rtkit-daemon[1443]: Supervising 4 threads of 2 processes of 1 users.
May  1 21:57:33 aueiei-VirtualBox pulseaudio[1531]: [pulseaudio] pid.c: Daemon already running.
May  1 21:57:33 aueiei-VirtualBox pulseaudio[1441]: [alsa-sink] alsa-sink.c: ALSA woke us up to write new data to the device, but there was actually nothing to write!
May  1 21:57:33 aueiei-VirtualBox pulseaudio[1441]: [alsa-sink] alsa-sink.c: Most likely this is a bug in the ALSA driver 'snd_intel8x0'. Please report this issue to the ALSA developers.
May  1 21:57:33 aueiei-VirtualBox pulseaudio[1441]: [alsa-sink] alsa-sink.c: We were woken up with POLLOUT set -- however a subsequent snd_pcm_avail() returned 0 or another value < min_avail.
May  1 21:57:39 aueiei-VirtualBox ntpdate[1178]: step time server 91.189.94.4 offset 2.340299 sec
May  1 21:57:48 aueiei-VirtualBox NetworkManager[803]: <info> (eth0): IP6 addrconf timed out or failed.
May  1 21:57:48 aueiei-VirtualBox NetworkManager[803]: <info> Activation (eth0) Stage 4 of 5 (IPv6 Configure Timeout) scheduled...
May  1 21:57:48 aueiei-VirtualBox NetworkManager[803]: <info> Activation (eth0) Stage 4 of 5 (IPv6 Configure Timeout) started...
May  1 21:57:48 aueiei-VirtualBox NetworkManager[803]: <info> Activation (eth0) Stage 4 of 5 (IPv6 Configure Timeout) complete.
May  1 21:58:03 aueiei-VirtualBox gnome-session[1591]: WARNING: Session 'ubuntu' runnable check failed: Exited with code 5
May  1 21:58:04 aueiei-VirtualBox dbus[581]: [system] Activating service name='org.freedesktop.ColorManager' (using servicehelper)
May  1 21:58:04 aueiei-VirtualBox rtkit-daemon[1443]: Successfully made thread 1669 of process 1669 (n/a) owned by '1000' high priority at nice level -11.
May  1 21:58:04 aueiei-VirtualBox rtkit-daemon[1443]: Supervising 4 threads of 2 processes of 2 users.
May  1 21:58:04 aueiei-VirtualBox dbus[581]: [system] Successfully activated service 'org.freedesktop.ColorManager'
May  1 21:58:04 aueiei-VirtualBox pulseaudio[1669]: [pulseaudio] alsa-util.c: Disabling timer-based scheduling because running inside a VM.
May  1 21:58:04 aueiei-VirtualBox rtkit-daemon[1443]: Successfully made thread 1672 of process 1669 (n/a) owned by '1000' RT at priority 5.
May  1 21:58:04 aueiei-VirtualBox rtkit-daemon[1443]: Supervising 5 threads of 2 processes of 2 users.
May  1 21:58:04 aueiei-VirtualBox pulseaudio[1669]: [pulseaudio] alsa-util.c: Disabling timer-based scheduling because running inside a VM.
May  1 21:58:04 aueiei-VirtualBox rtkit-daemon[1443]: Successfully made thread 1673 of process 1669 (n/a) owned by '1000' RT at priority 5.
May  1 21:58:04 aueiei-VirtualBox rtkit-daemon[1443]: Supervising 6 threads of 2 processes of 2 users.
May  1 21:58:04 aueiei-VirtualBox pulseaudio[1669]: [alsa-source] alsa-source.c: ALSA woke us up to read new data from the device, but there was actually nothing to read!
May  1 21:58:04 aueiei-VirtualBox pulseaudio[1669]: [alsa-source] alsa-source.c: Most likely this is a bug in the ALSA driver 'snd_intel8x0'. Please report this issue to the ALSA developers.
May  1 21:58:04 aueiei-VirtualBox pulseaudio[1669]: [alsa-source] alsa-source.c: We were woken up with POLLIN set -- however a subsequent snd_pcm_avail() returned 0 or another value < min_avail.
May  1 21:58:07 aueiei-VirtualBox dbus[581]: [system] Activating service name='org.freedesktop.UDisks' (using servicehelper)
May  1 21:58:07 aueiei-VirtualBox dbus[581]: [system] Successfully activated service 'org.freedesktop.UDisks'
May  1 21:58:21 aueiei-VirtualBox kernel: [   70.767638] audit_printk_skb: 126 callbacks suppressed
May  1 21:58:21 aueiei-VirtualBox kernel: [   70.767642] type=1400 audit(1462114701.839:69): apparmor="DENIED" operation="open" profile="/usr/lib/telepathy/mission-control-5" name="/usr/share/gvfs/remote-volume-monitors/" pid=1945 comm="mission-control" requested_mask="r" denied_mask="r" fsuid=1000 ouid=0
May  1 21:58:22 aueiei-VirtualBox goa[1949]: goa-daemon version 3.4.0 starting [main.c:112, main()]
May  1 21:58:24 aueiei-VirtualBox dbus[581]: [system] Failed to activate service 'org.freedesktop.Avahi': timed out
May  1 21:59:10 aueiei-VirtualBox dbus[581]: [system] Activating service name='com.ubuntu.SystemService' (using servicehelper)
May  1 21:59:11 aueiei-VirtualBox dbus[581]: [system] Successfully activated service 'com.ubuntu.SystemService'
May  1 21:59:11 aueiei-VirtualBox dbus[581]: [system] Activating service name='org.freedesktop.PackageKit' (using servicehelper)
May  1 21:59:12 aueiei-VirtualBox AptDaemon: INFO: Initializing daemon
May  1 21:59:12 aueiei-VirtualBox AptDaemon.PackageKit: INFO: Initializing PackageKit compat layer
May  1 21:59:12 aueiei-VirtualBox dbus[581]: [system] Successfully activated service 'org.freedesktop.PackageKit'
May  1 21:59:12 aueiei-VirtualBox AptDaemon.PackageKit: INFO: Initializing PackageKit transaction
May  1 21:59:12 aueiei-VirtualBox AptDaemon.Worker: INFO: Simulating trans: /org/debian/apt/transaction/fcb4b9cd0cbf4baa8ff7a82fa5803ce8
May  1 21:59:12 aueiei-VirtualBox AptDaemon.Worker: INFO: Processing transaction /org/debian/apt/transaction/fcb4b9cd0cbf4baa8ff7a82fa5803ce8
May  1 21:59:17 aueiei-VirtualBox AptDaemon.PackageKit: INFO: Get updates()
May  1 21:59:22 aueiei-VirtualBox AptDaemon.Worker: INFO: Finished transaction /org/debian/apt/transaction/fcb4b9cd0cbf4baa8ff7a82fa5803ce8
May  1 22:02:29 aueiei-VirtualBox anacron[916]: Job `cron.daily' started
May  1 22:02:29 aueiei-VirtualBox anacron[2038]: Updated timestamp for job `cron.daily' to 2016-05-01
May  1 22:05:13 aueiei-VirtualBox AptDaemon: INFO: Quitting due to inactivity
May  1 22:05:13 aueiei-VirtualBox AptDaemon: INFO: Quitting was requested
May  1 22:15:04 aueiei-VirtualBox pulseaudio[1669]: [alsa-sink] alsa-sink.c: ALSA woke us up to write new data to the device, but there was actually nothing to write!
May  1 22:15:04 aueiei-VirtualBox pulseaudio[1669]: [alsa-sink] alsa-sink.c: Most likely this is a bug in the ALSA driver 'snd_intel8x0'. Please report this issue to the ALSA developers.
May  1 22:15:04 aueiei-VirtualBox pulseaudio[1669]: [alsa-sink] alsa-sink.c: We were woken up with POLLOUT set -- however a subsequent snd_pcm_avail() returned 0 or another value < min_avail.
May  1 22:17:01 aueiei-VirtualBox CRON[2110]: (root) CMD (   cd / && run-parts --report /etc/cron.hourly)
